[    0.000000] Initializing cgroup subsys cpuset
[    0.000000] Initializing cgroup subsys cpu
[    0.000000] Initializing cgroup subsys cpuacct
[    0.000000] Linux version 3.10.0-693.11.6.el7.x86_64 (mockbuild@x86-041.build.eng.bos.redhat.com) (gcc version 4.8.5 20150623 (Red Hat 4.8.5-16) (GCC) ) #1 SMP Thu Dec 28 14:23:39 EST 2017
[    0.000000] Command line: BOOT_IMAGE=/boot/vmlinuz-3.10.0-693.11.6.el7.x86_64 root=UUID=3e11801e-5277-4d87-be4c-0a9a61fbc3da ro console=ttyS0,115200n8 console=tty0 net.ifnames=0 crashkernel=auto LANG=en_US.UTF-8
[    0.000000] e820: BIOS-provided physical RAM map:
[    0.000000] BIOS-e820: [mem 0x0000000000000000-0x000000000009dfff] usable
[    0.000000] BIOS-e820: [mem 0x000000000009e000-0x000000000009ffff] reserved
[    0.000000] BIOS-e820: [mem 0x00000000000e0000-0x00000000000fffff] reserved
[    0.000000] BIOS-e820: [mem 0x0000000000100000-0x00000000efffffff] usable
[    0.000000] BIOS-e820: [mem 0x00000000fc000000-0x00000000ffffffff] reserved
[    0.000000] BIOS-e820: [mem 0x0000000100000000-0x000000040fffffff] usable
[    0.000000] NX (Execute Disable) protection: active
[    0.000000] SMBIOS 2.7 present.
[    0.000000] DMI: Xen HVM domU, BIOS 4.2.amazon 08/24/2006
[    0.000000] Hypervisor detected: Xen HVM
[    0.000000] Xen version 4.2.
[    0.000000] Xen Platform PCI: I/O protocol version 1
[    0.000000] Netfront and the Xen platform PCI driver have been compiled for this kernel: unplug emulated NICs.
[    0.000000] Blkfront and the Xen platform PCI driver have been compiled for this kernel: unplug emulated disks.
               You might have to change the root device
               from /dev/hd[a-d] to /dev/xvd[a-d]
               in your root= kernel command line option
[    0.000000] HVMOP_pagetable_dying not supported
[    0.000000] e820: update [mem 0x00000000-0x00000fff] usable ==> reserved
[    0.000000] e820: remove [mem 0x000a0000-0x000fffff] usable
[    0.000000] e820: last_pfn = 0x410000 max_arch_pfn = 0x400000000
[    0.000000] MTRR default type: write-back
[    0.000000] MTRR fixed ranges enabled:
[    0.000000]   00000-9FFFF write-back
[    0.000000]   A0000-BFFFF write-combining
[    0.000000]   C0000-FFFFF write-back
[    0.000000] MTRR variable ranges enabled:
[    0.000000]   0 base 0000F0000000 mask 3FFFF8000000 uncachable
[    0.000000]   1 base 0000F8000000 mask 3FFFFC000000 uncachable
[    0.000000]   2 disabled
[    0.000000]   3 disabled
[    0.000000]   4 disabled
[    0.000000]   5 disabled
[    0.000000]   6 disabled
[    0.000000]   7 disabled
[    0.000000] x86 PAT enabled: cpu 0, old 0x7040600070406, new 0x7010600070106
[    0.000000] e820: last_pfn = 0xf0000 max_arch_pfn = 0x400000000
[    0.000000] found SMP MP-table at [mem 0x000fbc50-0x000fbc5f] mapped at [ffff8800000fbc50]
[    0.000000] Base memory trampoline at [ffff880000098000] 98000 size 24576
[    0.000000] Using GB pages for direct mapping
[    0.000000] BRK [0x01ffc000, 0x01ffcfff] PGTABLE
[    0.000000] BRK [0x01ffd000, 0x01ffdfff] PGTABLE
[    0.000000] BRK [0x01ffe000, 0x01ffefff] PGTABLE
[    0.000000] BRK [0x01fff000, 0x01ffffff] PGTABLE
[    0.000000] RAMDISK: [mem 0x33366000-0x359aafff]
[    0.000000] Early table checksum verification disabled
[    0.000000] ACPI: RSDP 00000000000ea020 00024 (v02    Xen)
[    0.000000] ACPI: XSDT 00000000fc00e2a0 00054 (v01    Xen      HVM 00000000 HVML 00000000)
[    0.000000] ACPI: FACP 00000000fc00df60 000F4 (v04    Xen      HVM 00000000 HVML 00000000)
[    0.000000] ACPI: DSDT 00000000fc0021c0 0BD19 (v02    Xen      HVM 00000000 INTL 20090123)
[    0.000000] ACPI: FACS 00000000fc002180 00040
[    0.000000] ACPI: APIC 00000000fc00e060 000D8 (v02    Xen      HVM 00000000 HVML 00000000)
[    0.000000] ACPI: HPET 00000000fc00e1b0 00038 (v01    Xen      HVM 00000000 HVML 00000000)
[    0.000000] ACPI: WAET 00000000fc00e1f0 00028 (v01    Xen      HVM 00000000 HVML 00000000)
[    0.000000] ACPI: SSDT 00000000fc00e220 00031 (v02    Xen      HVM 00000000 INTL 20090123)
[    0.000000] ACPI: SSDT 00000000fc00e260 00031 (v02    Xen      HVM 00000000 INTL 20090123)
[    0.000000] ACPI: Local APIC address 0xfee00000
[    0.000000] No NUMA configuration found
[    0.000000] Faking a node at [mem 0x0000000000000000-0x000000040fffffff]
[    0.000000] NODE_DATA(0) allocated [mem 0x40ffd8000-0x40fffefff]
[    0.000000] Reserving 161MB of memory at 656MB for crashkernel (System RAM: 16383MB)
[    0.000000] Zone ranges:
[    0.000000]   DMA      [mem 0x00001000-0x00ffffff]
[    0.000000]   DMA32    [mem 0x01000000-0xffffffff]
[    0.000000]   Normal   [mem 0x100000000-0x40fffffff]
[    0.000000] Movable zone start for each node
[    0.000000] Early memory node ranges
[    0.000000]   node   0: [mem 0x00001000-0x0009dfff]
[    0.000000]   node   0: [mem 0x00100000-0xefffffff]
[    0.000000]   node   0: [mem 0x100000000-0x40fffffff]
[    0.000000] Initmem setup node 0 [mem 0x00001000-0x40fffffff]
[    0.000000] On node 0 totalpages: 4194205
[    0.000000]   DMA zone: 64 pages used for memmap
[    0.000000]   DMA zone: 21 pages reserved
[    0.000000]   DMA zone: 3997 pages, LIFO batch:0
[    0.000000]   DMA32 zone: 15296 pages used for memmap
[    0.000000]   DMA32 zone: 978944 pages, LIFO batch:31
[    0.000000]   Normal zone: 50176 pages used for memmap
[    0.000000]   Normal zone: 3211264 pages, LIFO batch:31
[    0.000000] ACPI: PM-Timer IO Port: 0xb008
[    0.000000] ACPI: Local APIC address 0xfee00000
[    0.000000] ACPI: LAPIC (acpi_id[0x00] lapic_id[0x00] enabled)
[    0.000000] ACPI: LAPIC (acpi_id[0x01] lapic_id[0x02] enabled)
[    0.000000] ACPI: LAPIC (acpi_id[0x02] lapic_id[0x01] enabled)
[    0.000000] ACPI: LAPIC (acpi_id[0x03] lapic_id[0x03] enabled)
[    0.000000] ACPI: LAPIC (acpi_id[0x04] lapic_id[0x00] disabled)
[    0.000000] ACPI: LAPIC (acpi_id[0x05] lapic_id[0x00] disabled)
[    0.000000] ACPI: LAPIC (acpi_id[0x06] lapic_id[0x00] disabled)
[    0.000000] ACPI: LAPIC (acpi_id[0x07] lapic_id[0x00] disabled)
[    0.000000] ACPI: LAPIC (acpi_id[0x08] lapic_id[0x00] disabled)
[    0.000000] ACPI: LAPIC (acpi_id[0x09] lapic_id[0x00] disabled)
[    0.000000] ACPI: LAPIC (acpi_id[0x0a] lapic_id[0x00] disabled)
[    0.000000] ACPI: LAPIC (acpi_id[0x0b] lapic_id[0x00] disabled)
[    0.000000] ACPI: LAPIC (acpi_id[0x0c] lapic_id[0x00] disabled)
[    0.000000] ACPI: LAPIC (acpi_id[0x0d] lapic_id[0x00] disabled)
[    0.000000] ACPI: LAPIC (acpi_id[0x0e] lapic_id[0x00] disabled)
[    0.000000] ACPI: IOAPIC (id[0x01] address[0xfec00000] gsi_base[0])
[    0.000000] IOAPIC[0]: apic_id 1, version 17, address 0xfec00000, GSI 0-47
[    0.000000] ACPI: INT_SRC_OVR (bus 0 bus_irq 0 global_irq 2 dfl dfl)
[    0.000000] ACPI: INT_SRC_OVR (bus 0 bus_irq 5 global_irq 5 low level)
[    0.000000] ACPI: INT_SRC_OVR (bus 0 bus_irq 10 global_irq 10 low level)
[    0.000000] ACPI: INT_SRC_OVR (bus 0 bus_irq 11 global_irq 11 low level)
[    0.000000] ACPI: IRQ0 used by override.
[    0.000000] ACPI: IRQ5 used by override.
[    0.000000] ACPI: IRQ9 used by override.
[    0.000000] ACPI: IRQ10 used by override.
[    0.000000] ACPI: IRQ11 used by override.
[    0.000000] Using ACPI (MADT) for SMP configuration information
[    0.000000] ACPI: HPET id: 0x8086a201 base: 0xfed00000
[    0.000000] smpboot: Allowing 15 CPUs, 11 hotplug CPUs
[    0.000000] PM: Registered nosave memory: [mem 0x0009e000-0x0009ffff]
[    0.000000] PM: Registered nosave memory: [mem 0x000a0000-0x000dffff]
[    0.000000] PM: Registered nosave memory: [mem 0x000e0000-0x000fffff]
[    0.000000] PM: Registered nosave memory: [mem 0xf0000000-0xfbffffff]
[    0.000000] PM: Registered nosave memory: [mem 0xfc000000-0xffffffff]
[    0.000000] e820: [mem 0xf0000000-0xfbffffff] available for PCI devices
[    0.000000] Booting paravirtualized kernel on Xen HVM
[    0.000000] setup_percpu: NR_CPUS:5120 nr_cpumask_bits:15 nr_cpu_ids:15 nr_node_ids:1
[    0.000000] PERCPU: Embedded 35 pages/cpu @ffff8803ff200000 s104536 r8192 d30632 u262144
[    0.000000] pcpu-alloc: s104536 r8192 d30632 u262144 alloc=1*2097152
[    0.000000] pcpu-alloc: [0] 00 01 02 03 04 05 06 07 [0] 08 09 10 11 12 13 14 -- 
[    0.000000] PV qspinlock hash table entries: 256 (order: 0, 4096 bytes)
[    0.000000] Built 1 zonelists in Zone order, mobility grouping on.  Total pages: 4128648
[    0.000000] Policy zone: Normal
[    0.000000] Kernel command line: BOOT_IMAGE=/boot/vmlinuz-3.10.0-693.11.6.el7.x86_64 root=UUID=3e11801e-5277-4d87-be4c-0a9a61fbc3da ro console=ttyS0,115200n8 console=tty0 net.ifnames=0 crashkernel=auto LANG=en_US.UTF-8
[    0.000000] PID hash table entries: 4096 (order: 3, 32768 bytes)
[    0.000000] x86/fpu: xstate_offset[2]: 0240, xstate_sizes[2]: 0100
[    0.000000] xsave: enabled xstate_bv 0x7, cntxt size 0x340 using standard form
[    0.000000] Memory: 5742796k/17039360k available (6916k kernel code, 262540k absent, 551268k reserved, 4551k data, 1800k init)
[    0.000000] SLUB: HWalign=64, Order=0-3, MinObjects=0, CPUs=15, Nodes=1
[    0.000000] x86/pti: Unmapping kernel while in userspace
[    0.000000] Hierarchical RCU implementation.
[    0.000000] 	RCU restricting CPUs from NR_CPUS=5120 to nr_cpu_ids=15.
[    0.000000] NR_IRQS:327936 nr_irqs:952 0
[    0.000000] xen:events: Xen HVM callback vector for event delivery is enabled
[    0.000000] Console: colour VGA+ 80x25
[    0.000000] console [tty0] enabled
[    0.000000] Cannot get hvm parameter CONSOLE_EVTCHN (18): -22!
[    0.000000] console [ttyS0] enabled
[    0.000000] allocated 67108864 bytes of page_cgroup
[    0.000000] please try 'cgroup_disable=memory' option if you don't want memory cgroups
[    0.000000] hpet clockevent registered
[    0.000000] tsc: Fast TSC calibration using PIT
[    0.000000] tsc: Detected 2300.033 MHz processor
[    0.028000] Calibrating delay loop (skipped), value calculated using timer frequency.. 4600.08 BogoMIPS (lpj=2300040)
[    0.050002] pid_max: default: 32768 minimum: 301
[    0.066036] Security Framework initialized
[    0.079007] SELinux:  Initializing.
[    0.082013] SELinux:  Starting in permissive mode
[    0.082014] Yama: becoming mindful.
[    0.087330] Dentry cache hash table entries: 2097152 (order: 12, 16777216 bytes)
[    0.096659] Inode-cache hash table entries: 1048576 (order: 11, 8388608 bytes)
[    0.104280] Mount-cache hash table entries: 32768 (order: 6, 262144 bytes)
[    0.109018] Mountpoint-cache hash table entries: 32768 (order: 6, 262144 bytes)
[    0.116246] Initializing cgroup subsys memory
[    0.120008] Initializing cgroup subsys devices
[    0.124002] Initializing cgroup subsys freezer
[    0.128002] Initializing cgroup subsys net_cls
[    0.132003] Initializing cgroup subsys blkio
[    0.135002] Initializing cgroup subsys perf_event
[    0.139003] Initializing cgroup subsys hugetlb
[    0.143002] Initializing cgroup subsys pids
[    0.147002] Initializing cgroup subsys net_prio
[    0.151054] CPU: Physical Processor ID: 0
[    0.154002] CPU: Processor Core ID: 0
[    0.158012] FEATURE SPEC_CTRL Not Present
[    0.161002] FEATURE IBPB_SUPPORT Not Present
[    0.166332] mce: CPU supports 2 MCE banks
[    0.170022] Last level iTLB entries: 4KB 0, 2MB 0, 4MB 0
[    0.174002] Last level dTLB entries: 4KB 64, 2MB 0, 4MB 0
[    0.178002] tlb_flushall_shift: 6
[    0.182214] Freeing SMP alternatives: 24k freed
[    0.190951] ACPI: Core revision 20130517
[    0.198032] ACPI: All ACPI Tables successfully acquired
[    0.203004] ftrace: allocating 26616 entries in 104 pages
[    0.232072] smpboot: Max logical packages: 15
[    0.237617] IRQ remapping doesn't support X2APIC mode, disable x2apic.
[    0.243002] Switched APIC routing to physical flat.
[    0.249365] ..TIMER: vector=0x30 apic1=0 pin1=2 apic2=0 pin2=0
[    0.256000] random: fast init done
[    0.267329] smpboot: CPU0: Intel(R) Xeon(R) CPU E5-2686 v4 @ 2.30GHz (fam: 06, model: 4f, stepping: 01)
[    0.276008] Xen: using vcpuop timer interface
[    0.276013] installing Xen timer for CPU 0
[    0.283075] cpu 0 spinlock event irq 53
[    0.284012] Performance Events: unsupported p6 CPU model 79 no PMU driver, software events only.
[    0.288194] NMI watchdog: disabled (cpu0): hardware events not enabled
[    0.289004] NMI watchdog: Shutting down hard lockup detector on all cpus
[    0.290060] installing Xen timer for CPU 1
[    0.291059] smpboot: Booting Node   0, Processors  #1cpu 1 spinlock event irq 59
[    0.296085] installing Xen timer for CPU 2
[    0.297063]  #2cpu 2 spinlock event irq 65
[    0.301081] installing Xen timer for CPU 3
[    0.302053]  #3cpu 3 spinlock event irq 71
[    0.306021] Brought up 4 CPUs
[    0.307004] smpboot: Total of 4 processors activated (18400.32 BogoMIPS)
[    0.349605] node 0 initialised, 2620689 pages in 41ms
[    0.353074] devtmpfs: initialized
[    0.356953] EVM: security.selinux
[    0.357004] EVM: security.ima
[    0.358004] EVM: security.capability
[    0.359733] atomic64 test passed for x86-64 platform with CX8 and with SSE
[    0.360007] pinctrl core: initialized pinctrl subsystem
[    0.361047] RTC time: 19:54:24, date: 06/21/18
[    0.362100] NET: Registered protocol family 16
[    0.363160] ACPI: bus type PCI registered
[    0.370006] acpiphp: ACPI Hot Plug PCI Controller Driver version: 0.5
[    0.374297] PCI: Using configuration type 1 for base access
[    0.386089] ACPI: Added _OSI(Module Device)
[    0.393009] ACPI: Added _OSI(Processor Device)
[    0.399004] ACPI: Added _OSI(3.0 _SCP Extensions)
[    0.408004] ACPI: Added _OSI(Processor Aggregator Device)
[    0.423503] ACPI: EC: Look up EC in DSDT
[    0.426533] ACPI: Interpreter enabled
[    0.429015] ACPI: (supports S0 S3 S4 S5)
[    0.439004] ACPI: Using IOAPIC for interrupt routing
[    0.447021] PCI: Using host bridge windows from ACPI; if necessary, use "pci=nocrs" and report a bug
[    0.544195] ACPI: PCI Root Bridge [PCI0] (domain 0000 [bus 00-ff])
[    0.560010] acpi PNP0A03:00: _OSC: OS supports [ASPM ClockPM Segments MSI]
[    0.570009] acpi PNP0A03:00: _OSC failed (AE_NOT_FOUND); disabling ASPM
[    0.581095] acpi PNP0A03:00: fail to add MMCONFIG information, can't access extended PCI configuration space under this bridge.
[    0.597869] acpiphp: Slot [0] registered
[    0.606973] acpiphp: Slot [3] registered
[    0.614743] acpiphp: Slot [4] registered
[    0.622694] acpiphp: Slot [5] registered
[    0.629556] acpiphp: Slot [6] registered
[    0.633486] acpiphp: Slot [7] registered
[    0.637551] acpiphp: Slot [8] registered
[    0.643581] acpiphp: Slot [9] registered
[    0.650555] acpiphp: Slot [10] registered
[    0.654920] acpiphp: Slot [11] registered
[    0.664689] acpiphp: Slot [12] registered
[    0.672797] acpiphp: Slot [13] registered
[    0.680720] acpiphp: Slot [14] registered
[    0.687647] acpiphp: Slot [15] registered
[    0.694620] acpiphp: Slot [16] registered
[    0.701685] acpiphp: Slot [17] registered
[    0.709661] acpiphp: Slot [18] registered
[    0.716652] acpiphp: Slot [19] registered
[    0.723644] acpiphp: Slot [20] registered
[    0.730692] acpiphp: Slot [21] registered
[    0.738735] acpiphp: Slot [22] registered
[    0.747700] acpiphp: Slot [23] registered
[    0.754735] acpiphp: Slot [24] registered
[    0.763774] acpiphp: Slot [25] registered
[    0.770735] acpiphp: Slot [26] registered
[    0.778620] acpiphp: Slot [27] registered
[    0.784405] acpiphp: Slot [28] registered
[    0.791700] acpiphp: Slot [29] registered
[    0.798681] acpiphp: Slot [30] registered
[    0.806690] acpiphp: Slot [31] registered
[    0.810600] PCI host bridge to bus 0000:00
[    0.815006] pci_bus 0000:00: root bus resource [bus 00-ff]
[    0.827005] pci_bus 0000:00: root bus resource [io  0x0000-0x0cf7 window]
[    0.838005] pci_bus 0000:00: root bus resource [io  0x0d00-0xffff window]
[    0.849005] pci_bus 0000:00: root bus resource [mem 0x000a0000-0x000bffff window]
[    0.861006] pci_bus 0000:00: root bus resource [mem 0xf0000000-0xfbffffff window]
[    0.873338] pci 0000:00:00.0: [8086:1237] type 00 class 0x060000
[    0.876241] pci 0000:00:01.0: [8086:7000] type 00 class 0x060100
[    0.879138] pci 0000:00:01.1: [8086:7010] type 00 class 0x010180
[    0.880554] pci 0000:00:01.1: reg 0x20: [io  0xc100-0xc10f]
[    0.881227] pci 0000:00:01.1: legacy IDE quirk: reg 0x10: [io  0x01f0-0x01f7]
[    0.889005] pci 0000:00:01.1: legacy IDE quirk: reg 0x14: [io  0x03f6]
[    0.894004] pci 0000:00:01.1: legacy IDE quirk: reg 0x18: [io  0x0170-0x0177]
[    0.900004] pci 0000:00:01.1: legacy IDE quirk: reg 0x1c: [io  0x0376]
[    0.905761] pci 0000:00:01.3: [8086:7113] type 00 class 0x068000
[    0.905810] * Found PM-Timer Bug on the chipset. Due to workarounds for a bug,
               * this clock source is slow. Consider trying other clock sources
[    0.919591] pci 0000:00:01.3: quirk: [io  0xb000-0xb03f] claimed by PIIX4 ACPI
[    0.927004] pci 0000:00:02.0: [1013:00b8] type 00 class 0x030000
[    0.927361] pci 0000:00:02.0: reg 0x10: [mem 0xf0000000-0xf1ffffff pref]
[    0.927699] pci 0000:00:02.0: reg 0x14: [mem 0xf3008000-0xf3008fff]
[    0.930000] pci 0000:00:03.0: [8086:10ed] type 00 class 0x020000
[    0.930638] pci 0000:00:03.0: reg 0x10: [mem 0xf3000000-0xf3003fff 64bit pref]
[    0.931462] pci 0000:00:03.0: reg 0x1c: [mem 0xf3004000-0xf3007fff 64bit pref]
[    0.934590] pci 0000:00:1f.0: [5853:0001] type 00 class 0xff8000
[    0.935004] pci 0000:00:1f.0: reg 0x10: [io  0xc000-0xc0ff]
[    0.935302] pci 0000:00:1f.0: reg 0x14: [mem 0xf2000000-0xf2ffffff pref]
[    0.937559] ACPI: PCI Interrupt Link [LNKA] (IRQs *5 10 11)
[    0.945231] ACPI: PCI Interrupt Link [LNKB] (IRQs 5 *10 11)
[    0.968232] ACPI: PCI Interrupt Link [LNKC] (IRQs 5 10 *11)
[    0.976245] ACPI: PCI Interrupt Link [LNKD] (IRQs *5 10 11)
[    1.003673] ACPI: Enabled 2 GPEs in block 00 to 0F
[    1.009076] xen:balloon: Initialising balloon driver
[    1.015022] xen_balloon: Initialising balloon driver
[    1.022114] vgaarb: device added: PCI:0000:00:02.0,decodes=io+mem,owns=io+mem,locks=none
[    1.032004] vgaarb: loaded
[    1.036004] vgaarb: bridge control possible 0000:00:02.0
[    1.043099] SCSI subsystem initialized
[    1.048030] ACPI: bus type USB registered
[    1.053016] usbcore: registered new interface driver usbfs
[    1.060009] usbcore: registered new interface driver hub
[    1.067044] usbcore: registered new device driver usb
[    1.073056] PCI: Using ACPI for IRQ routing
[    1.074005] PCI: pci_cache_line_size set to 64 bytes
[    1.074959] e820: reserve RAM buffer [mem 0x0009e000-0x0009ffff]
[    1.075027] NetLabel: Initializing
[    1.076004] NetLabel:  domain hash size = 128
[    1.077003] NetLabel:  protocols = UNLABELED CIPSOv4
[    1.078014] NetLabel:  unlabeled traffic allowed by default
[    1.079041] HPET: 3 timers in total, 0 timers will be used for per-cpu timer
[    1.080014] hpet0: at MMIO 0xfed00000, IRQs 2, 8, 0
[    1.089004] hpet0: 3 comparators, 64-bit 62.500000 MHz counter
[    1.098013] amd_nb: Cannot enumerate AMD northbridges
[    1.104034] Switched to clocksource xen
[    1.113586] pnp: PnP ACPI init
[    1.118292] ACPI: bus type PNP registered
[    1.124229] system 00:00: [mem 0x00000000-0x0009ffff] could not be reserved
[    1.133339] system 00:00: Plug and Play ACPI device, IDs PNP0c02 (active)
[    1.133398] system 00:01: [io  0x08a0-0x08a3] has been reserved
[    1.140964] system 00:01: [io  0x0cc0-0x0ccf] has been reserved
[    1.147930] system 00:01: [io  0x04d0-0x04d1] has been reserved
[    1.155555] system 00:01: Plug and Play ACPI device, IDs PNP0c02 (active)
[    1.155577] xen: --> pirq=16 -> irq=8 (gsi=8)
[    1.155591] pnp 00:02: Plug and Play ACPI device, IDs PNP0b00 (active)
[    1.155608] xen: --> pirq=17 -> irq=12 (gsi=12)
[    1.155617] pnp 00:03: Plug and Play ACPI device, IDs PNP0f13 (active)
[    1.155633] xen: --> pirq=18 -> irq=1 (gsi=1)
[    1.155646] pnp 00:04: Plug and Play ACPI device, IDs PNP0303 PNP030b (active)
[    1.155659] xen: --> pirq=19 -> irq=6 (gsi=6)
[    1.155661] pnp 00:05: [dma 2]
[    1.155670] pnp 00:05: Plug and Play ACPI device, IDs PNP0700 (active)
[    1.155688] xen: --> pirq=20 -> irq=4 (gsi=4)
[    1.155699] pnp 00:06: Plug and Play ACPI device, IDs PNP0501 (active)
[    1.155728] system 00:07: [io  0x10c0-0x1141] has been reserved
[    1.163524] system 00:07: [io  0xb044-0xb047] has been reserved
[    1.171226] system 00:07: Plug and Play ACPI device, IDs PNP0c02 (active)
[    1.199065] pnp: PnP ACPI: found 8 devices
[    1.204580] ACPI: bus type PNP unregistered
[    1.217121] pci_bus 0000:00: resource 4 [io  0x0000-0x0cf7 window]
[    1.217123] pci_bus 0000:00: resource 5 [io  0x0d00-0xffff window]
[    1.217124] pci_bus 0000:00: resource 6 [mem 0x000a0000-0x000bffff window]
[    1.217126] pci_bus 0000:00: resource 7 [mem 0xf0000000-0xfbffffff window]
[    1.217155] NET: Registered protocol family 2
[    1.223547] TCP established hash table entries: 131072 (order: 8, 1048576 bytes)
[    1.234081] TCP bind hash table entries: 65536 (order: 8, 1048576 bytes)
[    1.242394] TCP: Hash tables configured (established 131072 bind 65536)
[    1.250266] TCP: reno registered
[    1.255106] UDP hash table entries: 8192 (order: 6, 262144 bytes)
[    1.263135] UDP-Lite hash table entries: 8192 (order: 6, 262144 bytes)
[    1.271701] NET: Registered protocol family 1
[    1.277883] pci 0000:00:00.0: Limiting direct PCI/PCI transfers
[    1.285610] pci 0000:00:01.0: PIIX3: Enabling Passive Release
[    1.292918] pci 0000:00:01.0: Activating ISA DMA hang workarounds
[    1.300854] pci 0000:00:02.0: Boot video device
[    1.301062] PCI: CLS 0 bytes, default 64
[    1.301093] Unpacking initramfs...
[    1.682271] Freeing initrd memory: 39188k freed
[    1.697357] PCI-DMA: Using software bounce buffering for IO (SWIOTLB)
[    1.705875] software IO TLB [mem 0xec000000-0xf0000000] (64MB) mapped at [ffff8800ec000000-ffff8800efffffff]
[    1.718479] RAPL PMU: API unit is 2^-32 Joules, 4 fixed counters, 655360 ms ovfl timer
[    1.729082] RAPL PMU: hw unit of domain pp0-core 2^-14 Joules
[    1.738833] RAPL PMU: hw unit of domain package 2^-14 Joules
[    1.746579] RAPL PMU: hw unit of domain dram 2^-14 Joules
[    1.753802] RAPL PMU: hw unit of domain pp1-gpu 2^-14 Joules
[    1.761981] sha1_ssse3: Using AVX optimized SHA-1 implementation
[    1.773351] sha256_ssse3: Using AVX2 optimized SHA-256 implementation
[    1.782268] futex hash table entries: 4096 (order: 6, 262144 bytes)
[    1.790677] Initialise system trusted keyring
[    1.803542] audit: initializing netlink socket (disabled)
[    1.809237] type=2000 audit(1529610866.207:1): initialized
[    1.835368] HugeTLB registered 1 GB page size, pre-allocated 0 pages
[    1.841576] HugeTLB registered 2 MB page size, pre-allocated 0 pages
[    1.848529] zpool: loaded
[    1.851883] zbud: loaded
[    1.855228] VFS: Disk quotas dquot_6.5.2
[    1.859496] Dquot-cache hash table entries: 512 (order 0, 4096 bytes)
[    1.865565] msgmni has been set to 31767
[    1.869763] Key type big_key registered
[    1.873803] SELinux:  Registering netfilter hooks
[    1.874981] NET: Registered protocol family 38
[    1.879426] Key type asymmetric registered
[    1.883615] Asymmetric key parser 'x509' registered
[    1.888231] Block layer SCSI generic (bsg) driver version 0.4 loaded (major 250)
[    1.895263] io scheduler noop registered
[    1.899141] io scheduler deadline registered (default)
[    1.903873] io scheduler cfq registered
[    1.907845] pci_hotplug: PCI Hot Plug PCI Core version: 0.5
[    1.913026] pciehp: PCI Express Hot Plug Controller Driver version: 0.4
[    1.918891] intel_idle: does not run on family 6 model 79
[    1.918966] input: Power Button as /devices/LNXSYSTM:00/LNXPWRBN:00/input/input0
[    1.925892] ACPI: Power Button [PWRF]
[    1.929619] input: Sleep Button as /devices/LNXSYSTM:00/LNXSLPBN:00/input/input1
[    1.936702] ACPI: Sleep Button [SLPF]
[    1.940676] GHES: HEST is not enabled!
[    1.944908] xen: --> pirq=21 -> irq=47 (gsi=47)
[    1.945000] xen:grant_table: Grant tables using version 1 layout
[    1.950423] Grant table initialized
[    1.954148] Cannot get hvm parameter CONSOLE_EVTCHN (18): -22!
[    1.959498] Serial: 8250/16550 driver, 4 ports, IRQ sharing enabled
[    1.994826] 00:06: ttyS0 at I/O 0x3f8 (irq = 4) is a 16550A
[    2.005744] Non-volatile memory driver v1.3
[    2.013300] Linux agpgart interface v0.103
[    2.021089] crash memory driver: version 1.1
[    2.029346] rdac: device handler registered
[    2.037598] hp_sw: device handler registered
[    2.045523] emc: device handler registered
[    2.052568] alua: device handler registered
[    2.056184] libphy: Fixed MDIO Bus: probed
[    2.060532] ehci_hcd: USB 2.0 'Enhanced' Host Controller (EHCI) Driver
[    2.066562] ehci-pci: EHCI PCI platform driver
[    2.071218] ohci_hcd: USB 1.1 'Open' Host Controller (OHCI) Driver
[    2.077210] ohci-pci: OHCI PCI platform driver
[    2.081725] uhci_hcd: USB Universal Host Controller Interface driver
[    2.087362] usbcore: registered new interface driver usbserial
[    2.092718] usbcore: registered new interface driver usbserial_generic
[    2.098668] usbserial: USB Serial support registered for generic
[    2.103967] i8042: PNP: PS/2 Controller [PNP0303:PS2K,PNP0f13:PS2M] at 0x60,0x64 irq 1,12
[    2.113526] serio: i8042 KBD port at 0x60,0x64 irq 1
[    2.118276] serio: i8042 AUX port at 0x60,0x64 irq 12
[    2.123027] mousedev: PS/2 mouse device common for all mice
[    2.129146] input: AT Translated Set 2 keyboard as /devices/platform/i8042/serio0/input/input2
[    2.129257] rtc_cmos 00:02: rtc core: registered rtc_cmos as rtc0
[    2.129309] rtc_cmos 00:02: alarms up to one day, 114 bytes nvram, hpet irqs
[    2.129340] cpuidle: using governor menu
[    2.129391] hidraw: raw HID events driver (C) Jiri Kosina
[    2.129460] usbcore: registered new interface driver usbhid
[    2.129460] usbhid: USB HID core driver
[    2.129501] drop_monitor: Initializing network drop monitor service
[    2.129572] TCP: cubic registered
[    2.129575] Initializing XFRM netlink socket
[    2.129654] NET: Registered protocol family 10
[    2.129879] NET: Registered protocol family 17
[    2.137251] microcode: CPU0 sig=0x406f1, pf=0x1, revision=0xb00002a
[    2.137266] microcode: CPU1 sig=0x406f1, pf=0x1, revision=0xb00002a
[    2.137283] microcode: CPU2 sig=0x406f1, pf=0x1, revision=0xb00002a
[    2.137287] microcode: CPU3 sig=0x406f1, pf=0x1, revision=0xb00002a
[    2.137342] microcode: Microcode Update Driver: v2.01 <tigran@aivazian.fsnet.co.uk>, Peter Oruba
[    2.137462] PM: Hibernation image not present or could not be loaded.
[    2.137465] Loading compiled-in X.509 certificates
[    2.137871] Loaded X.509 cert 'Red Hat Enterprise Linux Driver Update Program (key 3): bf57f3e87362bc7229d9f465321773dfd1f77a80'
[    2.138278] Loaded X.509 cert 'Red Hat Enterprise Linux kpatch signing key: 4d38fd864ebe18c5f0b72e3852e2014c3a676fc8'
[    2.138674] Loaded X.509 cert 'Red Hat Enterprise Linux kernel signing key: 5fd8ebcfc4c5203c3cb7905219fb669d5f4be3ff'
[    2.138688] registered taskstats version 1
[    2.140500] Key type trusted registered
[    2.141997] Key type encrypted registered
[    2.143503] IMA: No TPM chip found, activating TPM-bypass!
[    2.143894] xenbus_probe_frontend: Device with no driver: device/vbd/768
[    2.143895] xenbus_probe_frontend: Device with no driver: device/vbd/51728
[    2.143895] xenbus_probe_frontend: Device with no driver: device/pci/0
[    2.143974]   Magic number: 6:485:951
[    2.143984] tty tty8: hash matches
[    2.144039] memory memory4: hash matches
[    2.149187] rtc_cmos 00:02: setting system clock to 2018-06-21 19:54:26 UTC (1529610866)
[    2.319116] Freeing unused kernel memory: 1800k freed
[    2.328630] systemd[1]: systemd 219 running in system mode. (+PAM +AUDIT +SELINUX +IMA -APPARMOR +SMACK +SYSVINIT +UTMP +LIBCRYPTSETUP +GCRYPT +GNUTLS +ACL +XZ -LZ4 -SECCOMP +BLKID +ELFUTILS +KMOD +IDN)
[    2.348527] systemd[1]: Detected virtualization xen.
[    2.355009] systemd[1]: Detected architecture x86-64.
[    2.360837] systemd[1]: Running in initial RAM disk.
[    2.375046] systemd[1]: No hostname configured.
[    2.381012] systemd[1]: Set hostname to <localhost>.
[    2.387551] systemd[1]: Initializing machine ID from random generator.
[    2.427794] systemd[1]: Reached target Local File Systems.
[    2.434828] systemd[1]: Starting Local File Systems.
[    2.447216] systemd[1]: Created slice Root Slice.
[    2.453635] systemd[1]: Starting Root Slice.
[    2.464787] systemd[1]: Created slice System Slice.
[    2.471202] systemd[1]: Starting System Slice.
[    2.482576] systemd[1]: Reached target Slices.
[    2.488555] systemd[1]: Starting Slices.
[    2.499616] systemd[1]: Listening on udev Control Socket.
[    2.522910] systemd[1]: Starting udev Control Socket.
[    2.535142] systemd[1]: Listening on udev Kernel Socket.
[    2.542020] systemd[1]: Starting udev Kernel Socket.
[    2.553923] systemd[1]: Reached target Swap.
[    2.559702] systemd[1]: Starting Swap.
[    2.569398] systemd[1]: Listening on Journal Socket.
[    2.575836] systemd[1]: Starting Journal Socket.
[    2.582487] systemd[1]: Starting Create list of required static device nodes for the current kernel...
[    2.598723] systemd[1]: Starting Journal Service...
[    2.614546] systemd[1]: Reached target Sockets.
[    2.620629] systemd[1]: Starting Sockets.
[    2.626686] systemd[1]: Starting dracut cmdline hook...
[    2.642681] systemd[1]: Reached target Timers.
[    2.648674] systemd[1]: Starting Timers.
[    2.654250] systemd[1]: Started Dispatch Password Requests to Console Directory Watch.
[    2.664599] systemd[1]: Starting Dispatch Password Requests to Console Directory Watch.
[    2.680318] systemd[1]: Reached target Paths.
[    2.686129] systemd[1]: Starting Paths.
[    2.691863] systemd[1]: Starting Apply Kernel Variables...
[    2.709180] systemd[1]: Started Journal Service.
[    2.765121] tsc: Refined TSC clocksource calibration: 2300.000 MHz
[    2.833020] FDC 0 is a S82078B
[    2.848384] ixgbevf: Intel(R) 10 Gigabit PCI Express Virtual Function Network Driver - version 3.2.2-k-rh7.4
[    2.862129] ixgbevf: Copyright (c) 2009 - 2015 Intel Corporation.
[    2.880390] libata version 3.00 loaded.
[    2.890418] ixgbevf 0000:00:03.0: 0a:c0:9c:89:0e:8e
[    2.896973] ixgbevf 0000:00:03.0: MAC: 1
[    2.901351] ixgbevf 0000:00:03.0: Intel(R) 82599 Virtual Function
[    2.907415] ata_piix 0000:00:01.1: version 2.13
[    2.908429] blkfront: xvda: flush diskcache: enabled; persistent grants: disabled; indirect descriptors: enabled;
[    2.909478] scsi host0: ata_piix
[    2.909587] scsi host1: ata_piix
[    2.909630] ata1: PATA max MWDMA2 cmd 0x1f0 ctl 0x3f6 bmdma 0xc100 irq 14
[    2.909631] ata2: PATA max MWDMA2 cmd 0x170 ctl 0x376 bmdma 0xc108 irq 15
[    2.941686]  xvda: xvda1 xvda2
[    2.950220] blkfront: xvdb: flush diskcache: enabled; persistent grants: disabled; indirect descriptors: enabled;
[    3.000126] input: ImExPS/2 Generic Explorer Mouse as /devices/platform/i8042/serio1/input/input3
[    3.139641] SGI XFS with ACLs, security attributes, no debug enabled
[    3.149436] XFS (xvda2): Mounting V5 Filesystem
[    3.167428] random: crng init done
[    3.780161] XFS (xvda2): Ending clean mount
[    4.174167] systemd-journald[108]: Received SIGTERM from PID 1 (systemd).
[    4.209718] type=1404 audit(1529610868.564:2): enforcing=1 old_enforcing=0 auid=4294967295 ses=4294967295
[    4.331635] SELinux: 2048 avtab hash slots, 106006 rules.
[    4.378747] SELinux: 2048 avtab hash slots, 106006 rules.
[    4.403679] SELinux:  8 users, 14 roles, 4998 types, 307 bools, 1 sens, 1024 cats
[    4.403681] SELinux:  94 classes, 106006 rules
[    4.406687] SELinux:  Completing initialization.
[    4.406689] SELinux:  Setting up existing superblocks.
[    4.414734] type=1403 audit(1529610868.769:3): policy loaded auid=4294967295 ses=4294967295
[    4.426703] systemd[1]: Successfully loaded SELinux policy in 216.842ms.
[    4.454750] ip_tables: (C) 2000-2006 Netfilter Core Team
[    4.460389] systemd[1]: Inserted module 'ip_tables'
[    4.478647] systemd[1]: Relabelled /dev and /run in 11.930ms.
[    4.676414] xen_netfront: Initialising Xen virtual ethernet driver
[    4.988043] systemd-journald[344]: Received request to flush runtime journal from PID 1
[    5.079939] type=1305 audit(1529610869.434:4): audit_pid=415 old=0 auid=4294967295 ses=4294967295 subj=system_u:system_r:auditd_t:s0 res=1
[    5.313534] input: PC Speaker as /devices/platform/pcspkr/input/input4
[    5.334254] piix4_smbus 0000:00:01.3: SMBus base address uninitialized - upgrade BIOS or use force_addr=0xaddr
[    5.360236] AES CTR mode by8 optimization enabled
[    5.375147] ppdev: user-space parallel port driver
[    5.381856] alg: No test for __gcm-aes-aesni (__driver-gcm-aes-aesni)
[    5.391653] [drm] Initialized
[    5.412923] alg: No test for crc32 (crc32-pclmul)
[    5.418997] intel_rapl: Found RAPL domain package
[    5.419009] intel_rapl: Found RAPL domain dram
[    5.419010] intel_rapl: DRAM domain energy unit 15300pj
[    5.425815] EDAC MC: Ver: 3.0.0
[    5.434161] EDAC sbridge: Seeking for: PCI ID 8086:6fa0
[    5.434163] EDAC sbridge:  Ver: 1.1.1 
[    5.436370] [TTM] Zone  kernel: Available graphics memory: 8133282 kiB
[    5.436371] [TTM] Zone   dma32: Available graphics memory: 2097152 kiB
[    5.436371] [TTM] Initializing pool allocator
[    5.436375] [TTM] Initializing DMA pool allocator
[    5.436988] [drm] fb mappable at 0xF0000000
[    5.436989] [drm] vram aper at 0xF0000000
[    5.436990] [drm] size 33554432
[    5.436990] [drm] fb depth is 24
[    5.436991] [drm]    pitch is 3072
[    5.490488] fbcon: cirrusdrmfb (fb0) is primary device
[    5.563851] Console: switching to colour frame buffer device 128x48
[    5.638485] cirrus 0000:00:02.0: fb0: cirrusdrmfb frame buffer device
[    5.665615] [drm] Initialized cirrus 1.0.0 20110418 for 0000:00:02.0 on minor 0
[    5.778392] ISOFS: Unable to identify CD-ROM format.
[    5.809725] ISOFS: Unable to identify CD-ROM format.
[    6.026757] IPv6: ADDRCONF(NETDEV_UP): eth0: link is not ready
[    6.044772] ixgbevf 0000:00:03.0: NIC Link is Up 10 Gbps
[    6.047833] IPv6: ADDRCONF(NETDEV_UP): eth0: link is not ready
[    6.054628] IPv6: ADDRCONF(NETDEV_UP): eth0: link is not ready
[    6.062277] IPv6: ADDRCONF(NETDEV_CHANGE): eth0: link becomes ready
[    6.878854] ISOFS: Unable to identify CD-ROM format.
[    6.913952] ISOFS: Unable to identify CD-ROM format.
[ 1202.179895] XFS (xvdb): Mounting V5 Filesystem
[ 1202.200782] XFS (xvdb): Ending clean mount
[ 1252.629821] SELinux: 2048 avtab hash slots, 106465 rules.
[ 1252.675861] SELinux: 2048 avtab hash slots, 106465 rules.
[ 1252.700155] SELinux:  8 users, 14 roles, 5009 types, 310 bools, 1 sens, 1024 cats
[ 1252.700158] SELinux:  97 classes, 106465 rules
[ 1274.721347] SELinux: 2048 avtab hash slots, 106775 rules.
[ 1274.770062] SELinux: 2048 avtab hash slots, 106775 rules.
[ 1274.796320] SELinux:  8 users, 14 roles, 5011 types, 311 bools, 1 sens, 1024 cats
[ 1274.796323] SELinux:  97 classes, 106775 rules
[ 1286.689049] TECH PREVIEW: Overlay filesystem may not be fully supported.
               Please review provided documentation for limitations.
[ 1286.750616] bridge: filtering via arp/ip/ip6tables is no longer available by default. Update your scripts to load br_netfilter if you need this.
[ 1286.761671] Bridge firewalling registered
[ 1286.776684] nf_conntrack version 0.5.0 (65536 buckets, 262144 max)
[ 1286.928628] Netfilter messages via NETLINK v0.30.
[ 1286.935039] ctnetlink v0.93: registering with nfnetlink.
[ 1286.972049] IPv6: ADDRCONF(NETDEV_UP): docker0: link is not ready
[ 1400.589254] br0: port 1(vxlan0) entered blocking state
[ 1400.594137] br0: port 1(vxlan0) entered disabled state
[ 1400.598946] device vxlan0 entered promiscuous mode
[ 1400.603719] br0: port 1(vxlan0) entered blocking state
[ 1400.608503] br0: port 1(vxlan0) entered forwarding state
[ 1400.691218] br0: port 2(veth0) entered blocking state
[ 1400.696469] br0: port 2(veth0) entered disabled state
[ 1400.700346] device veth0 entered promiscuous mode
[ 1400.702915] IPv6: ADDRCONF(NETDEV_UP): veth0: link is not ready
[ 1400.705954] br0: port 2(veth0) entered blocking state
[ 1400.708575] br0: port 2(veth0) entered forwarding state
[ 1400.778948] IPv6: ADDRCONF(NETDEV_CHANGE): veth0: link becomes ready
[ 1400.864674] IPv6: ADDRCONF(NETDEV_UP): docker_gwbridge: link is not ready
[ 1400.918818] docker_gwbridge: port 1(veth94a2bcd) entered blocking state
[ 1400.924522] docker_gwbridge: port 1(veth94a2bcd) entered disabled state
[ 1400.930175] device veth94a2bcd entered promiscuous mode
[ 1400.934674] IPv6: ADDRCONF(NETDEV_UP): veth94a2bcd: link is not ready
[ 1400.939804] docker_gwbridge: port 1(veth94a2bcd) entered blocking state
[ 1400.945424] docker_gwbridge: port 1(veth94a2bcd) entered forwarding state
[ 1400.951778] IPv6: ADDRCONF(NETDEV_CHANGE): docker_gwbridge: link becomes ready
[ 1400.958078] docker_gwbridge: port 1(veth94a2bcd) entered disabled state
[ 1400.983599] IPv6: ADDRCONF(NETDEV_CHANGE): veth94a2bcd: link becomes ready
[ 1400.988995] docker_gwbridge: port 1(veth94a2bcd) entered blocking state
[ 1400.993198] docker_gwbridge: port 1(veth94a2bcd) entered forwarding state
[ 1401.442278] docker0: port 1(veth9381ec8) entered blocking state
[ 1401.446412] docker0: port 1(veth9381ec8) entered disabled state
[ 1401.450528] device veth9381ec8 entered promiscuous mode
[ 1401.454314] IPv6: ADDRCONF(NETDEV_UP): veth9381ec8: link is not ready
[ 1401.458116] docker0: port 1(veth9381ec8) entered blocking state
[ 1401.461502] docker0: port 1(veth9381ec8) entered forwarding state
[ 1401.466439] docker0: port 1(veth9381ec8) entered disabled state
[ 1401.569645] IPv6: ADDRCONF(NETDEV_CHANGE): veth9381ec8: link becomes ready
[ 1401.574345] docker0: port 1(veth9381ec8) entered blocking state
[ 1401.580113] docker0: port 1(veth9381ec8) entered forwarding state
[ 1401.586126] IPv6: ADDRCONF(NETDEV_CHANGE): docker0: link becomes ready
[ 1412.425038] docker0: port 2(vethafb8dd3) entered blocking state
[ 1412.430432] docker0: port 2(vethafb8dd3) entered disabled state
[ 1412.435927] device vethafb8dd3 entered promiscuous mode
[ 1412.440967] IPv6: ADDRCONF(NETDEV_UP): vethafb8dd3: link is not ready
[ 1412.447256] docker0: port 2(vethafb8dd3) entered blocking state
[ 1412.453086] docker0: port 2(vethafb8dd3) entered forwarding state
[ 1412.459276] docker0: port 2(vethafb8dd3) entered disabled state
[ 1412.484448] docker0: port 3(vethfabb34e) entered blocking state
[ 1412.489664] docker0: port 3(vethfabb34e) entered disabled state
[ 1412.495437] device vethfabb34e entered promiscuous mode
[ 1412.500144] IPv6: ADDRCONF(NETDEV_UP): vethfabb34e: link is not ready
[ 1412.507118] docker0: port 3(vethfabb34e) entered blocking state
[ 1412.513768] docker0: port 3(vethfabb34e) entered forwarding state
[ 1412.534336] docker0: port 4(veth603314c) entered blocking state
[ 1412.538791] docker0: port 4(veth603314c) entered disabled state
[ 1412.543940] device veth603314c entered promiscuous mode
[ 1412.548750] IPv6: ADDRCONF(NETDEV_UP): veth603314c: link is not ready
[ 1412.554558] docker0: port 4(veth603314c) entered blocking state
[ 1412.558822] docker0: port 4(veth603314c) entered forwarding state
[ 1412.730121] docker0: port 3(vethfabb34e) entered disabled state
[ 1412.747026] docker0: port 4(veth603314c) entered disabled state
[ 1412.755936] IPv6: ADDRCONF(NETDEV_CHANGE): vethafb8dd3: link becomes ready
[ 1412.764464] docker0: port 2(vethafb8dd3) entered blocking state
[ 1412.771984] docker0: port 2(vethafb8dd3) entered forwarding state
[ 1412.813909] IPv6: ADDRCONF(NETDEV_CHANGE): vethfabb34e: link becomes ready
[ 1412.819012] docker0: port 3(vethfabb34e) entered blocking state
[ 1412.823364] docker0: port 3(vethfabb34e) entered forwarding state
[ 1412.828350] IPv6: ADDRCONF(NETDEV_CHANGE): veth603314c: link becomes ready
[ 1412.833463] docker0: port 4(veth603314c) entered blocking state
[ 1412.837783] docker0: port 4(veth603314c) entered forwarding state
[ 1413.437008] docker0: port 2(vethafb8dd3) entered disabled state
[ 1413.445341] docker0: port 2(vethafb8dd3) entered disabled state
[ 1413.453248] device vethafb8dd3 left promiscuous mode
[ 1413.457883] docker0: port 2(vethafb8dd3) entered disabled state
[ 1413.594578] docker0: port 4(veth603314c) entered disabled state
[ 1413.618425] docker0: port 3(vethfabb34e) entered disabled state
[ 1413.623456] docker0: port 4(veth603314c) entered disabled state
[ 1413.633321] device veth603314c left promiscuous mode
[ 1413.637634] docker0: port 4(veth603314c) entered disabled state
[ 1413.655434] docker0: port 3(vethfabb34e) entered disabled state
[ 1413.664209] device vethfabb34e left promiscuous mode
[ 1413.668521] docker0: port 3(vethfabb34e) entered disabled state
[ 1414.096151] docker0: port 2(veth8d22501) entered blocking state
[ 1414.100649] docker0: port 2(veth8d22501) entered disabled state
[ 1414.105991] device veth8d22501 entered promiscuous mode
[ 1414.111014] IPv6: ADDRCONF(NETDEV_UP): veth8d22501: link is not ready
[ 1414.116943] docker0: port 2(veth8d22501) entered blocking state
[ 1414.122603] docker0: port 2(veth8d22501) entered forwarding state
[ 1414.241608] IPv6: ADDRCONF(NETDEV_CHANGE): veth8d22501: link becomes ready
[ 1414.519333] docker0: port 3(veth5b3123f) entered blocking state
[ 1414.524747] docker0: port 3(veth5b3123f) entered disabled state
[ 1414.530142] device veth5b3123f entered promiscuous mode
[ 1414.535498] IPv6: ADDRCONF(NETDEV_UP): veth5b3123f: link is not ready
[ 1414.541620] docker0: port 3(veth5b3123f) entered blocking state
[ 1414.547416] docker0: port 3(veth5b3123f) entered forwarding state
[ 1414.553644] docker0: port 3(veth5b3123f) entered disabled state
[ 1414.721525] IPv6: ADDRCONF(NETDEV_CHANGE): veth5b3123f: link becomes ready
[ 1414.726457] docker0: port 3(veth5b3123f) entered blocking state
[ 1414.730835] docker0: port 3(veth5b3123f) entered forwarding state
[ 1415.258048] FS-Cache: Loaded
[ 1415.279762] RPC: Registered named UNIX socket transport module.
[ 1415.284327] RPC: Registered udp transport module.
[ 1415.288705] RPC: Registered tcp transport module.
[ 1415.292084] RPC: Registered tcp NFSv4.1 backchannel transport module.
[ 1415.318383] FS-Cache: Netfs 'nfs' registered for caching
[ 1415.325811] Key type dns_resolver registered
[ 1415.353123] NFS: Registering the id_resolver key type
[ 1415.357241] Key type id_resolver registered
[ 1415.360946] Key type id_legacy registered
[ 1415.608258] docker0: port 2(veth8d22501) entered disabled state
[ 1415.629298] docker0: port 2(veth8d22501) entered disabled state
[ 1415.639006] device veth8d22501 left promiscuous mode
[ 1415.644301] docker0: port 2(veth8d22501) entered disabled state
[ 1415.766419] docker0: port 1(veth9381ec8) entered disabled state
[ 1415.785535] docker0: port 1(veth9381ec8) entered disabled state
[ 1415.794660] device veth9381ec8 left promiscuous mode
[ 1415.801784] docker0: port 1(veth9381ec8) entered disabled state
[ 1423.184088] docker0: port 1(vethab93a53) entered blocking state
[ 1423.189926] docker0: port 1(vethab93a53) entered disabled state
[ 1423.196340] device vethab93a53 entered promiscuous mode
[ 1423.201182] IPv6: ADDRCONF(NETDEV_UP): vethab93a53: link is not ready
[ 1423.207761] docker0: port 1(vethab93a53) entered blocking state
[ 1423.212884] docker0: port 1(vethab93a53) entered forwarding state
[ 1423.218465] docker0: port 1(vethab93a53) entered disabled state
[ 1425.444536] IPv6: ADDRCONF(NETDEV_CHANGE): vethab93a53: link becomes ready
[ 1425.450152] docker0: port 1(vethab93a53) entered blocking state
[ 1425.458693] docker0: port 1(vethab93a53) entered forwarding state
[ 1430.879663] ipip: IPv4 over IPv4 tunneling driver
[ 1430.895140] ip_set: protocol 6
[ 1430.980932] IPVS: Registered protocols (TCP, UDP, SCTP, AH, ESP)
[ 1430.985634] IPVS: Connection hash table configured (size=4096, memory=64Kbytes)
[ 1430.990889] IPVS: Creating netns size=2040 id=0
[ 1430.994620] IPVS: Creating netns size=2040 id=1
[ 1430.998280] IPVS: Creating netns size=2040 id=2
[ 1431.001831] IPVS: Creating netns size=2040 id=3
[ 1431.006186] IPVS: Creating netns size=2040 id=4
[ 1431.010782] IPVS: Creating netns size=2040 id=5
[ 1431.024556] IPVS: Creating netns size=2040 id=6
[ 1431.032097] IPVS: ipvs loaded.
[ 1436.313528] docker0: port 2(vethfb69051) entered blocking state
[ 1436.320043] docker0: port 2(vethfb69051) entered disabled state
[ 1436.326081] device vethfb69051 entered promiscuous mode
[ 1436.331545] IPv6: ADDRCONF(NETDEV_UP): vethfb69051: link is not ready
[ 1436.426807] IPVS: Creating netns size=2040 id=7
[ 1436.498539] IPv6: ADDRCONF(NETDEV_CHANGE): vethfb69051: link becomes ready
[ 1436.504106] docker0: port 2(vethfb69051) entered blocking state
[ 1436.511453] docker0: port 2(vethfb69051) entered forwarding state
[ 1452.985702] docker0: port 4(vethc513f9f) entered blocking state
[ 1452.991225] docker0: port 4(vethc513f9f) entered disabled state
[ 1452.996585] device vethc513f9f entered promiscuous mode
[ 1453.000968] IPv6: ADDRCONF(NETDEV_UP): vethc513f9f: link is not ready
[ 1453.005383] docker0: port 4(vethc513f9f) entered blocking state
[ 1453.009848] docker0: port 4(vethc513f9f) entered forwarding state
[ 1453.014610] docker0: port 4(vethc513f9f) entered disabled state
[ 1453.097360] IPVS: Creating netns size=2040 id=8
[ 1453.164597] IPv6: ADDRCONF(NETDEV_CHANGE): vethc513f9f: link becomes ready
[ 1453.170653] docker0: port 4(vethc513f9f) entered blocking state
[ 1453.175592] docker0: port 4(vethc513f9f) entered forwarding state
[ 1453.326853] docker0: port 4(vethc513f9f) entered disabled state
[ 1453.332162] docker0: port 4(vethc513f9f) entered disabled state
[ 1453.341229] device vethc513f9f left promiscuous mode
[ 1453.346024] docker0: port 4(vethc513f9f) entered disabled state
[ 1455.917717] docker0: port 4(veth8857d73) entered blocking state
[ 1455.922237] docker0: port 4(veth8857d73) entered disabled state
[ 1455.926714] device veth8857d73 entered promiscuous mode
[ 1455.930948] IPv6: ADDRCONF(NETDEV_UP): veth8857d73: link is not ready
[ 1455.935685] docker0: port 4(veth8857d73) entered blocking state
[ 1455.940405] docker0: port 4(veth8857d73) entered forwarding state
[ 1455.944865] docker0: port 4(veth8857d73) entered disabled state
[ 1455.983117] IPVS: Creating netns size=2040 id=9
[ 1456.049922] IPv6: ADDRCONF(NETDEV_CHANGE): veth8857d73: link becomes ready
[ 1456.055381] docker0: port 4(veth8857d73) entered blocking state
[ 1456.059654] docker0: port 4(veth8857d73) entered forwarding state
[ 1456.776464] IPVS: Creating netns size=2040 id=10
[ 1456.841254] br0: port 1(vxlan0) entered blocking state
[ 1456.846621] br0: port 1(vxlan0) entered disabled state
[ 1456.850322] device vxlan0 entered promiscuous mode
[ 1456.853991] br0: port 1(vxlan0) entered blocking state
[ 1456.858488] br0: port 1(vxlan0) entered forwarding state
[ 1456.912257] br0: port 2(veth0) entered blocking state
[ 1456.916292] br0: port 2(veth0) entered disabled state
[ 1456.919789] device veth0 entered promiscuous mode
[ 1456.924991] IPv6: ADDRCONF(NETDEV_UP): veth0: link is not ready
[ 1456.930711] br0: port 2(veth0) entered blocking state
[ 1456.935660] br0: port 2(veth0) entered forwarding state
[ 1456.944157] br0: port 2(veth0) entered disabled state
[ 1457.002509] IPv6: ADDRCONF(NETDEV_CHANGE): veth0: link becomes ready
[ 1457.006879] br0: port 2(veth0) entered blocking state
[ 1457.010418] br0: port 2(veth0) entered forwarding state
[ 1464.490183] br0: port 3(veth1) entered blocking state
[ 1464.494172] br0: port 3(veth1) entered disabled state
[ 1464.498014] device veth1 entered promiscuous mode
[ 1464.501955] IPv6: ADDRCONF(NETDEV_UP): veth1: link is not ready
[ 1464.509578] docker_gwbridge: port 2(veth802a93f) entered blocking state
[ 1464.515459] docker_gwbridge: port 2(veth802a93f) entered disabled state
[ 1464.531724] device veth802a93f entered promiscuous mode
[ 1464.537221] IPv6: ADDRCONF(NETDEV_UP): veth802a93f: link is not ready
[ 1464.542235] docker_gwbridge: port 2(veth802a93f) entered blocking state
[ 1464.547105] docker_gwbridge: port 2(veth802a93f) entered forwarding state
[ 1464.589802] IPVS: Creating netns size=2040 id=11
[ 1464.696641] docker_gwbridge: port 2(veth802a93f) entered disabled state
[ 1464.703157] IPv6: ADDRCONF(NETDEV_CHANGE): veth1: link becomes ready
[ 1464.717181] br0: port 3(veth1) entered blocking state
[ 1464.722503] br0: port 3(veth1) entered forwarding state
[ 1464.741506] IPv6: ADDRCONF(NETDEV_CHANGE): veth802a93f: link becomes ready
[ 1464.747942] docker_gwbridge: port 2(veth802a93f) entered blocking state
[ 1464.754170] docker_gwbridge: port 2(veth802a93f) entered forwarding state
[ 1477.795158] br0: port 3(veth1) entered disabled state
[ 1477.815533] docker_gwbridge: port 2(veth802a93f) entered disabled state
[ 1477.829865] docker_gwbridge: port 2(veth802a93f) entered disabled state
[ 1477.849586] device veth802a93f left promiscuous mode
[ 1477.858239] docker_gwbridge: port 2(veth802a93f) entered disabled state
[ 1477.884206] br0: port 3(veth1) entered disabled state
[ 1477.891339] device veth1 left promiscuous mode
[ 1477.896627] br0: port 3(veth1) entered disabled state
[ 1479.809211] br0: port 3(veth2) entered blocking state
[ 1479.813779] br0: port 3(veth2) entered disabled state
[ 1479.817429] device veth2 entered promiscuous mode
[ 1479.820974] IPv6: ADDRCONF(NETDEV_UP): veth2: link is not ready
[ 1479.828889] docker_gwbridge: port 2(veth3264a01) entered blocking state
[ 1479.834334] docker_gwbridge: port 2(veth3264a01) entered disabled state
[ 1479.838990] device veth3264a01 entered promiscuous mode
[ 1479.843812] IPv6: ADDRCONF(NETDEV_UP): veth3264a01: link is not ready
[ 1479.849139] docker_gwbridge: port 2(veth3264a01) entered blocking state
[ 1479.854615] docker_gwbridge: port 2(veth3264a01) entered forwarding state
[ 1479.896839] IPVS: Creating netns size=2040 id=12
[ 1480.023737] docker_gwbridge: port 2(veth3264a01) entered disabled state
[ 1480.029075] IPv6: ADDRCONF(NETDEV_CHANGE): veth2: link becomes ready
[ 1480.034507] br0: port 3(veth2) entered blocking state
[ 1480.039156] br0: port 3(veth2) entered forwarding state
[ 1480.062527] IPv6: ADDRCONF(NETDEV_CHANGE): veth3264a01: link becomes ready
[ 1480.067481] docker_gwbridge: port 2(veth3264a01) entered blocking state
[ 1480.072188] docker_gwbridge: port 2(veth3264a01) entered forwarding state
[ 1484.076192] br0: port 4(veth3) entered blocking state
[ 1484.081084] br0: port 4(veth3) entered disabled state
[ 1484.087560] device veth3 entered promiscuous mode
[ 1484.091962] IPv6: ADDRCONF(NETDEV_UP): veth3: link is not ready
[ 1484.101028] docker_gwbridge: port 3(vethd26789b) entered blocking state
[ 1484.107407] docker_gwbridge: port 3(vethd26789b) entered disabled state
[ 1484.113858] device vethd26789b entered promiscuous mode
[ 1484.119404] IPv6: ADDRCONF(NETDEV_UP): vethd26789b: link is not ready
[ 1484.124615] docker_gwbridge: port 3(vethd26789b) entered blocking state
[ 1484.130237] docker_gwbridge: port 3(vethd26789b) entered forwarding state
[ 1484.170416] IPVS: Creating netns size=2040 id=13
[ 1484.274749] docker_gwbridge: port 3(vethd26789b) entered disabled state
[ 1484.280360] IPv6: ADDRCONF(NETDEV_CHANGE): veth3: link becomes ready
[ 1484.285059] br0: port 4(veth3) entered blocking state
[ 1484.289397] br0: port 4(veth3) entered forwarding state
[ 1484.305421] IPv6: ADDRCONF(NETDEV_CHANGE): vethd26789b: link becomes ready
[ 1484.310582] docker_gwbridge: port 3(vethd26789b) entered blocking state
[ 1484.316407] docker_gwbridge: port 3(vethd26789b) entered forwarding state
[ 1487.212167] br0: port 5(veth4) entered blocking state
[ 1487.216152] br0: port 5(veth4) entered disabled state
[ 1487.220113] device veth4 entered promiscuous mode
[ 1487.226378] IPv6: ADDRCONF(NETDEV_UP): veth4: link is not ready
[ 1487.230871] br0: port 5(veth4) entered blocking state
[ 1487.234755] br0: port 5(veth4) entered forwarding state
[ 1487.238807] br0: port 5(veth4) entered disabled state
[ 1487.245976] docker_gwbridge: port 4(veth77374f1) entered blocking state
[ 1487.252238] docker_gwbridge: port 4(veth77374f1) entered disabled state
[ 1487.258842] device veth77374f1 entered promiscuous mode
[ 1487.264471] IPv6: ADDRCONF(NETDEV_UP): veth77374f1: link is not ready
[ 1487.269006] docker_gwbridge: port 4(veth77374f1) entered blocking state
[ 1487.273865] docker_gwbridge: port 4(veth77374f1) entered forwarding state
[ 1487.312304] IPVS: Creating netns size=2040 id=14
[ 1487.425628] docker_gwbridge: port 4(veth77374f1) entered disabled state
[ 1487.431309] IPv6: ADDRCONF(NETDEV_CHANGE): veth4: link becomes ready
[ 1487.436011] br0: port 5(veth4) entered blocking state
[ 1487.440026] br0: port 5(veth4) entered forwarding state
[ 1487.457440] IPv6: ADDRCONF(NETDEV_CHANGE): veth77374f1: link becomes ready
[ 1487.475107] docker_gwbridge: port 4(veth77374f1) entered blocking state
[ 1487.489625] docker_gwbridge: port 4(veth77374f1) entered forwarding state
[ 1498.926232] br0: port 6(veth5) entered blocking state
[ 1498.930356] br0: port 6(veth5) entered disabled state
[ 1498.937155] device veth5 entered promiscuous mode
[ 1498.943625] IPv6: ADDRCONF(NETDEV_UP): veth5: link is not ready
[ 1498.950765] docker_gwbridge: port 5(veth6160816) entered blocking state
[ 1498.957971] docker_gwbridge: port 5(veth6160816) entered disabled state
[ 1498.965261] device veth6160816 entered promiscuous mode
[ 1498.971997] IPv6: ADDRCONF(NETDEV_UP): veth6160816: link is not ready
[ 1498.979179] docker_gwbridge: port 5(veth6160816) entered blocking state
[ 1498.985395] docker_gwbridge: port 5(veth6160816) entered forwarding state
[ 1499.024362] IPVS: Creating netns size=2040 id=15
[ 1499.128485] docker_gwbridge: port 5(veth6160816) entered disabled state
[ 1499.133904] IPv6: ADDRCONF(NETDEV_CHANGE): veth5: link becomes ready
[ 1499.139909] br0: port 6(veth5) entered blocking state
[ 1499.144807] br0: port 6(veth5) entered forwarding state
[ 1499.164476] IPv6: ADDRCONF(NETDEV_CHANGE): veth6160816: link becomes ready
[ 1499.170215] docker_gwbridge: port 5(veth6160816) entered blocking state
[ 1499.175661] docker_gwbridge: port 5(veth6160816) entered forwarding state
[ 1502.013252] br0: port 7(veth6) entered blocking state
[ 1502.017201] br0: port 7(veth6) entered disabled state
[ 1502.021316] device veth6 entered promiscuous mode
[ 1502.025283] IPv6: ADDRCONF(NETDEV_UP): veth6: link is not ready
[ 1502.031251] docker_gwbridge: port 6(veth744c102) entered blocking state
[ 1502.036696] docker_gwbridge: port 6(veth744c102) entered disabled state
[ 1502.042177] device veth744c102 entered promiscuous mode
[ 1502.047400] IPv6: ADDRCONF(NETDEV_UP): veth744c102: link is not ready
[ 1502.053331] docker_gwbridge: port 6(veth744c102) entered blocking state
[ 1502.059741] docker_gwbridge: port 6(veth744c102) entered forwarding state
[ 1502.099558] IPVS: Creating netns size=2040 id=16
[ 1502.207622] docker_gwbridge: port 6(veth744c102) entered disabled state
[ 1502.213714] IPv6: ADDRCONF(NETDEV_CHANGE): veth6: link becomes ready
[ 1502.219793] br0: port 7(veth6) entered blocking state
[ 1502.225806] br0: port 7(veth6) entered forwarding state
[ 1502.245666] IPv6: ADDRCONF(NETDEV_CHANGE): veth744c102: link becomes ready
[ 1502.251002] docker_gwbridge: port 6(veth744c102) entered blocking state
[ 1502.255819] docker_gwbridge: port 6(veth744c102) entered forwarding state
[ 1505.066200] br0: port 8(veth7) entered blocking state
[ 1505.071459] br0: port 8(veth7) entered disabled state
[ 1505.075561] device veth7 entered promiscuous mode
[ 1505.079452] IPv6: ADDRCONF(NETDEV_UP): veth7: link is not ready
[ 1505.085412] docker_gwbridge: port 7(veth6dcf065) entered blocking state
[ 1505.090585] docker_gwbridge: port 7(veth6dcf065) entered disabled state
[ 1505.099199] device veth6dcf065 entered promiscuous mode
[ 1505.105753] IPv6: ADDRCONF(NETDEV_UP): veth6dcf065: link is not ready
[ 1505.113250] docker_gwbridge: port 7(veth6dcf065) entered blocking state
[ 1505.121009] docker_gwbridge: port 7(veth6dcf065) entered forwarding state
[ 1505.207490] IPVS: Creating netns size=2040 id=17
[ 1505.314500] docker_gwbridge: port 7(veth6dcf065) entered disabled state
[ 1505.322841] IPv6: ADDRCONF(NETDEV_CHANGE): veth7: link becomes ready
[ 1505.333832] br0: port 8(veth7) entered blocking state
[ 1505.339708] br0: port 8(veth7) entered forwarding state
[ 1505.361449] IPv6: ADDRCONF(NETDEV_CHANGE): veth6dcf065: link becomes ready
[ 1505.367548] docker_gwbridge: port 7(veth6dcf065) entered blocking state
[ 1505.372852] docker_gwbridge: port 7(veth6dcf065) entered forwarding state
[ 1505.666922] br0: port 8(veth7) entered disabled state
[ 1505.730715] docker_gwbridge: port 7(veth6dcf065) entered disabled state
[ 1505.738965] docker_gwbridge: port 7(veth6dcf065) entered disabled state
[ 1505.747712] device veth6dcf065 left promiscuous mode
[ 1505.756203] docker_gwbridge: port 7(veth6dcf065) entered disabled state
[ 1505.784877] br0: port 8(veth7) entered disabled state
[ 1505.792374] device veth7 left promiscuous mode
[ 1505.798532] br0: port 8(veth7) entered disabled state
[ 1506.041188] br0: port 8(veth8) entered blocking state
[ 1506.046491] br0: port 8(veth8) entered disabled state
[ 1506.051405] device veth8 entered promiscuous mode
[ 1506.055286] IPv6: ADDRCONF(NETDEV_UP): veth8: link is not ready
[ 1506.060947] br0: port 8(veth8) entered blocking state
[ 1506.064973] br0: port 8(veth8) entered forwarding state
[ 1506.070608] docker_gwbridge: port 7(veth90741c7) entered blocking state
[ 1506.076645] docker_gwbridge: port 7(veth90741c7) entered disabled state
[ 1506.081591] device veth90741c7 entered promiscuous mode
[ 1506.086601] IPv6: ADDRCONF(NETDEV_UP): veth90741c7: link is not ready
[ 1506.093362] docker_gwbridge: port 7(veth90741c7) entered blocking state
[ 1506.098715] docker_gwbridge: port 7(veth90741c7) entered forwarding state
[ 1506.105819] br0: port 8(veth8) entered disabled state
[ 1506.112071] docker_gwbridge: port 7(veth90741c7) entered disabled state
[ 1506.232070] IPVS: Creating netns size=2040 id=18
[ 1506.374621] IPv6: ADDRCONF(NETDEV_CHANGE): veth8: link becomes ready
[ 1506.380540] br0: port 8(veth8) entered blocking state
[ 1506.385075] br0: port 8(veth8) entered forwarding state
[ 1506.405847] IPv6: ADDRCONF(NETDEV_CHANGE): veth90741c7: link becomes ready
[ 1506.411256] docker_gwbridge: port 7(veth90741c7) entered blocking state
[ 1506.416427] docker_gwbridge: port 7(veth90741c7) entered forwarding state
[ 1506.754372] br0: port 8(veth8) entered disabled state
[ 1506.818346] docker_gwbridge: port 7(veth90741c7) entered disabled state
[ 1506.828081] docker_gwbridge: port 7(veth90741c7) entered disabled state
[ 1506.837924] device veth90741c7 left promiscuous mode
[ 1506.842010] docker_gwbridge: port 7(veth90741c7) entered disabled state
[ 1506.871553] br0: port 8(veth8) entered disabled state
[ 1506.879212] device veth8 left promiscuous mode
[ 1506.883043] br0: port 8(veth8) entered disabled state
[ 1507.123224] br0: port 8(veth9) entered blocking state
[ 1507.128415] br0: port 8(veth9) entered disabled state
[ 1507.134489] device veth9 entered promiscuous mode
[ 1507.138588] IPv6: ADDRCONF(NETDEV_UP): veth9: link is not ready
[ 1507.143699] br0: port 8(veth9) entered blocking state
[ 1507.148326] br0: port 8(veth9) entered forwarding state
[ 1507.154053] docker_gwbridge: port 7(veth364f366) entered blocking state
[ 1507.160063] docker_gwbridge: port 7(veth364f366) entered disabled state
[ 1507.165668] device veth364f366 entered promiscuous mode
[ 1507.169962] IPv6: ADDRCONF(NETDEV_UP): veth364f366: link is not ready
[ 1507.176026] docker_gwbridge: port 7(veth364f366) entered blocking state
[ 1507.181280] docker_gwbridge: port 7(veth364f366) entered forwarding state
[ 1507.268883] IPVS: Creating netns size=2040 id=19
[ 1507.390609] IPv6: ADDRCONF(NETDEV_CHANGE): veth9: link becomes ready
[ 1507.397279] docker_gwbridge: port 7(veth364f366) entered disabled state
[ 1507.426823] IPv6: ADDRCONF(NETDEV_CHANGE): veth364f366: link becomes ready
[ 1507.433601] docker_gwbridge: port 7(veth364f366) entered blocking state
[ 1507.440170] docker_gwbridge: port 7(veth364f366) entered forwarding state
[ 1507.793295] br0: port 8(veth9) entered disabled state
[ 1507.898870] docker_gwbridge: port 7(veth364f366) entered disabled state
[ 1507.908517] docker_gwbridge: port 7(veth364f366) entered disabled state
[ 1507.917920] device veth364f366 left promiscuous mode
[ 1507.922248] docker_gwbridge: port 7(veth364f366) entered disabled state
[ 1507.947505] br0: port 8(veth9) entered disabled state
[ 1507.955692] device veth9 left promiscuous mode
[ 1507.960890] br0: port 8(veth9) entered disabled state
[ 1508.380269] br0: port 8(veth10) entered blocking state
[ 1508.385725] br0: port 8(veth10) entered disabled state
[ 1508.392977] device veth10 entered promiscuous mode
[ 1508.396845] IPv6: ADDRCONF(NETDEV_UP): veth10: link is not ready
[ 1508.401201] br0: port 8(veth10) entered blocking state
[ 1508.404998] br0: port 8(veth10) entered forwarding state
[ 1508.410644] docker_gwbridge: port 7(vethd217eab) entered blocking state
[ 1508.415207] docker_gwbridge: port 7(vethd217eab) entered disabled state
[ 1508.419957] device vethd217eab entered promiscuous mode
[ 1508.426111] IPv6: ADDRCONF(NETDEV_UP): vethd217eab: link is not ready
[ 1508.433227] docker_gwbridge: port 7(vethd217eab) entered blocking state
[ 1508.438289] docker_gwbridge: port 7(vethd217eab) entered forwarding state
[ 1508.540929] IPVS: Creating netns size=2040 id=20
[ 1508.665647] IPv6: ADDRCONF(NETDEV_CHANGE): veth10: link becomes ready
[ 1508.671465] docker_gwbridge: port 7(vethd217eab) entered disabled state
[ 1508.693596] IPv6: ADDRCONF(NETDEV_CHANGE): vethd217eab: link becomes ready
[ 1508.699150] docker_gwbridge: port 7(vethd217eab) entered blocking state
[ 1508.704474] docker_gwbridge: port 7(vethd217eab) entered forwarding state
[ 1508.994187] br0: port 8(veth10) entered disabled state
[ 1509.069208] docker_gwbridge: port 7(vethd217eab) entered disabled state
[ 1509.089191] docker_gwbridge: port 7(vethd217eab) entered disabled state
[ 1509.099869] device vethd217eab left promiscuous mode
[ 1509.105191] docker_gwbridge: port 7(vethd217eab) entered disabled state
[ 1509.130213] br0: port 8(veth10) entered disabled state
[ 1509.137615] device veth10 left promiscuous mode
[ 1509.141500] br0: port 8(veth10) entered disabled state
[ 1509.973239] br0: port 8(veth11) entered blocking state
[ 1509.979828] br0: port 8(veth11) entered disabled state
[ 1509.986502] device veth11 entered promiscuous mode
[ 1509.991274] IPv6: ADDRCONF(NETDEV_UP): veth11: link is not ready
[ 1509.997168] br0: port 8(veth11) entered blocking state
[ 1510.002333] br0: port 8(veth11) entered forwarding state
[ 1510.009262] docker_gwbridge: port 7(vethb7b58f7) entered blocking state
[ 1510.014804] docker_gwbridge: port 7(vethb7b58f7) entered disabled state
[ 1510.019720] device vethb7b58f7 entered promiscuous mode
[ 1510.025478] IPv6: ADDRCONF(NETDEV_UP): vethb7b58f7: link is not ready
[ 1510.031278] docker_gwbridge: port 7(vethb7b58f7) entered blocking state
[ 1510.036242] docker_gwbridge: port 7(vethb7b58f7) entered forwarding state
[ 1510.117127] br0: port 8(veth11) entered disabled state
[ 1510.122787] docker_gwbridge: port 7(vethb7b58f7) entered disabled state
[ 1510.234301] IPVS: Creating netns size=2040 id=21
[ 1510.353636] IPv6: ADDRCONF(NETDEV_CHANGE): veth11: link becomes ready
[ 1510.361066] br0: port 8(veth11) entered blocking state
[ 1510.367480] br0: port 8(veth11) entered forwarding state
[ 1510.395679] IPv6: ADDRCONF(NETDEV_CHANGE): vethb7b58f7: link becomes ready
[ 1510.402120] docker_gwbridge: port 7(vethb7b58f7) entered blocking state
[ 1510.408202] docker_gwbridge: port 7(vethb7b58f7) entered forwarding state
[ 1510.714200] br0: port 8(veth11) entered disabled state
[ 1510.813065] docker_gwbridge: port 7(vethb7b58f7) entered disabled state
[ 1510.826432] docker_gwbridge: port 7(vethb7b58f7) entered disabled state
[ 1510.839086] device vethb7b58f7 left promiscuous mode
[ 1510.845818] docker_gwbridge: port 7(vethb7b58f7) entered disabled state
[ 1510.870540] br0: port 8(veth11) entered disabled state
[ 1510.878270] device veth11 left promiscuous mode
[ 1510.882402] br0: port 8(veth11) entered disabled state
[ 1512.511249] br0: port 8(veth12) entered blocking state
[ 1512.518143] br0: port 8(veth12) entered disabled state
[ 1512.522474] device veth12 entered promiscuous mode
[ 1512.528022] IPv6: ADDRCONF(NETDEV_UP): veth12: link is not ready
[ 1512.539208] docker_gwbridge: port 7(veth8e77c23) entered blocking state
[ 1512.545348] docker_gwbridge: port 7(veth8e77c23) entered disabled state
[ 1512.553419] device veth8e77c23 entered promiscuous mode
[ 1512.559120] IPv6: ADDRCONF(NETDEV_UP): veth8e77c23: link is not ready
[ 1512.564427] docker_gwbridge: port 7(veth8e77c23) entered blocking state
[ 1512.570102] docker_gwbridge: port 7(veth8e77c23) entered forwarding state
[ 1512.676033] IPVS: Creating netns size=2040 id=22
[ 1512.805821] docker_gwbridge: port 7(veth8e77c23) entered disabled state
[ 1512.812774] IPv6: ADDRCONF(NETDEV_CHANGE): veth12: link becomes ready
[ 1512.817966] br0: port 8(veth12) entered blocking state
[ 1512.822344] br0: port 8(veth12) entered forwarding state
[ 1512.903484] IPv6: ADDRCONF(NETDEV_CHANGE): veth8e77c23: link becomes ready
[ 1512.909641] docker_gwbridge: port 7(veth8e77c23) entered blocking state
[ 1512.916203] docker_gwbridge: port 7(veth8e77c23) entered forwarding state
[ 1513.221230] br0: port 8(veth12) entered disabled state
[ 1513.303941] docker_gwbridge: port 7(veth8e77c23) entered disabled state
[ 1513.317120] docker_gwbridge: port 7(veth8e77c23) entered disabled state
[ 1513.328467] device veth8e77c23 left promiscuous mode
[ 1513.334160] docker_gwbridge: port 7(veth8e77c23) entered disabled state
[ 1513.464366] br0: port 8(veth12) entered disabled state
[ 1513.474265] device veth12 left promiscuous mode
[ 1513.480251] br0: port 8(veth12) entered disabled state
[ 1516.605236] br0: port 8(veth13) entered blocking state
[ 1516.610923] br0: port 8(veth13) entered disabled state
[ 1516.615908] device veth13 entered promiscuous mode
[ 1516.620965] IPv6: ADDRCONF(NETDEV_UP): veth13: link is not ready
[ 1516.627535] docker_gwbridge: port 7(veth92ee81f) entered blocking state
[ 1516.634196] docker_gwbridge: port 7(veth92ee81f) entered disabled state
[ 1516.639405] device veth92ee81f entered promiscuous mode
[ 1516.643696] IPv6: ADDRCONF(NETDEV_UP): veth92ee81f: link is not ready
[ 1516.648391] docker_gwbridge: port 7(veth92ee81f) entered blocking state
[ 1516.653274] docker_gwbridge: port 7(veth92ee81f) entered forwarding state
[ 1516.757389] IPVS: Creating netns size=2040 id=23
[ 1516.894627] docker_gwbridge: port 7(veth92ee81f) entered disabled state
[ 1516.900397] IPv6: ADDRCONF(NETDEV_CHANGE): veth13: link becomes ready
[ 1516.905191] br0: port 8(veth13) entered blocking state
[ 1516.909369] br0: port 8(veth13) entered forwarding state
[ 1516.928565] IPv6: ADDRCONF(NETDEV_CHANGE): veth92ee81f: link becomes ready
[ 1516.935316] docker_gwbridge: port 7(veth92ee81f) entered blocking state
[ 1516.941946] docker_gwbridge: port 7(veth92ee81f) entered forwarding state
[ 1517.264299] br0: port 8(veth13) entered disabled state
[ 1517.332030] docker_gwbridge: port 7(veth92ee81f) entered disabled state
[ 1517.342679] docker_gwbridge: port 7(veth92ee81f) entered disabled state
[ 1517.353403] device veth92ee81f left promiscuous mode
[ 1517.357158] docker_gwbridge: port 7(veth92ee81f) entered disabled state
[ 1517.379741] br0: port 8(veth13) entered disabled state
[ 1517.386991] device veth13 left promiscuous mode
[ 1517.390897] br0: port 8(veth13) entered disabled state
[ 1518.620209] br0: port 8(veth14) entered blocking state
[ 1518.624533] br0: port 8(veth14) entered disabled state
[ 1518.628774] device veth14 entered promiscuous mode
[ 1518.632898] IPv6: ADDRCONF(NETDEV_UP): veth14: link is not ready
[ 1518.639403] docker_gwbridge: port 7(veth6a5699e) entered blocking state
[ 1518.645959] docker_gwbridge: port 7(veth6a5699e) entered disabled state
[ 1518.652183] device veth6a5699e entered promiscuous mode
[ 1518.657235] IPv6: ADDRCONF(NETDEV_UP): veth6a5699e: link is not ready
[ 1518.671372] docker_gwbridge: port 7(veth6a5699e) entered blocking state
[ 1518.676066] docker_gwbridge: port 7(veth6a5699e) entered forwarding state
[ 1518.714794] IPVS: Creating netns size=2040 id=24
[ 1518.820696] docker_gwbridge: port 7(veth6a5699e) entered disabled state
[ 1518.826292] IPv6: ADDRCONF(NETDEV_CHANGE): veth14: link becomes ready
[ 1518.832597] br0: port 8(veth14) entered blocking state
[ 1518.837660] br0: port 8(veth14) entered forwarding state
[ 1518.864588] IPv6: ADDRCONF(NETDEV_CHANGE): veth6a5699e: link becomes ready
[ 1518.869873] docker_gwbridge: port 7(veth6a5699e) entered blocking state
[ 1518.874787] docker_gwbridge: port 7(veth6a5699e) entered forwarding state
[ 1521.856207] br0: port 9(veth15) entered blocking state
[ 1521.861892] br0: port 9(veth15) entered disabled state
[ 1521.867584] device veth15 entered promiscuous mode
[ 1521.871610] IPv6: ADDRCONF(NETDEV_UP): veth15: link is not ready
[ 1521.878002] docker_gwbridge: port 8(veth337ff82) entered blocking state
[ 1521.884423] docker_gwbridge: port 8(veth337ff82) entered disabled state
[ 1521.891038] device veth337ff82 entered promiscuous mode
[ 1521.897101] IPv6: ADDRCONF(NETDEV_UP): veth337ff82: link is not ready
[ 1521.905581] docker_gwbridge: port 8(veth337ff82) entered blocking state
[ 1521.911890] docker_gwbridge: port 8(veth337ff82) entered forwarding state
[ 1521.951270] IPVS: Creating netns size=2040 id=25
[ 1522.060794] docker_gwbridge: port 8(veth337ff82) entered disabled state
[ 1522.066952] IPv6: ADDRCONF(NETDEV_CHANGE): veth15: link becomes ready
[ 1522.076799] br0: port 9(veth15) entered blocking state
[ 1522.087553] br0: port 9(veth15) entered forwarding state
[ 1522.103553] IPv6: ADDRCONF(NETDEV_CHANGE): veth337ff82: link becomes ready
[ 1522.111235] docker_gwbridge: port 8(veth337ff82) entered blocking state
[ 1522.116640] docker_gwbridge: port 8(veth337ff82) entered forwarding state
[ 1525.463246] br0: port 10(veth16) entered blocking state
[ 1525.469031] br0: port 10(veth16) entered disabled state
[ 1525.474356] device veth16 entered promiscuous mode
[ 1525.478389] IPv6: ADDRCONF(NETDEV_UP): veth16: link is not ready
[ 1525.485979] docker_gwbridge: port 9(vethe816399) entered blocking state
[ 1525.491015] docker_gwbridge: port 9(vethe816399) entered disabled state
[ 1525.496059] device vethe816399 entered promiscuous mode
[ 1525.500933] IPv6: ADDRCONF(NETDEV_UP): vethe816399: link is not ready
[ 1525.507007] docker_gwbridge: port 9(vethe816399) entered blocking state
[ 1525.517485] docker_gwbridge: port 9(vethe816399) entered forwarding state
[ 1525.613079] IPVS: Creating netns size=2040 id=26
[ 1525.741638] docker_gwbridge: port 9(vethe816399) entered disabled state
[ 1525.749284] IPv6: ADDRCONF(NETDEV_CHANGE): veth16: link becomes ready
[ 1525.755699] br0: port 10(veth16) entered blocking state
[ 1525.761262] br0: port 10(veth16) entered forwarding state
[ 1525.777517] IPv6: ADDRCONF(NETDEV_CHANGE): vethe816399: link becomes ready
[ 1525.787847] docker_gwbridge: port 9(vethe816399) entered blocking state
[ 1525.794530] docker_gwbridge: port 9(vethe816399) entered forwarding state
[ 1527.380210] br0: port 11(veth17) entered blocking state
[ 1527.392539] br0: port 11(veth17) entered disabled state
[ 1527.398037] device veth17 entered promiscuous mode
[ 1527.403030] IPv6: ADDRCONF(NETDEV_UP): veth17: link is not ready
[ 1527.413574] docker_gwbridge: port 10(veth3c8f5b4) entered blocking state
[ 1527.419646] docker_gwbridge: port 10(veth3c8f5b4) entered disabled state
[ 1527.424694] device veth3c8f5b4 entered promiscuous mode
[ 1527.434035] IPv6: ADDRCONF(NETDEV_UP): veth3c8f5b4: link is not ready
[ 1527.440928] docker_gwbridge: port 10(veth3c8f5b4) entered blocking state
[ 1527.447083] docker_gwbridge: port 10(veth3c8f5b4) entered forwarding state
[ 1527.502141] IPVS: Creating netns size=2040 id=27
[ 1527.605644] docker_gwbridge: port 10(veth3c8f5b4) entered disabled state
[ 1527.611652] IPv6: ADDRCONF(NETDEV_CHANGE): veth17: link becomes ready
[ 1527.617738] br0: port 11(veth17) entered blocking state
[ 1527.622397] br0: port 11(veth17) entered forwarding state
[ 1527.640648] IPv6: ADDRCONF(NETDEV_CHANGE): veth3c8f5b4: link becomes ready
[ 1527.646384] docker_gwbridge: port 10(veth3c8f5b4) entered blocking state
[ 1527.651595] docker_gwbridge: port 10(veth3c8f5b4) entered forwarding state
[ 1528.965216] docker0: port 4(veth8857d73) entered disabled state
[ 1528.972582] docker0: port 4(veth8857d73) entered disabled state
[ 1528.982307] device veth8857d73 left promiscuous mode
[ 1528.986457] docker0: port 4(veth8857d73) entered disabled state
[ 1529.032894] br0: port 2(veth0) entered disabled state
[ 1529.037772] br0: port 2(veth0) entered disabled state
[ 1529.045187] device veth0 left promiscuous mode
[ 1529.048883] br0: port 2(veth0) entered disabled state
[ 1530.243476] docker0: port 2(vethfb69051) entered disabled state
[ 1531.016512] docker0: port 2(vethfb69051) entered disabled state
[ 1531.029012] device vethfb69051 left promiscuous mode
[ 1531.034279] docker0: port 2(vethfb69051) entered disabled state
[ 1532.372525] docker0: port 2(vethdfaf887) entered blocking state
[ 1532.378220] docker0: port 2(vethdfaf887) entered disabled state
[ 1532.387483] device vethdfaf887 entered promiscuous mode
[ 1532.394364] IPv6: ADDRCONF(NETDEV_UP): vethdfaf887: link is not ready
[ 1532.403984] docker0: port 2(vethdfaf887) entered blocking state
[ 1532.411611] docker0: port 2(vethdfaf887) entered forwarding state
[ 1532.417612] docker0: port 2(vethdfaf887) entered disabled state
[ 1532.463476] IPVS: Creating netns size=2040 id=28
[ 1532.530690] IPv6: ADDRCONF(NETDEV_CHANGE): vethdfaf887: link becomes ready
[ 1532.535929] docker0: port 2(vethdfaf887) entered blocking state
[ 1532.540253] docker0: port 2(vethdfaf887) entered forwarding state
[ 1533.373997] docker0: port 1(vethab93a53) entered disabled state
[ 1533.380870] docker0: port 1(vethab93a53) entered disabled state
[ 1533.392399] device vethab93a53 left promiscuous mode
[ 1533.397183] docker0: port 1(vethab93a53) entered disabled state
[ 1533.642997] docker0: port 1(vethaa8a19f) entered blocking state
[ 1533.649329] docker0: port 1(vethaa8a19f) entered disabled state
[ 1533.658921] device vethaa8a19f entered promiscuous mode
[ 1533.665646] IPv6: ADDRCONF(NETDEV_UP): vethaa8a19f: link is not ready
[ 1533.674697] docker0: port 1(vethaa8a19f) entered blocking state
[ 1533.681425] docker0: port 1(vethaa8a19f) entered forwarding state
[ 1533.725064] IPVS: Creating netns size=2040 id=29
[ 1533.796558] IPv6: ADDRCONF(NETDEV_CHANGE): vethaa8a19f: link becomes ready
[ 1534.449627] docker0: port 4(veth65b3a94) entered blocking state
[ 1534.456271] docker0: port 4(veth65b3a94) entered disabled state
[ 1534.462172] device veth65b3a94 entered promiscuous mode
[ 1534.467656] IPv6: ADDRCONF(NETDEV_UP): veth65b3a94: link is not ready
[ 1534.474770] docker0: port 4(veth65b3a94) entered blocking state
[ 1534.479305] docker0: port 4(veth65b3a94) entered forwarding state
[ 1534.484121] docker0: port 4(veth65b3a94) entered disabled state
[ 1534.528627] IPVS: Creating netns size=2040 id=30
[ 1534.601770] IPv6: ADDRCONF(NETDEV_CHANGE): veth65b3a94: link becomes ready
[ 1534.607741] docker0: port 4(veth65b3a94) entered blocking state
[ 1534.613540] docker0: port 4(veth65b3a94) entered forwarding state
[ 1534.827528] docker0: port 4(veth65b3a94) entered disabled state
[ 1534.834299] docker0: port 4(veth65b3a94) entered disabled state
[ 1534.843131] device veth65b3a94 left promiscuous mode
[ 1534.853508] docker0: port 4(veth65b3a94) entered disabled state
[ 1534.877545] docker0: port 4(veth6d432e7) entered blocking state
[ 1534.882967] docker0: port 4(veth6d432e7) entered disabled state
[ 1534.888786] device veth6d432e7 entered promiscuous mode
[ 1534.894503] IPv6: ADDRCONF(NETDEV_UP): veth6d432e7: link is not ready
[ 1534.900371] docker0: port 4(veth6d432e7) entered blocking state
[ 1534.915378] docker0: port 4(veth6d432e7) entered forwarding state
[ 1535.025581] IPVS: Creating netns size=2040 id=31
[ 1535.100568] IPv6: ADDRCONF(NETDEV_CHANGE): veth6d432e7: link becomes ready
[ 1535.644203] br0: port 2(veth18) entered blocking state
[ 1535.648086] br0: port 2(veth18) entered disabled state
[ 1535.652492] device veth18 entered promiscuous mode
[ 1535.660786] IPv6: ADDRCONF(NETDEV_UP): veth18: link is not ready
[ 1535.725641] IPv6: ADDRCONF(NETDEV_CHANGE): veth18: link becomes ready
[ 1535.730780] br0: port 2(veth18) entered blocking state
[ 1535.735136] br0: port 2(veth18) entered forwarding state
[ 1544.001144] docker0: port 1(vethaa8a19f) entered disabled state
[ 1544.009358] docker0: port 1(vethaa8a19f) entered disabled state
[ 1544.018356] device vethaa8a19f left promiscuous mode
[ 1544.023475] docker0: port 1(vethaa8a19f) entered disabled state
[ 1545.055079] br0: port 3(veth2) entered disabled state
[ 1545.075709] docker_gwbridge: port 2(veth3264a01) entered disabled state
[ 1545.084908] docker_gwbridge: port 2(veth3264a01) entered disabled state
[ 1545.097973] device veth3264a01 left promiscuous mode
[ 1545.101880] docker_gwbridge: port 2(veth3264a01) entered disabled state
[ 1545.124827] br0: port 3(veth2) entered disabled state
[ 1545.132243] device veth2 left promiscuous mode
[ 1545.136660] br0: port 3(veth2) entered disabled state
[ 1547.301247] br0: port 3(veth19) entered blocking state
[ 1547.306421] br0: port 3(veth19) entered disabled state
[ 1547.311602] device veth19 entered promiscuous mode
[ 1547.315550] IPv6: ADDRCONF(NETDEV_UP): veth19: link is not ready
[ 1547.322172] docker_gwbridge: port 2(vethc4bcdf6) entered blocking state
[ 1547.328110] docker_gwbridge: port 2(vethc4bcdf6) entered disabled state
[ 1547.342843] device vethc4bcdf6 entered promiscuous mode
[ 1547.348276] IPv6: ADDRCONF(NETDEV_UP): vethc4bcdf6: link is not ready
[ 1547.362642] docker_gwbridge: port 2(vethc4bcdf6) entered blocking state
[ 1547.371205] docker_gwbridge: port 2(vethc4bcdf6) entered forwarding state
[ 1547.412674] IPVS: Creating netns size=2040 id=32
[ 1547.524536] docker_gwbridge: port 2(vethc4bcdf6) entered disabled state
[ 1547.529837] IPv6: ADDRCONF(NETDEV_CHANGE): veth19: link becomes ready
[ 1547.534924] br0: port 3(veth19) entered blocking state
[ 1547.542113] br0: port 3(veth19) entered forwarding state
[ 1547.559611] IPv6: ADDRCONF(NETDEV_CHANGE): vethc4bcdf6: link becomes ready
[ 1547.566025] docker_gwbridge: port 2(vethc4bcdf6) entered blocking state
[ 1547.572451] docker_gwbridge: port 2(vethc4bcdf6) entered forwarding state
[ 1549.358242] docker0: port 1(vethfa32da9) entered blocking state
[ 1549.363942] docker0: port 1(vethfa32da9) entered disabled state
[ 1549.369756] device vethfa32da9 entered promiscuous mode
[ 1549.375163] IPv6: ADDRCONF(NETDEV_UP): vethfa32da9: link is not ready
[ 1549.381295] docker0: port 1(vethfa32da9) entered blocking state
[ 1549.387062] docker0: port 1(vethfa32da9) entered forwarding state
[ 1549.393193] docker0: port 1(vethfa32da9) entered disabled state
[ 1549.438380] IPVS: Creating netns size=2040 id=33
[ 1549.512522] IPv6: ADDRCONF(NETDEV_CHANGE): vethfa32da9: link becomes ready
[ 1549.523148] docker0: port 1(vethfa32da9) entered blocking state
[ 1549.531567] docker0: port 1(vethfa32da9) entered forwarding state
[ 1549.741179] br0: port 4(veth3) entered disabled state
[ 1549.808807] docker_gwbridge: port 3(vethd26789b) entered disabled state
[ 1549.816380] docker_gwbridge: port 3(vethd26789b) entered disabled state
[ 1549.826703] device vethd26789b left promiscuous mode
[ 1549.832763] docker_gwbridge: port 3(vethd26789b) entered disabled state
[ 1549.855136] br0: port 4(veth3) entered disabled state
[ 1549.864293] device veth3 left promiscuous mode
[ 1549.869157] br0: port 4(veth3) entered disabled state
[ 1551.644256] br0: port 4(veth20) entered blocking state
[ 1551.649895] br0: port 4(veth20) entered disabled state
[ 1551.655051] device veth20 entered promiscuous mode
[ 1551.659096] IPv6: ADDRCONF(NETDEV_UP): veth20: link is not ready
[ 1551.665541] docker_gwbridge: port 3(veth16dfa08) entered blocking state
[ 1551.672217] docker_gwbridge: port 3(veth16dfa08) entered disabled state
[ 1551.679264] device veth16dfa08 entered promiscuous mode
[ 1551.684522] IPv6: ADDRCONF(NETDEV_UP): veth16dfa08: link is not ready
[ 1551.692068] docker_gwbridge: port 3(veth16dfa08) entered blocking state
[ 1551.697454] docker_gwbridge: port 3(veth16dfa08) entered forwarding state
[ 1551.736619] IPVS: Creating netns size=2040 id=34
[ 1551.850557] docker_gwbridge: port 3(veth16dfa08) entered disabled state
[ 1551.858034] IPv6: ADDRCONF(NETDEV_CHANGE): veth20: link becomes ready
[ 1551.869512] br0: port 4(veth20) entered blocking state
[ 1551.874401] br0: port 4(veth20) entered forwarding state
[ 1551.891545] IPv6: ADDRCONF(NETDEV_CHANGE): veth16dfa08: link becomes ready
[ 1551.897227] docker_gwbridge: port 3(veth16dfa08) entered blocking state
[ 1551.902247] docker_gwbridge: port 3(veth16dfa08) entered forwarding state
[ 1553.978159] br0: port 5(veth4) entered disabled state
[ 1554.009652] docker_gwbridge: port 4(veth77374f1) entered disabled state
[ 1554.020722] docker_gwbridge: port 4(veth77374f1) entered disabled state
[ 1554.030987] device veth77374f1 left promiscuous mode
[ 1554.034853] docker_gwbridge: port 4(veth77374f1) entered disabled state
[ 1554.055335] br0: port 5(veth4) entered disabled state
[ 1554.062617] device veth4 left promiscuous mode
[ 1554.066472] br0: port 5(veth4) entered disabled state
[ 1556.039211] br0: port 5(veth21) entered blocking state
[ 1556.044463] br0: port 5(veth21) entered disabled state
[ 1556.052581] device veth21 entered promiscuous mode
[ 1556.060042] IPv6: ADDRCONF(NETDEV_UP): veth21: link is not ready
[ 1556.067914] docker_gwbridge: port 4(veth8bf2c34) entered blocking state
[ 1556.074127] docker_gwbridge: port 4(veth8bf2c34) entered disabled state
[ 1556.079347] device veth8bf2c34 entered promiscuous mode
[ 1556.087130] IPv6: ADDRCONF(NETDEV_UP): veth8bf2c34: link is not ready
[ 1556.093256] docker_gwbridge: port 4(veth8bf2c34) entered blocking state
[ 1556.099695] docker_gwbridge: port 4(veth8bf2c34) entered forwarding state
[ 1556.142654] IPVS: Creating netns size=2040 id=35
[ 1556.260692] docker_gwbridge: port 4(veth8bf2c34) entered disabled state
[ 1556.267315] IPv6: ADDRCONF(NETDEV_CHANGE): veth21: link becomes ready
[ 1556.272733] br0: port 5(veth21) entered blocking state
[ 1556.279463] br0: port 5(veth21) entered forwarding state
[ 1556.299589] IPv6: ADDRCONF(NETDEV_CHANGE): veth8bf2c34: link becomes ready
[ 1556.305083] docker_gwbridge: port 4(veth8bf2c34) entered blocking state
[ 1556.309896] docker_gwbridge: port 4(veth8bf2c34) entered forwarding state
[ 1559.465111] br0: port 6(veth5) entered disabled state
[ 1559.508824] docker_gwbridge: port 5(veth6160816) entered disabled state
[ 1559.520099] docker_gwbridge: port 5(veth6160816) entered disabled state
[ 1559.535137] device veth6160816 left promiscuous mode
[ 1559.542151] docker_gwbridge: port 5(veth6160816) entered disabled state
[ 1559.572954] br0: port 6(veth5) entered disabled state
[ 1559.583861] device veth5 left promiscuous mode
[ 1559.587743] br0: port 6(veth5) entered disabled state
[ 1561.388229] br0: port 6(veth22) entered blocking state
[ 1561.393329] br0: port 6(veth22) entered disabled state
[ 1561.399262] device veth22 entered promiscuous mode
[ 1561.403625] IPv6: ADDRCONF(NETDEV_UP): veth22: link is not ready
[ 1561.408622] br0: port 6(veth22) entered blocking state
[ 1561.412757] br0: port 6(veth22) entered forwarding state
[ 1561.419242] docker_gwbridge: port 5(veth24d6906) entered blocking state
[ 1561.434230] docker_gwbridge: port 5(veth24d6906) entered disabled state
[ 1561.439993] device veth24d6906 entered promiscuous mode
[ 1561.450253] IPv6: ADDRCONF(NETDEV_UP): veth24d6906: link is not ready
[ 1561.461162] docker_gwbridge: port 5(veth24d6906) entered blocking state
[ 1561.473789] docker_gwbridge: port 5(veth24d6906) entered forwarding state
[ 1561.485042] br0: port 6(veth22) entered disabled state
[ 1561.491173] docker_gwbridge: port 5(veth24d6906) entered disabled state
[ 1561.527244] IPVS: Creating netns size=2040 id=36
[ 1561.646482] IPv6: ADDRCONF(NETDEV_CHANGE): veth22: link becomes ready
[ 1561.651380] br0: port 6(veth22) entered blocking state
[ 1561.655248] br0: port 6(veth22) entered forwarding state
[ 1561.677524] IPv6: ADDRCONF(NETDEV_CHANGE): veth24d6906: link becomes ready
[ 1561.684433] docker_gwbridge: port 5(veth24d6906) entered blocking state
[ 1561.692332] docker_gwbridge: port 5(veth24d6906) entered forwarding state
[ 1563.755206] br0: port 7(veth6) entered disabled state
[ 1563.804532] docker_gwbridge: port 6(veth744c102) entered disabled state
[ 1563.816285] docker_gwbridge: port 6(veth744c102) entered disabled state
[ 1563.826852] device veth744c102 left promiscuous mode
[ 1563.831042] docker_gwbridge: port 6(veth744c102) entered disabled state
[ 1563.852908] br0: port 7(veth6) entered disabled state
[ 1563.860240] device veth6 left promiscuous mode
[ 1563.864147] br0: port 7(veth6) entered disabled state
[ 1565.612206] br0: port 7(veth23) entered blocking state
[ 1565.616245] br0: port 7(veth23) entered disabled state
[ 1565.620413] device veth23 entered promiscuous mode
[ 1565.624536] IPv6: ADDRCONF(NETDEV_UP): veth23: link is not ready
[ 1565.628870] br0: port 7(veth23) entered blocking state
[ 1565.632971] br0: port 7(veth23) entered forwarding state
[ 1565.643619] docker_gwbridge: port 6(vethd237b1f) entered blocking state
[ 1565.663334] docker_gwbridge: port 6(vethd237b1f) entered disabled state
[ 1565.683725] device vethd237b1f entered promiscuous mode
[ 1565.691064] IPv6: ADDRCONF(NETDEV_UP): vethd237b1f: link is not ready
[ 1565.696602] docker_gwbridge: port 6(vethd237b1f) entered blocking state
[ 1565.705093] docker_gwbridge: port 6(vethd237b1f) entered forwarding state
[ 1565.754563] IPVS: Creating netns size=2040 id=37
[ 1565.760369] br0: port 7(veth23) entered disabled state
[ 1565.772698] docker_gwbridge: port 6(vethd237b1f) entered disabled state
[ 1565.886610] IPv6: ADDRCONF(NETDEV_CHANGE): veth23: link becomes ready
[ 1565.893735] br0: port 7(veth23) entered blocking state
[ 1565.898279] br0: port 7(veth23) entered forwarding state
[ 1565.919486] IPv6: ADDRCONF(NETDEV_CHANGE): vethd237b1f: link becomes ready
[ 1565.925945] docker_gwbridge: port 6(vethd237b1f) entered blocking state
[ 1565.931630] docker_gwbridge: port 6(vethd237b1f) entered forwarding state
[ 1567.422213] br0: port 10(veth16) entered disabled state
[ 1567.505692] docker_gwbridge: port 9(vethe816399) entered disabled state
[ 1567.520674] docker_gwbridge: port 9(vethe816399) entered disabled state
[ 1567.532458] device vethe816399 left promiscuous mode
[ 1567.536441] docker_gwbridge: port 9(vethe816399) entered disabled state
[ 1567.562108] br0: port 10(veth16) entered disabled state
[ 1567.569802] device veth16 left promiscuous mode
[ 1567.573742] br0: port 10(veth16) entered disabled state
[ 1570.169263] br0: port 10(veth24) entered blocking state
[ 1570.175149] br0: port 10(veth24) entered disabled state
[ 1570.181188] device veth24 entered promiscuous mode
[ 1570.192443] IPv6: ADDRCONF(NETDEV_UP): veth24: link is not ready
[ 1570.198836] docker_gwbridge: port 9(veth79cad83) entered blocking state
[ 1570.204538] docker_gwbridge: port 9(veth79cad83) entered disabled state
[ 1570.209325] device veth79cad83 entered promiscuous mode
[ 1570.213369] IPv6: ADDRCONF(NETDEV_UP): veth79cad83: link is not ready
[ 1570.218311] docker_gwbridge: port 9(veth79cad83) entered blocking state
[ 1570.223960] docker_gwbridge: port 9(veth79cad83) entered forwarding state
[ 1570.307736] IPVS: Creating netns size=2040 id=38
[ 1570.414509] docker_gwbridge: port 9(veth79cad83) entered disabled state
[ 1570.420983] IPv6: ADDRCONF(NETDEV_CHANGE): veth24: link becomes ready
[ 1570.427469] br0: port 10(veth24) entered blocking state
[ 1570.431986] br0: port 10(veth24) entered forwarding state
[ 1570.452657] IPv6: ADDRCONF(NETDEV_CHANGE): veth79cad83: link becomes ready
[ 1570.461248] docker_gwbridge: port 9(veth79cad83) entered blocking state
[ 1570.466927] docker_gwbridge: port 9(veth79cad83) entered forwarding state
[ 1571.234179] br0: port 8(veth14) entered disabled state
[ 1571.266711] docker_gwbridge: port 7(veth6a5699e) entered disabled state
[ 1571.280251] docker_gwbridge: port 7(veth6a5699e) entered disabled state
[ 1571.290334] device veth6a5699e left promiscuous mode
[ 1571.299381] docker_gwbridge: port 7(veth6a5699e) entered disabled state
[ 1571.322146] br0: port 8(veth14) entered disabled state
[ 1571.331478] device veth14 left promiscuous mode
[ 1571.337212] br0: port 8(veth14) entered disabled state
[ 1573.051190] br0: port 8(veth25) entered blocking state
[ 1573.058924] br0: port 8(veth25) entered disabled state
[ 1573.067042] device veth25 entered promiscuous mode
[ 1573.079204] IPv6: ADDRCONF(NETDEV_UP): veth25: link is not ready
[ 1573.087080] br0: port 8(veth25) entered blocking state
[ 1573.094095] br0: port 8(veth25) entered forwarding state
[ 1573.099602] docker_gwbridge: port 7(veth1e3b205) entered blocking state
[ 1573.105315] docker_gwbridge: port 7(veth1e3b205) entered disabled state
[ 1573.110970] device veth1e3b205 entered promiscuous mode
[ 1573.115090] IPv6: ADDRCONF(NETDEV_UP): veth1e3b205: link is not ready
[ 1573.119766] docker_gwbridge: port 7(veth1e3b205) entered blocking state
[ 1573.125073] docker_gwbridge: port 7(veth1e3b205) entered forwarding state
[ 1573.166616] IPVS: Creating netns size=2040 id=39
[ 1573.236437] br0: port 8(veth25) entered disabled state
[ 1573.244220] docker_gwbridge: port 7(veth1e3b205) entered disabled state
[ 1573.273611] IPv6: ADDRCONF(NETDEV_CHANGE): veth25: link becomes ready
[ 1573.280152] br0: port 8(veth25) entered blocking state
[ 1573.285094] br0: port 8(veth25) entered forwarding state
[ 1573.303592] IPv6: ADDRCONF(NETDEV_CHANGE): veth1e3b205: link becomes ready
[ 1573.311525] docker_gwbridge: port 7(veth1e3b205) entered blocking state
[ 1573.316974] docker_gwbridge: port 7(veth1e3b205) entered forwarding state
[ 1575.376673] br0: port 9(veth15) entered disabled state
[ 1575.421969] docker_gwbridge: port 8(veth337ff82) entered disabled state
[ 1575.427997] docker_gwbridge: port 8(veth337ff82) entered disabled state
[ 1575.436943] device veth337ff82 left promiscuous mode
[ 1575.441043] docker_gwbridge: port 8(veth337ff82) entered disabled state
[ 1575.466388] br0: port 9(veth15) entered disabled state
[ 1575.473859] device veth15 left promiscuous mode
[ 1575.477875] br0: port 9(veth15) entered disabled state
[ 1577.283213] br0: port 9(veth26) entered blocking state
[ 1577.287403] br0: port 9(veth26) entered disabled state
[ 1577.291673] device veth26 entered promiscuous mode
[ 1577.295656] IPv6: ADDRCONF(NETDEV_UP): veth26: link is not ready
[ 1577.300118] br0: port 9(veth26) entered blocking state
[ 1577.303982] br0: port 9(veth26) entered forwarding state
[ 1577.309563] docker_gwbridge: port 8(veth3dbe819) entered blocking state
[ 1577.315589] docker_gwbridge: port 8(veth3dbe819) entered disabled state
[ 1577.321812] device veth3dbe819 entered promiscuous mode
[ 1577.327073] IPv6: ADDRCONF(NETDEV_UP): veth3dbe819: link is not ready
[ 1577.333234] docker_gwbridge: port 8(veth3dbe819) entered blocking state
[ 1577.338129] docker_gwbridge: port 8(veth3dbe819) entered forwarding state
[ 1577.378279] IPVS: Creating netns size=2040 id=40
[ 1577.382777] br0: port 9(veth26) entered disabled state
[ 1577.388414] docker_gwbridge: port 8(veth3dbe819) entered disabled state
[ 1577.497759] IPv6: ADDRCONF(NETDEV_CHANGE): veth26: link becomes ready
[ 1577.503365] br0: port 9(veth26) entered blocking state
[ 1577.507536] br0: port 9(veth26) entered forwarding state
[ 1577.529651] IPv6: ADDRCONF(NETDEV_CHANGE): veth3dbe819: link becomes ready
[ 1577.535510] docker_gwbridge: port 8(veth3dbe819) entered blocking state
[ 1577.541763] docker_gwbridge: port 8(veth3dbe819) entered forwarding state
[ 1579.607786] br0: port 11(veth17) entered disabled state
[ 1579.621319] docker_gwbridge: port 10(veth3c8f5b4) entered disabled state
[ 1579.645813] docker_gwbridge: port 10(veth3c8f5b4) entered disabled state
[ 1579.656165] device veth3c8f5b4 left promiscuous mode
[ 1579.660207] docker_gwbridge: port 10(veth3c8f5b4) entered disabled state
[ 1579.684047] br0: port 11(veth17) entered disabled state
[ 1579.691554] device veth17 left promiscuous mode
[ 1579.695822] br0: port 11(veth17) entered disabled state
[ 1581.402185] br0: port 11(veth27) entered blocking state
[ 1581.406404] br0: port 11(veth27) entered disabled state
[ 1581.410620] device veth27 entered promiscuous mode
[ 1581.415527] IPv6: ADDRCONF(NETDEV_UP): veth27: link is not ready
[ 1581.420753] br0: port 11(veth27) entered blocking state
[ 1581.424757] br0: port 11(veth27) entered forwarding state
[ 1581.435298] docker_gwbridge: port 10(vethbdfc6a9) entered blocking state
[ 1581.440206] docker_gwbridge: port 10(vethbdfc6a9) entered disabled state
[ 1581.445198] device vethbdfc6a9 entered promiscuous mode
[ 1581.449435] IPv6: ADDRCONF(NETDEV_UP): vethbdfc6a9: link is not ready
[ 1581.454180] docker_gwbridge: port 10(vethbdfc6a9) entered blocking state
[ 1581.459211] docker_gwbridge: port 10(vethbdfc6a9) entered forwarding state
[ 1581.499887] IPVS: Creating netns size=2040 id=41
[ 1581.611247] br0: port 11(veth27) entered disabled state
[ 1581.616585] docker_gwbridge: port 10(vethbdfc6a9) entered disabled state
[ 1581.622655] IPv6: ADDRCONF(NETDEV_CHANGE): veth27: link becomes ready
[ 1581.627431] br0: port 11(veth27) entered blocking state
[ 1581.631468] br0: port 11(veth27) entered forwarding state
[ 1581.649538] IPv6: ADDRCONF(NETDEV_CHANGE): vethbdfc6a9: link becomes ready
[ 1581.655072] docker_gwbridge: port 10(vethbdfc6a9) entered blocking state
[ 1581.660361] docker_gwbridge: port 10(vethbdfc6a9) entered forwarding state
[ 1583.541798] docker0: port 4(veth6d432e7) entered disabled state
[ 1583.550147] docker0: port 4(veth6d432e7) entered disabled state
[ 1583.560348] device veth6d432e7 left promiscuous mode
[ 1583.565218] docker0: port 4(veth6d432e7) entered disabled state
[ 1583.606448] br0: port 2(veth18) entered disabled state
[ 1583.613507] br0: port 2(veth18) entered disabled state
[ 1583.622663] device veth18 left promiscuous mode
[ 1583.628078] br0: port 2(veth18) entered disabled state
[ 1584.849378] docker0: port 2(vethdfaf887) entered disabled state
[ 1584.857899] docker0: port 2(vethdfaf887) entered disabled state
[ 1584.867358] device vethdfaf887 left promiscuous mode
[ 1584.872348] docker0: port 2(vethdfaf887) entered disabled state
[ 1588.454191] docker0: port 1(vethfa32da9) entered disabled state
[ 1588.478368] docker0: port 1(vethfa32da9) entered disabled state
[ 1588.486239] device vethfa32da9 left promiscuous mode
[ 1588.490141] docker0: port 1(vethfa32da9) entered disabled state
[ 1588.664692] docker0: port 1(veth09da767) entered blocking state
[ 1588.670276] docker0: port 1(veth09da767) entered disabled state
[ 1588.675339] device veth09da767 entered promiscuous mode
[ 1588.679913] IPv6: ADDRCONF(NETDEV_UP): veth09da767: link is not ready
[ 1588.684746] docker0: port 1(veth09da767) entered blocking state
[ 1588.689296] docker0: port 1(veth09da767) entered forwarding state
[ 1588.731506] IPVS: Creating netns size=2040 id=42
[ 1588.806690] IPv6: ADDRCONF(NETDEV_CHANGE): veth09da767: link becomes ready
[ 1597.240442] br0: port 4(veth20) entered disabled state
[ 1597.255291] docker_gwbridge: port 3(veth16dfa08) entered disabled state
[ 1597.273672] docker_gwbridge: port 3(veth16dfa08) entered disabled state
[ 1597.283492] device veth16dfa08 left promiscuous mode
[ 1597.287539] docker_gwbridge: port 3(veth16dfa08) entered disabled state
[ 1597.311715] br0: port 4(veth20) entered disabled state
[ 1597.324863] device veth20 left promiscuous mode
[ 1597.328870] br0: port 4(veth20) entered disabled state
[ 1597.571211] br0: port 2(veth28) entered blocking state
[ 1597.575416] br0: port 2(veth28) entered disabled state
[ 1597.582840] device veth28 entered promiscuous mode
[ 1597.586576] IPv6: ADDRCONF(NETDEV_UP): veth28: link is not ready
[ 1597.591214] br0: port 2(veth28) entered blocking state
[ 1597.596271] br0: port 2(veth28) entered forwarding state
[ 1597.603292] docker_gwbridge: port 3(veth7133dc8) entered blocking state
[ 1597.609132] docker_gwbridge: port 3(veth7133dc8) entered disabled state
[ 1597.617198] device veth7133dc8 entered promiscuous mode
[ 1597.621967] IPv6: ADDRCONF(NETDEV_UP): veth7133dc8: link is not ready
[ 1597.626650] docker_gwbridge: port 3(veth7133dc8) entered blocking state
[ 1597.634716] docker_gwbridge: port 3(veth7133dc8) entered forwarding state
[ 1597.682049] IPVS: Creating netns size=2040 id=43
[ 1597.798646] IPv6: ADDRCONF(NETDEV_CHANGE): veth28: link becomes ready
[ 1597.803801] docker_gwbridge: port 3(veth7133dc8) entered disabled state
[ 1597.824315] IPv6: ADDRCONF(NETDEV_CHANGE): veth7133dc8: link becomes ready
[ 1597.830117] docker_gwbridge: port 3(veth7133dc8) entered blocking state
[ 1597.835953] docker_gwbridge: port 3(veth7133dc8) entered forwarding state
[ 2081.320194] docker0: port 1(veth09da767) entered disabled state
[ 2081.329644] docker0: port 1(veth09da767) entered disabled state
[ 2081.337728] device veth09da767 left promiscuous mode
[ 2081.341915] docker0: port 1(veth09da767) entered disabled state
[ 2081.513022] docker0: port 1(veth1792385) entered blocking state
[ 2081.518834] docker0: port 1(veth1792385) entered disabled state
[ 2081.524023] device veth1792385 entered promiscuous mode
[ 2081.528655] IPv6: ADDRCONF(NETDEV_UP): veth1792385: link is not ready
[ 2081.533903] docker0: port 1(veth1792385) entered blocking state
[ 2081.538475] docker0: port 1(veth1792385) entered forwarding state
[ 2081.589028] IPVS: Creating netns size=2040 id=44
[ 2081.660704] IPv6: ADDRCONF(NETDEV_CHANGE): veth1792385: link becomes ready
[ 2733.047621] docker0: port 2(veth3e03653) entered blocking state
[ 2733.053535] docker0: port 2(veth3e03653) entered disabled state
[ 2733.058245] device veth3e03653 entered promiscuous mode
[ 2733.062653] IPv6: ADDRCONF(NETDEV_UP): veth3e03653: link is not ready
[ 2733.067675] docker0: port 2(veth3e03653) entered blocking state
[ 2733.071977] docker0: port 2(veth3e03653) entered forwarding state
[ 2733.076082] docker0: port 2(veth3e03653) entered disabled state
[ 2733.113213] IPVS: Creating netns size=2040 id=45
[ 2733.186548] IPv6: ADDRCONF(NETDEV_CHANGE): veth3e03653: link becomes ready
[ 2733.190730] docker0: port 2(veth3e03653) entered blocking state
[ 2733.195720] docker0: port 2(veth3e03653) entered forwarding state
[ 2733.688205] br0: port 4(veth29) entered blocking state
[ 2733.695178] br0: port 4(veth29) entered disabled state
[ 2733.701213] device veth29 entered promiscuous mode
[ 2733.706948] IPv6: ADDRCONF(NETDEV_UP): veth29: link is not ready
[ 2733.714427] br0: port 4(veth29) entered blocking state
[ 2733.720500] br0: port 4(veth29) entered forwarding state
[ 2733.787619] IPv6: ADDRCONF(NETDEV_CHANGE): veth29: link becomes ready
[ 2740.489880] docker0: port 2(veth3e03653) entered disabled state
[ 2740.501244] docker0: port 2(veth3e03653) entered disabled state
[ 2740.512296] device veth3e03653 left promiscuous mode
