[    0.000000] Initializing cgroup subsys cpuset
[    0.000000] Initializing cgroup subsys cpu
[    0.000000] Initializing cgroup subsys cpuacct
[    0.000000] Linux version 3.10.0-693.11.6.el7.x86_64 (mockbuild@x86-041.build.eng.bos.redhat.com) (gcc version 4.8.5 20150623 (Red Hat 4.8.5-16) (GCC) ) #1 SMP Thu Dec 28 14:23:39 EST 2017
[    0.000000] Command line: BOOT_IMAGE=/boot/vmlinuz-3.10.0-693.11.6.el7.x86_64 root=UUID=3e11801e-5277-4d87-be4c-0a9a61fbc3da ro console=ttyS0,115200n8 console=tty0 net.ifnames=0 crashkernel=auto LANG=en_US.UTF-8
[    0.000000] e820: BIOS-provided physical RAM map:
[    0.000000] BIOS-e820: [mem 0x0000000000000000-0x000000000009dfff] usable
[    0.000000] BIOS-e820: [mem 0x000000000009e000-0x000000000009ffff] reserved
[    0.000000] BIOS-e820: [mem 0x00000000000e0000-0x00000000000fffff] reserved
[    0.000000] BIOS-e820: [mem 0x0000000000100000-0x00000000efffffff] usable
[    0.000000] BIOS-e820: [mem 0x00000000fc000000-0x00000000ffffffff] reserved
[    0.000000] BIOS-e820: [mem 0x0000000100000000-0x000000040fffffff] usable
[    0.000000] NX (Execute Disable) protection: active
[    0.000000] SMBIOS 2.7 present.
[    0.000000] DMI: Xen HVM domU, BIOS 4.2.amazon 08/24/2006
[    0.000000] Hypervisor detected: Xen HVM
[    0.000000] Xen version 4.2.
[    0.000000] Xen Platform PCI: I/O protocol version 1
[    0.000000] Netfront and the Xen platform PCI driver have been compiled for this kernel: unplug emulated NICs.
[    0.000000] Blkfront and the Xen platform PCI driver have been compiled for this kernel: unplug emulated disks.
               You might have to change the root device
               from /dev/hd[a-d] to /dev/xvd[a-d]
               in your root= kernel command line option
[    0.000000] HVMOP_pagetable_dying not supported
[    0.000000] e820: update [mem 0x00000000-0x00000fff] usable ==> reserved
[    0.000000] e820: remove [mem 0x000a0000-0x000fffff] usable
[    0.000000] e820: last_pfn = 0x410000 max_arch_pfn = 0x400000000
[    0.000000] MTRR default type: write-back
[    0.000000] MTRR fixed ranges enabled:
[    0.000000]   00000-9FFFF write-back
[    0.000000]   A0000-BFFFF write-combining
[    0.000000]   C0000-FFFFF write-back
[    0.000000] MTRR variable ranges enabled:
[    0.000000]   0 base 0000F0000000 mask 3FFFF8000000 uncachable
[    0.000000]   1 base 0000F8000000 mask 3FFFFC000000 uncachable
[    0.000000]   2 disabled
[    0.000000]   3 disabled
[    0.000000]   4 disabled
[    0.000000]   5 disabled
[    0.000000]   6 disabled
[    0.000000]   7 disabled
[    0.000000] x86 PAT enabled: cpu 0, old 0x7040600070406, new 0x7010600070106
[    0.000000] e820: last_pfn = 0xf0000 max_arch_pfn = 0x400000000
[    0.000000] found SMP MP-table at [mem 0x000fbc50-0x000fbc5f] mapped at [ffff8800000fbc50]
[    0.000000] Base memory trampoline at [ffff880000098000] 98000 size 24576
[    0.000000] Using GB pages for direct mapping
[    0.000000] BRK [0x01ffc000, 0x01ffcfff] PGTABLE
[    0.000000] BRK [0x01ffd000, 0x01ffdfff] PGTABLE
[    0.000000] BRK [0x01ffe000, 0x01ffefff] PGTABLE
[    0.000000] BRK [0x01fff000, 0x01ffffff] PGTABLE
[    0.000000] RAMDISK: [mem 0x33366000-0x359aafff]
[    0.000000] Early table checksum verification disabled
[    0.000000] ACPI: RSDP 00000000000ea020 00024 (v02    Xen)
[    0.000000] ACPI: XSDT 00000000fc00e2a0 00054 (v01    Xen      HVM 00000000 HVML 00000000)
[    0.000000] ACPI: FACP 00000000fc00df60 000F4 (v04    Xen      HVM 00000000 HVML 00000000)
[    0.000000] ACPI: DSDT 00000000fc0021c0 0BD19 (v02    Xen      HVM 00000000 INTL 20090123)
[    0.000000] ACPI: FACS 00000000fc002180 00040
[    0.000000] ACPI: APIC 00000000fc00e060 000D8 (v02    Xen      HVM 00000000 HVML 00000000)
[    0.000000] ACPI: HPET 00000000fc00e1b0 00038 (v01    Xen      HVM 00000000 HVML 00000000)
[    0.000000] ACPI: WAET 00000000fc00e1f0 00028 (v01    Xen      HVM 00000000 HVML 00000000)
[    0.000000] ACPI: SSDT 00000000fc00e220 00031 (v02    Xen      HVM 00000000 INTL 20090123)
[    0.000000] ACPI: SSDT 00000000fc00e260 00031 (v02    Xen      HVM 00000000 INTL 20090123)
[    0.000000] ACPI: Local APIC address 0xfee00000
[    0.000000] No NUMA configuration found
[    0.000000] Faking a node at [mem 0x0000000000000000-0x000000040fffffff]
[    0.000000] NODE_DATA(0) allocated [mem 0x40ffd8000-0x40fffefff]
[    0.000000] Reserving 161MB of memory at 656MB for crashkernel (System RAM: 16383MB)
[    0.000000] Zone ranges:
[    0.000000]   DMA      [mem 0x00001000-0x00ffffff]
[    0.000000]   DMA32    [mem 0x01000000-0xffffffff]
[    0.000000]   Normal   [mem 0x100000000-0x40fffffff]
[    0.000000] Movable zone start for each node
[    0.000000] Early memory node ranges
[    0.000000]   node   0: [mem 0x00001000-0x0009dfff]
[    0.000000]   node   0: [mem 0x00100000-0xefffffff]
[    0.000000]   node   0: [mem 0x100000000-0x40fffffff]
[    0.000000] Initmem setup node 0 [mem 0x00001000-0x40fffffff]
[    0.000000] On node 0 totalpages: 4194205
[    0.000000]   DMA zone: 64 pages used for memmap
[    0.000000]   DMA zone: 21 pages reserved
[    0.000000]   DMA zone: 3997 pages, LIFO batch:0
[    0.000000]   DMA32 zone: 15296 pages used for memmap
[    0.000000]   DMA32 zone: 978944 pages, LIFO batch:31
[    0.000000]   Normal zone: 50176 pages used for memmap
[    0.000000]   Normal zone: 3211264 pages, LIFO batch:31
[    0.000000] ACPI: PM-Timer IO Port: 0xb008
[    0.000000] ACPI: Local APIC address 0xfee00000
[    0.000000] ACPI: LAPIC (acpi_id[0x00] lapic_id[0x00] enabled)
[    0.000000] ACPI: LAPIC (acpi_id[0x01] lapic_id[0x02] enabled)
[    0.000000] ACPI: LAPIC (acpi_id[0x02] lapic_id[0x01] enabled)
[    0.000000] ACPI: LAPIC (acpi_id[0x03] lapic_id[0x03] enabled)
[    0.000000] ACPI: LAPIC (acpi_id[0x04] lapic_id[0x00] disabled)
[    0.000000] ACPI: LAPIC (acpi_id[0x05] lapic_id[0x00] disabled)
[    0.000000] ACPI: LAPIC (acpi_id[0x06] lapic_id[0x00] disabled)
[    0.000000] ACPI: LAPIC (acpi_id[0x07] lapic_id[0x00] disabled)
[    0.000000] ACPI: LAPIC (acpi_id[0x08] lapic_id[0x00] disabled)
[    0.000000] ACPI: LAPIC (acpi_id[0x09] lapic_id[0x00] disabled)
[    0.000000] ACPI: LAPIC (acpi_id[0x0a] lapic_id[0x00] disabled)
[    0.000000] ACPI: LAPIC (acpi_id[0x0b] lapic_id[0x00] disabled)
[    0.000000] ACPI: LAPIC (acpi_id[0x0c] lapic_id[0x00] disabled)
[    0.000000] ACPI: LAPIC (acpi_id[0x0d] lapic_id[0x00] disabled)
[    0.000000] ACPI: LAPIC (acpi_id[0x0e] lapic_id[0x00] disabled)
[    0.000000] ACPI: IOAPIC (id[0x01] address[0xfec00000] gsi_base[0])
[    0.000000] IOAPIC[0]: apic_id 1, version 17, address 0xfec00000, GSI 0-47
[    0.000000] ACPI: INT_SRC_OVR (bus 0 bus_irq 0 global_irq 2 dfl dfl)
[    0.000000] ACPI: INT_SRC_OVR (bus 0 bus_irq 5 global_irq 5 low level)
[    0.000000] ACPI: INT_SRC_OVR (bus 0 bus_irq 10 global_irq 10 low level)
[    0.000000] ACPI: INT_SRC_OVR (bus 0 bus_irq 11 global_irq 11 low level)
[    0.000000] ACPI: IRQ0 used by override.
[    0.000000] ACPI: IRQ5 used by override.
[    0.000000] ACPI: IRQ9 used by override.
[    0.000000] ACPI: IRQ10 used by override.
[    0.000000] ACPI: IRQ11 used by override.
[    0.000000] Using ACPI (MADT) for SMP configuration information
[    0.000000] ACPI: HPET id: 0x8086a201 base: 0xfed00000
[    0.000000] smpboot: Allowing 15 CPUs, 11 hotplug CPUs
[    0.000000] PM: Registered nosave memory: [mem 0x0009e000-0x0009ffff]
[    0.000000] PM: Registered nosave memory: [mem 0x000a0000-0x000dffff]
[    0.000000] PM: Registered nosave memory: [mem 0x000e0000-0x000fffff]
[    0.000000] PM: Registered nosave memory: [mem 0xf0000000-0xfbffffff]
[    0.000000] PM: Registered nosave memory: [mem 0xfc000000-0xffffffff]
[    0.000000] e820: [mem 0xf0000000-0xfbffffff] available for PCI devices
[    0.000000] Booting paravirtualized kernel on Xen HVM
[    0.000000] setup_percpu: NR_CPUS:5120 nr_cpumask_bits:15 nr_cpu_ids:15 nr_node_ids:1
[    0.000000] PERCPU: Embedded 35 pages/cpu @ffff8803ff200000 s104536 r8192 d30632 u262144
[    0.000000] pcpu-alloc: s104536 r8192 d30632 u262144 alloc=1*2097152
[    0.000000] pcpu-alloc: [0] 00 01 02 03 04 05 06 07 [0] 08 09 10 11 12 13 14 -- 
[    0.000000] PV qspinlock hash table entries: 256 (order: 0, 4096 bytes)
[    0.000000] Built 1 zonelists in Zone order, mobility grouping on.  Total pages: 4128648
[    0.000000] Policy zone: Normal
[    0.000000] Kernel command line: BOOT_IMAGE=/boot/vmlinuz-3.10.0-693.11.6.el7.x86_64 root=UUID=3e11801e-5277-4d87-be4c-0a9a61fbc3da ro console=ttyS0,115200n8 console=tty0 net.ifnames=0 crashkernel=auto LANG=en_US.UTF-8
[    0.000000] PID hash table entries: 4096 (order: 3, 32768 bytes)
[    0.000000] x86/fpu: xstate_offset[2]: 0240, xstate_sizes[2]: 0100
[    0.000000] xsave: enabled xstate_bv 0x7, cntxt size 0x340 using standard form
[    0.000000] Memory: 5742796k/17039360k available (6916k kernel code, 262540k absent, 551268k reserved, 4551k data, 1800k init)
[    0.000000] SLUB: HWalign=64, Order=0-3, MinObjects=0, CPUs=15, Nodes=1
[    0.000000] x86/pti: Unmapping kernel while in userspace
[    0.000000] Hierarchical RCU implementation.
[    0.000000] 	RCU restricting CPUs from NR_CPUS=5120 to nr_cpu_ids=15.
[    0.000000] NR_IRQS:327936 nr_irqs:952 0
[    0.000000] xen:events: Xen HVM callback vector for event delivery is enabled
[    0.000000] Console: colour VGA+ 80x25
[    0.000000] console [tty0] enabled
[    0.000000] Cannot get hvm parameter CONSOLE_EVTCHN (18): -22!
[    0.000000] console [ttyS0] enabled
[    0.000000] allocated 67108864 bytes of page_cgroup
[    0.000000] please try 'cgroup_disable=memory' option if you don't want memory cgroups
[    0.000000] hpet clockevent registered
[    0.000000] tsc: Fast TSC calibration using PIT
[    0.000000] tsc: Detected 2299.942 MHz processor
[    0.034000] Calibrating delay loop (skipped), value calculated using timer frequency.. 4600.16 BogoMIPS (lpj=2300080)
[    0.043003] pid_max: default: 32768 minimum: 301
[    0.047037] Security Framework initialized
[    0.050007] SELinux:  Initializing.
[    0.053013] SELinux:  Starting in permissive mode
[    0.053014] Yama: becoming mindful.
[    0.057000] Dentry cache hash table entries: 2097152 (order: 12, 16777216 bytes)
[    0.065692] Inode-cache hash table entries: 1048576 (order: 11, 8388608 bytes)
[    0.072328] Mount-cache hash table entries: 32768 (order: 6, 262144 bytes)
[    0.076020] Mountpoint-cache hash table entries: 32768 (order: 6, 262144 bytes)
[    0.082253] Initializing cgroup subsys memory
[    0.086009] Initializing cgroup subsys devices
[    0.089003] Initializing cgroup subsys freezer
[    0.092002] Initializing cgroup subsys net_cls
[    0.096002] Initializing cgroup subsys blkio
[    0.100002] Initializing cgroup subsys perf_event
[    0.103004] Initializing cgroup subsys hugetlb
[    0.106002] Initializing cgroup subsys pids
[    0.109002] Initializing cgroup subsys net_prio
[    0.113061] CPU: Physical Processor ID: 0
[    0.117002] CPU: Processor Core ID: 0
[    0.120012] FEATURE SPEC_CTRL Not Present
[    0.123002] FEATURE IBPB_SUPPORT Not Present
[    0.127438] mce: CPU supports 2 MCE banks
[    0.130023] Last level iTLB entries: 4KB 0, 2MB 0, 4MB 0
[    0.134002] Last level dTLB entries: 4KB 64, 2MB 0, 4MB 0
[    0.138002] tlb_flushall_shift: 6
[    0.141283] Freeing SMP alternatives: 24k freed
[    0.149602] ACPI: Core revision 20130517
[    0.156654] ACPI: All ACPI Tables successfully acquired
[    0.161004] ftrace: allocating 26616 entries in 104 pages
[    0.189077] smpboot: Max logical packages: 15
[    0.193800] IRQ remapping doesn't support X2APIC mode, disable x2apic.
[    0.199002] Switched APIC routing to physical flat.
[    0.205370] ..TIMER: vector=0x30 apic1=0 pin1=2 apic2=0 pin2=0
[    0.220056] smpboot: CPU0: Intel(R) Xeon(R) CPU E5-2686 v4 @ 2.30GHz (fam: 06, model: 4f, stepping: 01)
[    0.227007] Xen: using vcpuop timer interface
[    0.227013] installing Xen timer for CPU 0
[    0.232077] cpu 0 spinlock event irq 53
[    0.233011] Performance Events: unsupported p6 CPU model 79 no PMU driver, software events only.
[    0.237197] NMI watchdog: disabled (cpu0): hardware events not enabled
[    0.238004] NMI watchdog: Shutting down hard lockup detector on all cpus
[    0.239057] installing Xen timer for CPU 1
[    0.240056] smpboot: Booting Node   0, Processors  #1cpu 1 spinlock event irq 59
[    0.244082] installing Xen timer for CPU 2
[    0.245062]  #2cpu 2 spinlock event irq 65
[    0.249080] installing Xen timer for CPU 3
[    0.250054]  #3cpu 3 spinlock event irq 71
[    0.254022] Brought up 4 CPUs
[    0.255005] smpboot: Total of 4 processors activated (18400.64 BogoMIPS)
[    0.256002] random: fast init done
[    0.298025] node 0 initialised, 2620689 pages in 41ms
[    0.302074] devtmpfs: initialized
[    0.305195] EVM: security.selinux
[    0.306004] EVM: security.ima
[    0.307004] EVM: security.capability
[    0.308734] atomic64 test passed for x86-64 platform with CX8 and with SSE
[    0.309008] pinctrl core: initialized pinctrl subsystem
[    0.310046] RTC time: 19:54:23, date: 06/21/18
[    0.311101] NET: Registered protocol family 16
[    0.312161] ACPI: bus type PCI registered
[    0.316006] acpiphp: ACPI Hot Plug PCI Controller Driver version: 0.5
[    0.322392] PCI: Using configuration type 1 for base access
[    0.331088] ACPI: Added _OSI(Module Device)
[    0.335009] ACPI: Added _OSI(Processor Device)
[    0.339005] ACPI: Added _OSI(3.0 _SCP Extensions)
[    0.343004] ACPI: Added _OSI(Processor Aggregator Device)
[    0.350502] ACPI: EC: Look up EC in DSDT
[    0.353536] ACPI: Interpreter enabled
[    0.356016] ACPI: (supports S0 S3 S4 S5)
[    0.359005] ACPI: Using IOAPIC for interrupt routing
[    0.363023] PCI: Using host bridge windows from ACPI; if necessary, use "pci=nocrs" and report a bug
[    0.425875] ACPI: PCI Root Bridge [PCI0] (domain 0000 [bus 00-ff])
[    0.430011] acpi PNP0A03:00: _OSC: OS supports [ASPM ClockPM Segments MSI]
[    0.434010] acpi PNP0A03:00: _OSC failed (AE_NOT_FOUND); disabling ASPM
[    0.438095] acpi PNP0A03:00: fail to add MMCONFIG information, can't access extended PCI configuration space under this bridge.
[    0.445771] acpiphp: Slot [0] registered
[    0.449744] acpiphp: Slot [3] registered
[    0.452277] acpiphp: Slot [4] registered
[    0.456394] acpiphp: Slot [5] registered
[    0.460326] acpiphp: Slot [6] registered
[    0.464332] acpiphp: Slot [7] registered
[    0.468349] acpiphp: Slot [8] registered
[    0.472347] acpiphp: Slot [9] registered
[    0.475282] acpiphp: Slot [10] registered
[    0.479278] acpiphp: Slot [11] registered
[    0.482274] acpiphp: Slot [12] registered
[    0.486290] acpiphp: Slot [13] registered
[    0.489277] acpiphp: Slot [14] registered
[    0.492264] acpiphp: Slot [15] registered
[    0.495269] acpiphp: Slot [16] registered
[    0.499282] acpiphp: Slot [17] registered
[    0.502291] acpiphp: Slot [18] registered
[    0.505268] acpiphp: Slot [19] registered
[    0.509278] acpiphp: Slot [20] registered
[    0.512285] acpiphp: Slot [21] registered
[    0.515282] acpiphp: Slot [22] registered
[    0.518288] acpiphp: Slot [23] registered
[    0.522279] acpiphp: Slot [24] registered
[    0.525266] acpiphp: Slot [25] registered
[    0.528273] acpiphp: Slot [26] registered
[    0.531292] acpiphp: Slot [27] registered
[    0.535277] acpiphp: Slot [28] registered
[    0.538280] acpiphp: Slot [29] registered
[    0.541348] acpiphp: Slot [30] registered
[    0.545270] acpiphp: Slot [31] registered
[    0.548275] PCI host bridge to bus 0000:00
[    0.551006] pci_bus 0000:00: root bus resource [bus 00-ff]
[    0.555005] pci_bus 0000:00: root bus resource [io  0x0000-0x0cf7 window]
[    0.559005] pci_bus 0000:00: root bus resource [io  0x0d00-0xffff window]
[    0.564005] pci_bus 0000:00: root bus resource [mem 0x000a0000-0x000bffff window]
[    0.569006] pci_bus 0000:00: root bus resource [mem 0xf0000000-0xfbffffff window]
[    0.575139] pci 0000:00:00.0: [8086:1237] type 00 class 0x060000
[    0.576461] pci 0000:00:01.0: [8086:7000] type 00 class 0x060100
[    0.578428] pci 0000:00:01.1: [8086:7010] type 00 class 0x010180
[    0.579342] pci 0000:00:01.1: reg 0x20: [io  0xc100-0xc10f]
[    0.579773] pci 0000:00:01.1: legacy IDE quirk: reg 0x10: [io  0x01f0-0x01f7]
[    0.584005] pci 0000:00:01.1: legacy IDE quirk: reg 0x14: [io  0x03f6]
[    0.589005] pci 0000:00:01.1: legacy IDE quirk: reg 0x18: [io  0x0170-0x0177]
[    0.603006] pci 0000:00:01.1: legacy IDE quirk: reg 0x1c: [io  0x0376]
[    0.616000] pci 0000:00:01.3: [8086:7113] type 00 class 0x068000
[    0.616005] * Found PM-Timer Bug on the chipset. Due to workarounds for a bug,
               * this clock source is slow. Consider trying other clock sources
[    0.632627] pci 0000:00:01.3: quirk: [io  0xb000-0xb03f] claimed by PIIX4 ACPI
[    0.641049] pci 0000:00:02.0: [1013:00b8] type 00 class 0x030000
[    0.641454] pci 0000:00:02.0: reg 0x10: [mem 0xf0000000-0xf1ffffff pref]
[    0.641749] pci 0000:00:02.0: reg 0x14: [mem 0xf3008000-0xf3008fff]
[    0.644000] pci 0000:00:03.0: [8086:10ed] type 00 class 0x020000
[    0.644694] pci 0000:00:03.0: reg 0x10: [mem 0xf3000000-0xf3003fff 64bit pref]
[    0.645517] pci 0000:00:03.0: reg 0x1c: [mem 0xf3004000-0xf3007fff 64bit pref]
[    0.648612] pci 0000:00:1f.0: [5853:0001] type 00 class 0xff8000
[    0.649004] pci 0000:00:1f.0: reg 0x10: [io  0xc000-0xc0ff]
[    0.649299] pci 0000:00:1f.0: reg 0x14: [mem 0xf2000000-0xf2ffffff pref]
[    0.651448] ACPI: PCI Interrupt Link [LNKA] (IRQs *5 10 11)
[    0.659235] ACPI: PCI Interrupt Link [LNKB] (IRQs 5 *10 11)
[    0.683226] ACPI: PCI Interrupt Link [LNKC] (IRQs 5 10 *11)
[    0.691213] ACPI: PCI Interrupt Link [LNKD] (IRQs *5 10 11)
[    0.716966] ACPI: Enabled 2 GPEs in block 00 to 0F
[    0.723022] xen:balloon: Initialising balloon driver
[    0.728022] xen_balloon: Initialising balloon driver
[    0.732073] vgaarb: device added: PCI:0000:00:02.0,decodes=io+mem,owns=io+mem,locks=none
[    0.739005] vgaarb: loaded
[    0.742004] vgaarb: bridge control possible 0000:00:02.0
[    0.746103] SCSI subsystem initialized
[    0.750033] ACPI: bus type USB registered
[    0.753017] usbcore: registered new interface driver usbfs
[    0.758010] usbcore: registered new interface driver hub
[    0.762046] usbcore: registered new device driver usb
[    0.767059] PCI: Using ACPI for IRQ routing
[    0.768005] PCI: pci_cache_line_size set to 64 bytes
[    0.768541] e820: reserve RAM buffer [mem 0x0009e000-0x0009ffff]
[    0.768656] NetLabel: Initializing
[    0.769005] NetLabel:  domain hash size = 128
[    0.770003] NetLabel:  protocols = UNLABELED CIPSOv4
[    0.771014] NetLabel:  unlabeled traffic allowed by default
[    0.772031] HPET: 3 timers in total, 0 timers will be used for per-cpu timer
[    0.777022] hpet0: at MMIO 0xfed00000, IRQs 2, 8, 0
[    0.783004] hpet0: 3 comparators, 64-bit 62.500000 MHz counter
[    0.791015] amd_nb: Cannot enumerate AMD northbridges
[    0.795034] Switched to clocksource xen
[    0.803430] pnp: PnP ACPI init
[    0.806625] ACPI: bus type PNP registered
[    0.810439] system 00:00: [mem 0x00000000-0x0009ffff] could not be reserved
[    0.816065] system 00:00: Plug and Play ACPI device, IDs PNP0c02 (active)
[    0.816123] system 00:01: [io  0x08a0-0x08a3] has been reserved
[    0.821067] system 00:01: [io  0x0cc0-0x0ccf] has been reserved
[    0.825910] system 00:01: [io  0x04d0-0x04d1] has been reserved
[    0.830908] system 00:01: Plug and Play ACPI device, IDs PNP0c02 (active)
[    0.830930] xen: --> pirq=16 -> irq=8 (gsi=8)
[    0.830945] pnp 00:02: Plug and Play ACPI device, IDs PNP0b00 (active)
[    0.830962] xen: --> pirq=17 -> irq=12 (gsi=12)
[    0.830971] pnp 00:03: Plug and Play ACPI device, IDs PNP0f13 (active)
[    0.830988] xen: --> pirq=18 -> irq=1 (gsi=1)
[    0.831000] pnp 00:04: Plug and Play ACPI device, IDs PNP0303 PNP030b (active)
[    0.831014] xen: --> pirq=19 -> irq=6 (gsi=6)
[    0.831016] pnp 00:05: [dma 2]
[    0.831025] pnp 00:05: Plug and Play ACPI device, IDs PNP0700 (active)
[    0.831043] xen: --> pirq=20 -> irq=4 (gsi=4)
[    0.831063] pnp 00:06: Plug and Play ACPI device, IDs PNP0501 (active)
[    0.831094] system 00:07: [io  0x10c0-0x1141] has been reserved
[    0.836064] system 00:07: [io  0xb044-0xb047] has been reserved
[    0.841170] system 00:07: Plug and Play ACPI device, IDs PNP0c02 (active)
[    0.860771] pnp: PnP ACPI: found 8 devices
[    0.864658] ACPI: bus type PNP unregistered
[    0.875676] pci_bus 0000:00: resource 4 [io  0x0000-0x0cf7 window]
[    0.875678] pci_bus 0000:00: resource 5 [io  0x0d00-0xffff window]
[    0.875679] pci_bus 0000:00: resource 6 [mem 0x000a0000-0x000bffff window]
[    0.875681] pci_bus 0000:00: resource 7 [mem 0xf0000000-0xfbffffff window]
[    0.875709] NET: Registered protocol family 2
[    0.880254] TCP established hash table entries: 131072 (order: 8, 1048576 bytes)
[    0.887670] TCP bind hash table entries: 65536 (order: 8, 1048576 bytes)
[    0.894343] TCP: Hash tables configured (established 131072 bind 65536)
[    0.900293] TCP: reno registered
[    0.904886] UDP hash table entries: 8192 (order: 6, 262144 bytes)
[    0.909994] UDP-Lite hash table entries: 8192 (order: 6, 262144 bytes)
[    0.915474] NET: Registered protocol family 1
[    0.919463] pci 0000:00:00.0: Limiting direct PCI/PCI transfers
[    0.924349] pci 0000:00:01.0: PIIX3: Enabling Passive Release
[    0.929325] pci 0000:00:01.0: Activating ISA DMA hang workarounds
[    0.934605] pci 0000:00:02.0: Boot video device
[    0.934742] PCI: CLS 0 bytes, default 64
[    0.934774] Unpacking initramfs...
[    1.314381] Freeing initrd memory: 39188k freed
[    1.326751] PCI-DMA: Using software bounce buffering for IO (SWIOTLB)
[    1.331102] software IO TLB [mem 0xec000000-0xf0000000] (64MB) mapped at [ffff8800ec000000-ffff8800efffffff]
[    1.337853] RAPL PMU: API unit is 2^-32 Joules, 4 fixed counters, 655360 ms ovfl timer
[    1.344311] RAPL PMU: hw unit of domain pp0-core 2^-14 Joules
[    1.348730] RAPL PMU: hw unit of domain package 2^-14 Joules
[    1.353442] RAPL PMU: hw unit of domain dram 2^-14 Joules
[    1.357948] RAPL PMU: hw unit of domain pp1-gpu 2^-14 Joules
[    1.362609] sha1_ssse3: Using AVX optimized SHA-1 implementation
[    1.366781] sha256_ssse3: Using AVX2 optimized SHA-256 implementation
[    1.371471] futex hash table entries: 4096 (order: 6, 262144 bytes)
[    1.375753] Initialise system trusted keyring
[    1.379059] audit: initializing netlink socket (disabled)
[    1.382823] type=2000 audit(1529610864.253:1): initialized
[    1.407295] HugeTLB registered 1 GB page size, pre-allocated 0 pages
[    1.411547] HugeTLB registered 2 MB page size, pre-allocated 0 pages
[    1.416739] zpool: loaded
[    1.419197] zbud: loaded
[    1.421712] VFS: Disk quotas dquot_6.5.2
[    1.424728] Dquot-cache hash table entries: 512 (order 0, 4096 bytes)
[    1.429189] msgmni has been set to 31767
[    1.432303] Key type big_key registered
[    1.435322] SELinux:  Registering netfilter hooks
[    1.436543] NET: Registered protocol family 38
[    1.439994] Key type asymmetric registered
[    1.443095] Asymmetric key parser 'x509' registered
[    1.446604] Block layer SCSI generic (bsg) driver version 0.4 loaded (major 250)
[    1.452159] io scheduler noop registered
[    1.455204] io scheduler deadline registered (default)
[    1.458904] io scheduler cfq registered
[    1.462061] pci_hotplug: PCI Hot Plug PCI Core version: 0.5
[    1.465904] pciehp: PCI Express Hot Plug Controller Driver version: 0.4
[    1.470345] intel_idle: does not run on family 6 model 79
[    1.470421] input: Power Button as /devices/LNXSYSTM:00/LNXPWRBN:00/input/input0
[    1.475961] ACPI: Power Button [PWRF]
[    1.478921] input: Sleep Button as /devices/LNXSYSTM:00/LNXSLPBN:00/input/input1
[    1.484332] ACPI: Sleep Button [SLPF]
[    1.487387] GHES: HEST is not enabled!
[    1.490742] xen: --> pirq=21 -> irq=47 (gsi=47)
[    1.490810] xen:grant_table: Grant tables using version 1 layout
[    1.494930] Grant table initialized
[    1.497883] Cannot get hvm parameter CONSOLE_EVTCHN (18): -22!
[    1.501867] Serial: 8250/16550 driver, 4 ports, IRQ sharing enabled
[    1.532955] 00:06: ttyS0 at I/O 0x3f8 (irq = 4) is a 16550A
[    1.537468] Non-volatile memory driver v1.3
[    1.540827] Linux agpgart interface v0.103
[    1.544076] crash memory driver: version 1.1
[    1.547289] rdac: device handler registered
[    1.550511] hp_sw: device handler registered
[    1.553856] emc: device handler registered
[    1.556948] alua: device handler registered
[    1.560162] libphy: Fixed MDIO Bus: probed
[    1.563369] ehci_hcd: USB 2.0 'Enhanced' Host Controller (EHCI) Driver
[    1.567656] ehci-pci: EHCI PCI platform driver
[    1.571054] ohci_hcd: USB 1.1 'Open' Host Controller (OHCI) Driver
[    1.575170] ohci-pci: OHCI PCI platform driver
[    1.578473] uhci_hcd: USB Universal Host Controller Interface driver
[    1.586028] usbcore: registered new interface driver usbserial
[    1.592725] usbcore: registered new interface driver usbserial_generic
[    1.600042] usbserial: USB Serial support registered for generic
[    1.607146] i8042: PNP: PS/2 Controller [PNP0303:PS2K,PNP0f13:PS2M] at 0x60,0x64 irq 1,12
[    1.619715] serio: i8042 KBD port at 0x60,0x64 irq 1
[    1.625642] serio: i8042 AUX port at 0x60,0x64 irq 12
[    1.631700] mousedev: PS/2 mouse device common for all mice
[    1.639309] rtc_cmos 00:02: rtc core: registered rtc_cmos as rtc0
[    1.639456] input: AT Translated Set 2 keyboard as /devices/platform/i8042/serio0/input/input2
[    1.656080] rtc_cmos 00:02: alarms up to one day, 114 bytes nvram, hpet irqs
[    1.664143] cpuidle: using governor menu
[    1.669423] hidraw: raw HID events driver (C) Jiri Kosina
[    1.676077] usbcore: registered new interface driver usbhid
[    1.682887] usbhid: USB HID core driver
[    1.688081] drop_monitor: Initializing network drop monitor service
[    1.695395] TCP: cubic registered
[    1.699911] Initializing XFRM netlink socket
[    1.705457] NET: Registered protocol family 10
[    1.711323] NET: Registered protocol family 17
[    1.717090] microcode: CPU0 sig=0x406f1, pf=0x1, revision=0xb00002a
[    1.724197] microcode: CPU1 sig=0x406f1, pf=0x1, revision=0xb00002a
[    1.731450] microcode: CPU2 sig=0x406f1, pf=0x1, revision=0xb00002a
[    1.738851] microcode: CPU3 sig=0x406f1, pf=0x1, revision=0xb00002a
[    1.747006] microcode: Microcode Update Driver: v2.01 <tigran@aivazian.fsnet.co.uk>, Peter Oruba
[    1.757238] PM: Hibernation image not present or could not be loaded.
[    1.757241] Loading compiled-in X.509 certificates
[    1.763434] Loaded X.509 cert 'Red Hat Enterprise Linux Driver Update Program (key 3): bf57f3e87362bc7229d9f465321773dfd1f77a80'
[    1.776779] Loaded X.509 cert 'Red Hat Enterprise Linux kpatch signing key: 4d38fd864ebe18c5f0b72e3852e2014c3a676fc8'
[    1.789374] Loaded X.509 cert 'Red Hat Enterprise Linux kernel signing key: 5fd8ebcfc4c5203c3cb7905219fb669d5f4be3ff'
[    1.801595] registered taskstats version 1
[    1.808990] Key type trusted registered
[    1.815574] Key type encrypted registered
[    1.822447] IMA: No TPM chip found, activating TPM-bypass!
[    1.829438] xenbus_probe_frontend: Device with no driver: device/vbd/768
[    1.837055] xenbus_probe_frontend: Device with no driver: device/vbd/51728
[    1.845074] xenbus_probe_frontend: Device with no driver: device/pci/0
[    1.852574]   Magic number: 6:485:951
[    1.857528] tty tty8: hash matches
[    1.862348] memory memory4: hash matches
[    1.867134] rtc_cmos 00:02: setting system clock to 2018-06-21 19:54:24 UTC (1529610864)
[    1.877578] Freeing unused kernel memory: 1800k freed
[    1.886782] systemd[1]: systemd 219 running in system mode. (+PAM +AUDIT +SELINUX +IMA -APPARMOR +SMACK +SYSVINIT +UTMP +LIBCRYPTSETUP +GCRYPT +GNUTLS +ACL +XZ -LZ4 -SECCOMP +BLKID +ELFUTILS +KMOD +IDN)
[    1.906767] systemd[1]: Detected virtualization xen.
[    1.912863] systemd[1]: Detected architecture x86-64.
[    1.918829] systemd[1]: Running in initial RAM disk.
[    1.927624] systemd[1]: No hostname configured.
[    1.930784] systemd[1]: Set hostname to <localhost>.
[    1.934283] systemd[1]: Initializing machine ID from random generator.
[    1.967901] systemd[1]: Reached target Local File Systems.
[    1.971456] systemd[1]: Starting Local File Systems.
[    1.977695] systemd[1]: Reached target Swap.
[    1.980844] systemd[1]: Starting Swap.
[    1.986698] systemd[1]: Reached target Timers.
[    1.989932] systemd[1]: Starting Timers.
[    1.992928] systemd[1]: Started Dispatch Password Requests to Console Directory Watch.
[    1.998465] systemd[1]: Starting Dispatch Password Requests to Console Directory Watch.
[    2.024069] systemd[1]: Created slice Root Slice.
[    2.027398] systemd[1]: Starting Root Slice.
[    2.033567] systemd[1]: Listening on udev Kernel Socket.
[    2.037167] systemd[1]: Starting udev Kernel Socket.
[    2.043870] systemd[1]: Listening on Journal Socket.
[    2.047454] systemd[1]: Starting Journal Socket.
[    2.054276] systemd[1]: Created slice System Slice.
[    2.057745] systemd[1]: Starting System Slice.
[    2.061431] systemd[1]: Starting dracut cmdline hook...
[    2.070283] systemd[1]: Reached target Slices.
[    2.073331] systemd[1]: Starting Slices.
[    2.076551] systemd[1]: Starting Journal Service...
[    2.086331] systemd[1]: Listening on udev Control Socket.
[    2.090221] systemd[1]: Starting udev Control Socket.
[    2.096904] systemd[1]: Reached target Sockets.
[    2.100016] systemd[1]: Starting Sockets.
[    2.103424] systemd[1]: Starting Apply Kernel Variables...
[    2.110253] systemd[1]: Starting Create list of required static device nodes for the current kernel...
[    2.121976] systemd[1]: Reached target Paths.
[    2.125089] systemd[1]: Starting Paths.
[    2.131083] systemd[1]: Started Journal Service.
[    2.227341] FDC 0 is a S82078B
[    2.240546] ixgbevf: Intel(R) 10 Gigabit PCI Express Virtual Function Network Driver - version 3.2.2-k-rh7.4
[    2.248694] ixgbevf: Copyright (c) 2009 - 2015 Intel Corporation.
[    2.269228] ixgbevf 0000:00:03.0: 0a:82:25:26:1a:f8
[    2.272574] ixgbevf 0000:00:03.0: MAC: 1
[    2.276031] ixgbevf 0000:00:03.0: Intel(R) 82599 Virtual Function
[    2.283735] libata version 3.00 loaded.
[    2.285794] ata_piix 0000:00:01.1: version 2.13
[    2.286849] scsi host0: ata_piix
[    2.291134] scsi host1: ata_piix
[    2.294683] ata1: PATA max MWDMA2 cmd 0x1f0 ctl 0x3f6 bmdma 0xc100 irq 14
[    2.300277] ata2: PATA max MWDMA2 cmd 0x170 ctl 0x376 bmdma 0xc108 irq 15
[    2.310929] blkfront: xvda: barrier or flush: disabled; persistent grants: disabled; indirect descriptors: enabled;
[    2.363077] tsc: Refined TSC clocksource calibration: 2300.001 MHz
[    2.419271]  xvda: xvda1 xvda2
[    2.422712] blkfront: xvdb: barrier or flush: disabled; persistent grants: disabled; indirect descriptors: enabled;
[    2.503094] input: ImExPS/2 Generic Explorer Mouse as /devices/platform/i8042/serio1/input/input3
[    2.826925] SGI XFS with ACLs, security attributes, no debug enabled
[    2.833090] XFS (xvda2): Mounting V5 Filesystem
[    3.318177] random: crng init done
[    3.802876] XFS (xvda2): Ending clean mount
[    4.112559] systemd-journald[120]: Received SIGTERM from PID 1 (systemd).
[    7.997982] type=1404 audit(1529610870.629:2): enforcing=1 old_enforcing=0 auid=4294967295 ses=4294967295
[    8.682693] SELinux: 2048 avtab hash slots, 106006 rules.
[    8.730047] SELinux: 2048 avtab hash slots, 106006 rules.
[    8.755245] SELinux:  8 users, 14 roles, 4998 types, 307 bools, 1 sens, 1024 cats
[    8.755248] SELinux:  94 classes, 106006 rules
[    8.758264] SELinux:  Completing initialization.
[    8.758265] SELinux:  Setting up existing superblocks.
[    8.766712] type=1403 audit(1529610871.398:3): policy loaded auid=4294967295 ses=4294967295
[    8.775273] systemd[1]: Successfully loaded SELinux policy in 777.614ms.
[    9.609945] ip_tables: (C) 2000-2006 Netfilter Core Team
[    9.613534] systemd[1]: Inserted module 'ip_tables'
[    9.630906] systemd[1]: Relabelled /dev and /run in 12.531ms.
[   11.793554] xen_netfront: Initialising Xen virtual ethernet driver
[   12.405219] systemd-journald[342]: Received request to flush runtime journal from PID 1
[   13.112778] type=1305 audit(1529610875.744:4): audit_pid=434 old=0 auid=4294967295 ses=4294967295 subj=system_u:system_r:auditd_t:s0 res=1
[   13.291854] input: PC Speaker as /devices/platform/pcspkr/input/input4
[   13.300482] piix4_smbus 0000:00:01.3: SMBus base address uninitialized - upgrade BIOS or use force_addr=0xaddr
[   13.338851] AES CTR mode by8 optimization enabled
[   13.351819] ppdev: user-space parallel port driver
[   13.352990] alg: No test for __gcm-aes-aesni (__driver-gcm-aes-aesni)
[   13.366038] alg: No test for crc32 (crc32-pclmul)
[   13.370216] intel_rapl: Found RAPL domain package
[   13.370241] intel_rapl: Found RAPL domain dram
[   13.370242] intel_rapl: DRAM domain energy unit 15300pj
[   13.377709] EDAC MC: Ver: 3.0.0
[   13.381820] EDAC sbridge: Seeking for: PCI ID 8086:6fa0
[   13.381822] EDAC sbridge:  Ver: 1.1.1 
[   13.555415] [drm] Initialized
[   13.845490] [TTM] Zone  kernel: Available graphics memory: 8133282 kiB
[   13.849601] [TTM] Zone   dma32: Available graphics memory: 2097152 kiB
[   13.853714] [TTM] Initializing pool allocator
[   13.856829] [TTM] Initializing DMA pool allocator
[   13.860429] [drm] fb mappable at 0xF0000000
[   13.863424] [drm] vram aper at 0xF0000000
[   13.866327] [drm] size 33554432
[   13.869013] [drm] fb depth is 24
[   13.871584] [drm]    pitch is 3072
[   13.874389] fbcon: cirrusdrmfb (fb0) is primary device
[   13.929605] Console: switching to colour frame buffer device 128x48
[   13.979831] cirrus 0000:00:02.0: fb0: cirrusdrmfb frame buffer device
[   13.984088] [drm] Initialized cirrus 1.0.0 20110418 for 0000:00:02.0 on minor 0
[   17.028734] ISOFS: Unable to identify CD-ROM format.
[   17.049551] ISOFS: Unable to identify CD-ROM format.
[   17.756472] IPv6: ADDRCONF(NETDEV_UP): eth0: link is not ready
[   17.771782] ixgbevf 0000:00:03.0: NIC Link is Up 10 Gbps
[   17.774844] IPv6: ADDRCONF(NETDEV_UP): eth0: link is not ready
[   17.778516] IPv6: ADDRCONF(NETDEV_CHANGE): eth0: link becomes ready
[   19.027345] ISOFS: Unable to identify CD-ROM format.
[   19.048475] ISOFS: Unable to identify CD-ROM format.
[ 1203.956497] XFS (xvdb): Mounting V5 Filesystem
[ 1203.970691] XFS (xvdb): Ending clean mount
[ 1250.706695] SELinux: 2048 avtab hash slots, 106465 rules.
[ 1250.754792] SELinux: 2048 avtab hash slots, 106465 rules.
[ 1250.779404] SELinux:  8 users, 14 roles, 5009 types, 310 bools, 1 sens, 1024 cats
[ 1250.779407] SELinux:  97 classes, 106465 rules
[ 1272.786415] SELinux: 2048 avtab hash slots, 106775 rules.
[ 1272.833943] SELinux: 2048 avtab hash slots, 106775 rules.
[ 1272.859660] SELinux:  8 users, 14 roles, 5011 types, 311 bools, 1 sens, 1024 cats
[ 1272.859663] SELinux:  97 classes, 106775 rules
[ 1288.375336] TECH PREVIEW: Overlay filesystem may not be fully supported.
               Please review provided documentation for limitations.
[ 1288.430707] bridge: filtering via arp/ip/ip6tables is no longer available by default. Update your scripts to load br_netfilter if you need this.
[ 1288.440173] Bridge firewalling registered
[ 1288.453504] nf_conntrack version 0.5.0 (65536 buckets, 262144 max)
[ 1288.592370] Netfilter messages via NETLINK v0.30.
[ 1288.597939] ctnetlink v0.93: registering with nfnetlink.
[ 1288.635788] IPv6: ADDRCONF(NETDEV_UP): docker0: link is not ready
[ 1294.359200] br0: port 1(vxlan0) entered blocking state
[ 1294.361467] br0: port 1(vxlan0) entered disabled state
[ 1294.363676] device vxlan0 entered promiscuous mode
[ 1294.366005] br0: port 1(vxlan0) entered blocking state
[ 1294.368235] br0: port 1(vxlan0) entered forwarding state
[ 1294.417200] br0: port 2(veth0) entered blocking state
[ 1294.419587] br0: port 2(veth0) entered disabled state
[ 1294.422029] device veth0 entered promiscuous mode
[ 1294.424411] IPv6: ADDRCONF(NETDEV_UP): veth0: link is not ready
[ 1294.427246] br0: port 2(veth0) entered blocking state
[ 1294.429793] br0: port 2(veth0) entered forwarding state
[ 1294.499783] IPv6: ADDRCONF(NETDEV_CHANGE): veth0: link becomes ready
[ 1294.561975] IPv6: ADDRCONF(NETDEV_UP): docker_gwbridge: link is not ready
[ 1294.591634] docker_gwbridge: port 1(veth5556f57) entered blocking state
[ 1294.594755] docker_gwbridge: port 1(veth5556f57) entered disabled state
[ 1294.597935] device veth5556f57 entered promiscuous mode
[ 1294.600561] IPv6: ADDRCONF(NETDEV_UP): veth5556f57: link is not ready
[ 1294.603515] docker_gwbridge: port 1(veth5556f57) entered blocking state
[ 1294.606611] docker_gwbridge: port 1(veth5556f57) entered forwarding state
[ 1294.615648] IPv6: ADDRCONF(NETDEV_CHANGE): docker_gwbridge: link becomes ready
[ 1294.618841] docker_gwbridge: port 1(veth5556f57) entered disabled state
[ 1294.642173] IPv6: ADDRCONF(NETDEV_CHANGE): veth5556f57: link becomes ready
[ 1294.645237] docker_gwbridge: port 1(veth5556f57) entered blocking state
[ 1294.648044] docker_gwbridge: port 1(veth5556f57) entered forwarding state
[ 1298.319886] docker0: port 1(veth82ee36f) entered blocking state
[ 1298.327921] docker0: port 1(veth82ee36f) entered disabled state
[ 1298.334376] device veth82ee36f entered promiscuous mode
[ 1298.341977] IPv6: ADDRCONF(NETDEV_UP): veth82ee36f: link is not ready
[ 1298.345561] docker0: port 1(veth82ee36f) entered blocking state
[ 1298.348863] docker0: port 1(veth82ee36f) entered forwarding state
[ 1298.355854] docker0: port 1(veth82ee36f) entered disabled state
[ 1298.460544] IPv6: ADDRCONF(NETDEV_CHANGE): veth82ee36f: link becomes ready
[ 1298.467003] docker0: port 1(veth82ee36f) entered blocking state
[ 1298.471027] docker0: port 1(veth82ee36f) entered forwarding state
[ 1298.476279] IPv6: ADDRCONF(NETDEV_CHANGE): docker0: link becomes ready
[ 1298.794460] docker0: port 2(veth0d7076a) entered blocking state
[ 1298.798807] docker0: port 2(veth0d7076a) entered disabled state
[ 1298.803285] device veth0d7076a entered promiscuous mode
[ 1298.806668] IPv6: ADDRCONF(NETDEV_UP): veth0d7076a: link is not ready
[ 1298.810611] docker0: port 2(veth0d7076a) entered blocking state
[ 1298.814145] docker0: port 2(veth0d7076a) entered forwarding state
[ 1298.909529] IPv6: ADDRCONF(NETDEV_CHANGE): veth0d7076a: link becomes ready
[ 1299.022608] docker0: port 2(veth0d7076a) entered disabled state
[ 1299.028594] docker0: port 2(veth0d7076a) entered disabled state
[ 1299.036341] device veth0d7076a left promiscuous mode
[ 1299.039386] docker0: port 2(veth0d7076a) entered disabled state
[ 1338.501188] docker0: port 2(veth7715cfb) entered blocking state
[ 1338.505149] docker0: port 2(veth7715cfb) entered disabled state
[ 1338.509130] device veth7715cfb entered promiscuous mode
[ 1338.513225] IPv6: ADDRCONF(NETDEV_UP): veth7715cfb: link is not ready
[ 1338.517468] docker0: port 2(veth7715cfb) entered blocking state
[ 1338.521501] docker0: port 2(veth7715cfb) entered forwarding state
[ 1338.526148] docker0: port 2(veth7715cfb) entered disabled state
[ 1338.633512] IPv6: ADDRCONF(NETDEV_CHANGE): veth7715cfb: link becomes ready
[ 1338.639138] docker0: port 2(veth7715cfb) entered blocking state
[ 1338.643377] docker0: port 2(veth7715cfb) entered forwarding state
[ 1338.825080] docker0: port 3(veth5dd0d35) entered blocking state
[ 1338.829231] docker0: port 3(veth5dd0d35) entered disabled state
[ 1338.833465] device veth5dd0d35 entered promiscuous mode
[ 1338.837302] IPv6: ADDRCONF(NETDEV_UP): veth5dd0d35: link is not ready
[ 1338.842496] docker0: port 3(veth5dd0d35) entered blocking state
[ 1338.846892] docker0: port 3(veth5dd0d35) entered forwarding state
[ 1338.919081] docker0: port 4(vethfa1e671) entered blocking state
[ 1338.923378] docker0: port 4(vethfa1e671) entered disabled state
[ 1338.932947] device vethfa1e671 entered promiscuous mode
[ 1338.943970] IPv6: ADDRCONF(NETDEV_UP): vethfa1e671: link is not ready
[ 1338.954009] docker0: port 4(vethfa1e671) entered blocking state
[ 1338.961754] docker0: port 4(vethfa1e671) entered forwarding state
[ 1339.024594] docker0: port 5(vethc3a514e) entered blocking state
[ 1339.029455] docker0: port 5(vethc3a514e) entered disabled state
[ 1339.034342] device vethc3a514e entered promiscuous mode
[ 1339.038879] IPv6: ADDRCONF(NETDEV_UP): vethc3a514e: link is not ready
[ 1339.044267] docker0: port 5(vethc3a514e) entered blocking state
[ 1339.049461] docker0: port 5(vethc3a514e) entered forwarding state
[ 1339.079020] docker0: port 6(veth45ab1e3) entered blocking state
[ 1339.083816] docker0: port 6(veth45ab1e3) entered disabled state
[ 1339.088992] device veth45ab1e3 entered promiscuous mode
[ 1339.094237] IPv6: ADDRCONF(NETDEV_UP): veth45ab1e3: link is not ready
[ 1339.100047] docker0: port 6(veth45ab1e3) entered blocking state
[ 1339.104281] docker0: port 6(veth45ab1e3) entered forwarding state
[ 1339.147073] docker0: port 7(veth4653f95) entered blocking state
[ 1339.151729] docker0: port 7(veth4653f95) entered disabled state
[ 1339.157966] device veth4653f95 entered promiscuous mode
[ 1339.162484] IPv6: ADDRCONF(NETDEV_UP): veth4653f95: link is not ready
[ 1339.167346] docker0: port 7(veth4653f95) entered blocking state
[ 1339.171080] docker0: port 7(veth4653f95) entered forwarding state
[ 1339.223506] IPv6: ADDRCONF(NETDEV_CHANGE): veth5dd0d35: link becomes ready
[ 1339.229095] docker0: port 4(vethfa1e671) entered disabled state
[ 1339.232849] docker0: port 5(vethc3a514e) entered disabled state
[ 1339.237364] docker0: port 6(veth45ab1e3) entered disabled state
[ 1339.241264] docker0: port 7(veth4653f95) entered disabled state
[ 1339.245793] docker0: port 8(veth2bc086b) entered blocking state
[ 1339.249827] docker0: port 8(veth2bc086b) entered disabled state
[ 1339.254759] device veth2bc086b entered promiscuous mode
[ 1339.259223] IPv6: ADDRCONF(NETDEV_UP): veth2bc086b: link is not ready
[ 1339.263568] docker0: port 8(veth2bc086b) entered blocking state
[ 1339.267248] docker0: port 8(veth2bc086b) entered forwarding state
[ 1339.290926] docker0: port 8(veth2bc086b) entered disabled state
[ 1339.294681] IPv6: ADDRCONF(NETDEV_CHANGE): vethfa1e671: link becomes ready
[ 1339.298959] docker0: port 4(vethfa1e671) entered blocking state
[ 1339.302829] docker0: port 4(vethfa1e671) entered forwarding state
[ 1339.335554] docker0: port 9(veth6a41824) entered blocking state
[ 1339.340214] docker0: port 9(veth6a41824) entered disabled state
[ 1339.346911] device veth6a41824 entered promiscuous mode
[ 1339.361464] IPv6: ADDRCONF(NETDEV_UP): veth6a41824: link is not ready
[ 1339.367077] docker0: port 9(veth6a41824) entered blocking state
[ 1339.367079] docker0: port 9(veth6a41824) entered forwarding state
[ 1339.393826] docker0: port 10(veth92daa01) entered blocking state
[ 1339.398741] docker0: port 10(veth92daa01) entered disabled state
[ 1339.438866] device veth92daa01 entered promiscuous mode
[ 1339.443817] IPv6: ADDRCONF(NETDEV_UP): veth92daa01: link is not ready
[ 1339.448883] docker0: port 10(veth92daa01) entered blocking state
[ 1339.453200] docker0: port 10(veth92daa01) entered forwarding state
[ 1339.513639] docker0: port 9(veth6a41824) entered disabled state
[ 1339.518462] docker0: port 10(veth92daa01) entered disabled state
[ 1339.523187] IPv6: ADDRCONF(NETDEV_CHANGE): veth45ab1e3: link becomes ready
[ 1339.528283] docker0: port 6(veth45ab1e3) entered blocking state
[ 1339.533139] docker0: port 6(veth45ab1e3) entered forwarding state
[ 1339.537964] IPv6: ADDRCONF(NETDEV_CHANGE): vethc3a514e: link becomes ready
[ 1339.542998] docker0: port 5(vethc3a514e) entered blocking state
[ 1339.547641] docker0: port 5(vethc3a514e) entered forwarding state
[ 1339.571099] docker0: port 11(veth3c063d6) entered blocking state
[ 1339.575323] docker0: port 11(veth3c063d6) entered disabled state
[ 1339.580123] device veth3c063d6 entered promiscuous mode
[ 1339.584701] IPv6: ADDRCONF(NETDEV_UP): veth3c063d6: link is not ready
[ 1339.589507] docker0: port 11(veth3c063d6) entered blocking state
[ 1339.593848] docker0: port 11(veth3c063d6) entered forwarding state
[ 1339.638371] docker0: port 12(veth6ac3621) entered blocking state
[ 1339.642853] docker0: port 12(veth6ac3621) entered disabled state
[ 1339.648916] device veth6ac3621 entered promiscuous mode
[ 1339.655421] IPv6: ADDRCONF(NETDEV_UP): veth6ac3621: link is not ready
[ 1339.659612] docker0: port 12(veth6ac3621) entered blocking state
[ 1339.663605] docker0: port 12(veth6ac3621) entered forwarding state
[ 1339.724076] docker0: port 11(veth3c063d6) entered disabled state
[ 1339.728465] docker0: port 12(veth6ac3621) entered disabled state
[ 1339.733054] IPv6: ADDRCONF(NETDEV_CHANGE): veth4653f95: link becomes ready
[ 1339.737921] docker0: port 7(veth4653f95) entered blocking state
[ 1339.742272] docker0: port 7(veth4653f95) entered forwarding state
[ 1339.772208] docker0: port 13(veth5d1cedb) entered blocking state
[ 1339.777049] docker0: port 13(veth5d1cedb) entered disabled state
[ 1339.786705] device veth5d1cedb entered promiscuous mode
[ 1339.792237] IPv6: ADDRCONF(NETDEV_UP): veth5d1cedb: link is not ready
[ 1339.797439] docker0: port 13(veth5d1cedb) entered blocking state
[ 1339.802043] docker0: port 13(veth5d1cedb) entered forwarding state
[ 1339.809728] docker0: port 13(veth5d1cedb) entered disabled state
[ 1339.814012] IPv6: ADDRCONF(NETDEV_CHANGE): veth2bc086b: link becomes ready
[ 1339.819081] docker0: port 8(veth2bc086b) entered blocking state
[ 1339.823680] docker0: port 8(veth2bc086b) entered forwarding state
[ 1339.855980] IPv6: ADDRCONF(NETDEV_CHANGE): veth6a41824: link becomes ready
[ 1339.860787] docker0: port 9(veth6a41824) entered blocking state
[ 1339.865116] docker0: port 9(veth6a41824) entered forwarding state
[ 1339.883848] docker0: port 14(vethc2cd2e5) entered blocking state
[ 1339.888288] docker0: port 14(vethc2cd2e5) entered disabled state
[ 1339.899150] device vethc2cd2e5 entered promiscuous mode
[ 1339.903532] IPv6: ADDRCONF(NETDEV_UP): vethc2cd2e5: link is not ready
[ 1339.908082] docker0: port 14(vethc2cd2e5) entered blocking state
[ 1339.912034] docker0: port 14(vethc2cd2e5) entered forwarding state
[ 1339.983134] docker0: port 15(veth403e2f9) entered blocking state
[ 1339.987852] docker0: port 15(veth403e2f9) entered disabled state
[ 1339.997814] device veth403e2f9 entered promiscuous mode
[ 1340.002212] IPv6: ADDRCONF(NETDEV_UP): veth403e2f9: link is not ready
[ 1340.006702] docker0: port 15(veth403e2f9) entered blocking state
[ 1340.011396] docker0: port 15(veth403e2f9) entered forwarding state
[ 1340.100384] docker0: port 14(vethc2cd2e5) entered disabled state
[ 1340.104888] docker0: port 15(veth403e2f9) entered disabled state
[ 1340.109260] IPv6: ADDRCONF(NETDEV_CHANGE): veth92daa01: link becomes ready
[ 1340.113939] docker0: port 10(veth92daa01) entered blocking state
[ 1340.118416] docker0: port 10(veth92daa01) entered forwarding state
[ 1340.151871] IPv6: ADDRCONF(NETDEV_CHANGE): veth6ac3621: link becomes ready
[ 1340.156293] docker0: port 12(veth6ac3621) entered blocking state
[ 1340.160831] docker0: port 12(veth6ac3621) entered forwarding state
[ 1340.168581] docker0: port 16(veth80d57b0) entered blocking state
[ 1340.173020] docker0: port 16(veth80d57b0) entered disabled state
[ 1340.177575] device veth80d57b0 entered promiscuous mode
[ 1340.182602] IPv6: ADDRCONF(NETDEV_UP): veth80d57b0: link is not ready
[ 1340.187108] docker0: port 16(veth80d57b0) entered blocking state
[ 1340.190476] docker0: port 16(veth80d57b0) entered forwarding state
[ 1340.210815] docker0: port 16(veth80d57b0) entered disabled state
[ 1340.214619] IPv6: ADDRCONF(NETDEV_CHANGE): veth3c063d6: link becomes ready
[ 1340.219273] docker0: port 11(veth3c063d6) entered blocking state
[ 1340.223743] docker0: port 11(veth3c063d6) entered forwarding state
[ 1340.246896] docker0: port 17(vethe931664) entered blocking state
[ 1340.251308] docker0: port 17(vethe931664) entered disabled state
[ 1340.319447] device vethe931664 entered promiscuous mode
[ 1340.366551] IPv6: ADDRCONF(NETDEV_UP): vethe931664: link is not ready
[ 1340.371395] docker0: port 17(vethe931664) entered blocking state
[ 1340.375745] docker0: port 17(vethe931664) entered forwarding state
[ 1340.451699] docker0: port 17(vethe931664) entered disabled state
[ 1340.456084] IPv6: ADDRCONF(NETDEV_CHANGE): veth5d1cedb: link becomes ready
[ 1340.461032] docker0: port 13(veth5d1cedb) entered blocking state
[ 1340.465301] docker0: port 13(veth5d1cedb) entered forwarding state
[ 1340.470078] docker0: port 3(veth5dd0d35) entered disabled state
[ 1340.516545] docker0: port 4(vethfa1e671) entered disabled state
[ 1340.520650] docker0: port 6(veth45ab1e3) entered disabled state
[ 1340.552928] docker0: port 4(vethfa1e671) entered disabled state
[ 1340.560628] device vethfa1e671 left promiscuous mode
[ 1340.564336] docker0: port 4(vethfa1e671) entered disabled state
[ 1340.583847] docker0: port 4(veth26c64f3) entered blocking state
[ 1340.587798] docker0: port 4(veth26c64f3) entered disabled state
[ 1340.592258] device veth26c64f3 entered promiscuous mode
[ 1340.596756] IPv6: ADDRCONF(NETDEV_UP): veth26c64f3: link is not ready
[ 1340.601307] docker0: port 4(veth26c64f3) entered blocking state
[ 1340.605395] docker0: port 4(veth26c64f3) entered forwarding state
[ 1340.611318] docker0: port 6(veth45ab1e3) entered disabled state
[ 1340.619226] device veth45ab1e3 left promiscuous mode
[ 1340.622334] docker0: port 6(veth45ab1e3) entered disabled state
[ 1340.641960] docker0: port 3(veth5dd0d35) entered disabled state
[ 1340.649954] device veth5dd0d35 left promiscuous mode
[ 1340.652945] docker0: port 3(veth5dd0d35) entered disabled state
[ 1340.697133] docker0: port 4(veth26c64f3) entered disabled state
[ 1340.701811] IPv6: ADDRCONF(NETDEV_CHANGE): veth403e2f9: link becomes ready
[ 1340.706823] docker0: port 15(veth403e2f9) entered blocking state
[ 1340.711265] docker0: port 15(veth403e2f9) entered forwarding state
[ 1340.769833] IPv6: ADDRCONF(NETDEV_CHANGE): vethc2cd2e5: link becomes ready
[ 1340.775012] docker0: port 14(vethc2cd2e5) entered blocking state
[ 1340.779489] docker0: port 14(vethc2cd2e5) entered forwarding state
[ 1340.783880] docker0: port 7(veth4653f95) entered disabled state
[ 1340.798603] docker0: port 3(vethf62e9d0) entered blocking state
[ 1340.803575] docker0: port 3(vethf62e9d0) entered disabled state
[ 1340.819482] device vethf62e9d0 entered promiscuous mode
[ 1340.832587] IPv6: ADDRCONF(NETDEV_UP): vethf62e9d0: link is not ready
[ 1340.838497] docker0: port 3(vethf62e9d0) entered blocking state
[ 1340.842937] docker0: port 3(vethf62e9d0) entered forwarding state
[ 1340.904513] docker0: port 3(vethf62e9d0) entered disabled state
[ 1340.909104] IPv6: ADDRCONF(NETDEV_CHANGE): veth80d57b0: link becomes ready
[ 1340.914029] docker0: port 16(veth80d57b0) entered blocking state
[ 1340.918633] docker0: port 16(veth80d57b0) entered forwarding state
[ 1341.040358] IPv6: ADDRCONF(NETDEV_CHANGE): vethe931664: link becomes ready
[ 1341.044631] docker0: port 17(vethe931664) entered blocking state
[ 1341.048346] docker0: port 17(vethe931664) entered forwarding state
[ 1343.815862] docker0: port 7(veth4653f95) entered disabled state
[ 1343.823993] device veth4653f95 left promiscuous mode
[ 1343.827719] docker0: port 7(veth4653f95) entered disabled state
[ 1343.860500] docker0: port 5(vethc3a514e) entered disabled state
[ 1343.868933] docker0: port 9(veth6a41824) entered disabled state
[ 1343.898783] docker0: port 8(veth2bc086b) entered disabled state
[ 1343.918853] docker0: port 5(vethc3a514e) entered disabled state
[ 1343.926294] device vethc3a514e left promiscuous mode
[ 1343.930289] docker0: port 5(vethc3a514e) entered disabled state
[ 1343.955402] docker0: port 8(veth2bc086b) entered disabled state
[ 1343.965751] device veth2bc086b left promiscuous mode
[ 1343.969224] docker0: port 8(veth2bc086b) entered disabled state
[ 1344.061352] docker0: port 10(veth92daa01) entered disabled state
[ 1344.069860] docker0: port 9(veth6a41824) entered disabled state
[ 1344.078105] device veth6a41824 left promiscuous mode
[ 1344.082045] docker0: port 9(veth6a41824) entered disabled state
[ 1344.115285] docker0: port 13(veth5d1cedb) entered disabled state
[ 1344.141766] docker0: port 10(veth92daa01) entered disabled state
[ 1344.149723] device veth92daa01 left promiscuous mode
[ 1344.153382] docker0: port 10(veth92daa01) entered disabled state
[ 1344.180890] docker0: port 14(vethc2cd2e5) entered disabled state
[ 1344.184546] docker0: port 12(veth6ac3621) entered disabled state
[ 1344.201819] docker0: port 13(veth5d1cedb) entered disabled state
[ 1344.209749] device veth5d1cedb left promiscuous mode
[ 1344.213044] docker0: port 13(veth5d1cedb) entered disabled state
[ 1344.336319] docker0: port 11(veth3c063d6) entered disabled state
[ 1344.340142] docker0: port 14(vethc2cd2e5) entered disabled state
[ 1344.347698] device vethc2cd2e5 left promiscuous mode
[ 1344.350629] docker0: port 14(vethc2cd2e5) entered disabled state
[ 1344.384817] docker0: port 15(veth403e2f9) entered disabled state
[ 1344.389155] docker0: port 12(veth6ac3621) entered disabled state
[ 1344.396132] device veth6ac3621 left promiscuous mode
[ 1344.399087] docker0: port 12(veth6ac3621) entered disabled state
[ 1344.444927] docker0: port 11(veth3c063d6) entered disabled state
[ 1344.452469] device veth3c063d6 left promiscuous mode
[ 1344.455525] docker0: port 11(veth3c063d6) entered disabled state
[ 1344.465817] IPv6: ADDRCONF(NETDEV_CHANGE): veth26c64f3: link becomes ready
[ 1344.470622] docker0: port 4(veth26c64f3) entered blocking state
[ 1344.474914] docker0: port 4(veth26c64f3) entered forwarding state
[ 1344.486356] docker0: port 15(veth403e2f9) entered disabled state
[ 1344.496344] device veth403e2f9 left promiscuous mode
[ 1344.500140] docker0: port 15(veth403e2f9) entered disabled state
[ 1344.554814] IPv6: ADDRCONF(NETDEV_CHANGE): vethf62e9d0: link becomes ready
[ 1344.559401] docker0: port 3(vethf62e9d0) entered blocking state
[ 1344.562966] docker0: port 3(vethf62e9d0) entered forwarding state
[ 1344.737225] docker0: port 16(veth80d57b0) entered disabled state
[ 1344.772661] docker0: port 16(veth80d57b0) entered disabled state
[ 1344.780368] device veth80d57b0 left promiscuous mode
[ 1344.783942] docker0: port 16(veth80d57b0) entered disabled state
[ 1344.792312] docker0: port 17(vethe931664) entered disabled state
[ 1344.801442] docker0: port 17(vethe931664) entered disabled state
[ 1344.808920] device vethe931664 left promiscuous mode
[ 1344.811873] docker0: port 17(vethe931664) entered disabled state
[ 1345.173714] docker0: port 4(veth26c64f3) entered disabled state
[ 1345.179267] docker0: port 4(veth26c64f3) entered disabled state
[ 1345.186890] device veth26c64f3 left promiscuous mode
[ 1345.189963] docker0: port 4(veth26c64f3) entered disabled state
[ 1345.264587] docker0: port 3(vethf62e9d0) entered disabled state
[ 1345.270266] docker0: port 3(vethf62e9d0) entered disabled state
[ 1345.277413] device vethf62e9d0 left promiscuous mode
[ 1345.280381] docker0: port 3(vethf62e9d0) entered disabled state
[ 1348.876081] docker0: port 3(vethd75ff3f) entered blocking state
[ 1348.879736] docker0: port 3(vethd75ff3f) entered disabled state
[ 1348.883771] device vethd75ff3f entered promiscuous mode
[ 1348.887026] IPv6: ADDRCONF(NETDEV_UP): vethd75ff3f: link is not ready
[ 1348.890737] docker0: port 3(vethd75ff3f) entered blocking state
[ 1348.894048] docker0: port 3(vethd75ff3f) entered forwarding state
[ 1348.900145] docker0: port 3(vethd75ff3f) entered disabled state
[ 1348.995570] IPv6: ADDRCONF(NETDEV_CHANGE): vethd75ff3f: link becomes ready
[ 1348.999703] docker0: port 3(vethd75ff3f) entered blocking state
[ 1349.003466] docker0: port 3(vethd75ff3f) entered forwarding state
[ 1349.213331] docker0: port 4(vetha8dd930) entered blocking state
[ 1349.217631] docker0: port 4(vetha8dd930) entered disabled state
[ 1349.221839] device vetha8dd930 entered promiscuous mode
[ 1349.225678] IPv6: ADDRCONF(NETDEV_UP): vetha8dd930: link is not ready
[ 1349.229829] docker0: port 4(vetha8dd930) entered blocking state
[ 1349.233979] docker0: port 4(vetha8dd930) entered forwarding state
[ 1349.244659] docker0: port 5(vethed646af) entered blocking state
[ 1349.248110] docker0: port 5(vethed646af) entered disabled state
[ 1349.252731] device vethed646af entered promiscuous mode
[ 1349.256527] IPv6: ADDRCONF(NETDEV_UP): vethed646af: link is not ready
[ 1349.260324] docker0: port 5(vethed646af) entered blocking state
[ 1349.264705] docker0: port 5(vethed646af) entered forwarding state
[ 1349.281395] docker0: port 6(veth8dd0aeb) entered blocking state
[ 1349.285419] docker0: port 6(veth8dd0aeb) entered disabled state
[ 1349.290660] device veth8dd0aeb entered promiscuous mode
[ 1349.294524] IPv6: ADDRCONF(NETDEV_UP): veth8dd0aeb: link is not ready
[ 1349.299040] docker0: port 6(veth8dd0aeb) entered blocking state
[ 1349.303206] docker0: port 6(veth8dd0aeb) entered forwarding state
[ 1349.378999] docker0: port 7(vetheda819b) entered blocking state
[ 1349.383031] docker0: port 7(vetheda819b) entered disabled state
[ 1349.387005] device vetheda819b entered promiscuous mode
[ 1349.393007] IPv6: ADDRCONF(NETDEV_UP): vetheda819b: link is not ready
[ 1349.397391] docker0: port 7(vetheda819b) entered blocking state
[ 1349.400637] docker0: port 7(vetheda819b) entered forwarding state
[ 1349.430455] docker0: port 8(veth5927be1) entered blocking state
[ 1349.434692] docker0: port 8(veth5927be1) entered disabled state
[ 1349.439070] device veth5927be1 entered promiscuous mode
[ 1349.445296] IPv6: ADDRCONF(NETDEV_UP): veth5927be1: link is not ready
[ 1349.449662] docker0: port 8(veth5927be1) entered blocking state
[ 1349.453867] docker0: port 8(veth5927be1) entered forwarding state
[ 1349.492436] docker0: port 9(vethe0c7ad4) entered blocking state
[ 1349.496494] docker0: port 9(vethe0c7ad4) entered disabled state
[ 1349.500618] device vethe0c7ad4 entered promiscuous mode
[ 1349.504947] IPv6: ADDRCONF(NETDEV_UP): vethe0c7ad4: link is not ready
[ 1349.509306] docker0: port 9(vethe0c7ad4) entered blocking state
[ 1349.513359] docker0: port 9(vethe0c7ad4) entered forwarding state
[ 1349.565106] IPv6: ADDRCONF(NETDEV_CHANGE): vetha8dd930: link becomes ready
[ 1349.571073] docker0: port 5(vethed646af) entered disabled state
[ 1349.575366] docker0: port 6(veth8dd0aeb) entered disabled state
[ 1349.579710] docker0: port 7(vetheda819b) entered disabled state
[ 1349.584143] docker0: port 8(veth5927be1) entered disabled state
[ 1349.588596] docker0: port 9(vethe0c7ad4) entered disabled state
[ 1349.595631] docker0: port 10(vetha14f2c8) entered blocking state
[ 1349.599736] docker0: port 10(vetha14f2c8) entered disabled state
[ 1349.604070] device vetha14f2c8 entered promiscuous mode
[ 1349.610233] IPv6: ADDRCONF(NETDEV_UP): vetha14f2c8: link is not ready
[ 1349.614223] docker0: port 10(vetha14f2c8) entered blocking state
[ 1349.618574] docker0: port 10(vetha14f2c8) entered forwarding state
[ 1349.643229] docker0: port 10(vetha14f2c8) entered disabled state
[ 1349.647465] IPv6: ADDRCONF(NETDEV_CHANGE): vethed646af: link becomes ready
[ 1349.652548] docker0: port 5(vethed646af) entered blocking state
[ 1349.656866] docker0: port 5(vethed646af) entered forwarding state
[ 1349.665766] docker0: port 11(veth86e0f65) entered blocking state
[ 1349.669238] docker0: port 11(veth86e0f65) entered disabled state
[ 1349.714352] device veth86e0f65 entered promiscuous mode
[ 1349.766424] IPv6: ADDRCONF(NETDEV_UP): veth86e0f65: link is not ready
[ 1349.770885] docker0: port 11(veth86e0f65) entered blocking state
[ 1349.774922] docker0: port 11(veth86e0f65) entered forwarding state
[ 1349.817449] docker0: port 11(veth86e0f65) entered disabled state
[ 1349.821838] IPv6: ADDRCONF(NETDEV_CHANGE): veth8dd0aeb: link becomes ready
[ 1349.826651] docker0: port 6(veth8dd0aeb) entered blocking state
[ 1349.831171] docker0: port 6(veth8dd0aeb) entered forwarding state
[ 1349.843073] docker0: port 12(veth83f8af4) entered blocking state
[ 1349.847535] docker0: port 12(veth83f8af4) entered disabled state
[ 1349.852263] device veth83f8af4 entered promiscuous mode
[ 1349.856577] IPv6: ADDRCONF(NETDEV_UP): veth83f8af4: link is not ready
[ 1349.861065] docker0: port 12(veth83f8af4) entered blocking state
[ 1349.865311] docker0: port 12(veth83f8af4) entered forwarding state
[ 1349.896385] docker0: port 13(veth2d851a4) entered blocking state
[ 1349.900660] docker0: port 13(veth2d851a4) entered disabled state
[ 1349.905827] device veth2d851a4 entered promiscuous mode
[ 1349.909863] IPv6: ADDRCONF(NETDEV_UP): veth2d851a4: link is not ready
[ 1349.914303] docker0: port 13(veth2d851a4) entered blocking state
[ 1349.918531] docker0: port 13(veth2d851a4) entered forwarding state
[ 1349.924225] docker0: port 12(veth83f8af4) entered disabled state
[ 1349.928568] docker0: port 13(veth2d851a4) entered disabled state
[ 1349.971880] docker0: port 14(veth293085f) entered blocking state
[ 1349.976547] docker0: port 14(veth293085f) entered disabled state
[ 1349.981561] device veth293085f entered promiscuous mode
[ 1349.985834] IPv6: ADDRCONF(NETDEV_UP): veth293085f: link is not ready
[ 1349.990712] docker0: port 14(veth293085f) entered blocking state
[ 1349.994817] docker0: port 14(veth293085f) entered forwarding state
[ 1350.071819] docker0: port 14(veth293085f) entered disabled state
[ 1350.075790] IPv6: ADDRCONF(NETDEV_CHANGE): vetheda819b: link becomes ready
[ 1350.080338] docker0: port 7(vetheda819b) entered blocking state
[ 1350.084555] docker0: port 7(vetheda819b) entered forwarding state
[ 1350.100631] docker0: port 15(vethcb79d70) entered blocking state
[ 1350.104897] docker0: port 15(vethcb79d70) entered disabled state
[ 1350.109200] device vethcb79d70 entered promiscuous mode
[ 1350.113460] IPv6: ADDRCONF(NETDEV_UP): vethcb79d70: link is not ready
[ 1350.117986] docker0: port 15(vethcb79d70) entered blocking state
[ 1350.122194] docker0: port 15(vethcb79d70) entered forwarding state
[ 1350.133002] docker0: port 15(vethcb79d70) entered disabled state
[ 1350.137420] IPv6: ADDRCONF(NETDEV_CHANGE): veth5927be1: link becomes ready
[ 1350.142406] docker0: port 8(veth5927be1) entered blocking state
[ 1350.146514] docker0: port 8(veth5927be1) entered forwarding state
[ 1350.152672] docker0: port 16(veth18ab05a) entered blocking state
[ 1350.156983] docker0: port 16(veth18ab05a) entered disabled state
[ 1350.167268] device veth18ab05a entered promiscuous mode
[ 1350.171178] IPv6: ADDRCONF(NETDEV_UP): veth18ab05a: link is not ready
[ 1350.175435] docker0: port 16(veth18ab05a) entered blocking state
[ 1350.179741] docker0: port 16(veth18ab05a) entered forwarding state
[ 1350.204909] docker0: port 16(veth18ab05a) entered disabled state
[ 1350.211156] IPv6: ADDRCONF(NETDEV_CHANGE): vethe0c7ad4: link becomes ready
[ 1350.217818] docker0: port 9(vethe0c7ad4) entered blocking state
[ 1350.222427] docker0: port 9(vethe0c7ad4) entered forwarding state
[ 1350.246203] IPv6: ADDRCONF(NETDEV_CHANGE): vetha14f2c8: link becomes ready
[ 1350.250787] docker0: port 10(vetha14f2c8) entered blocking state
[ 1350.255259] docker0: port 10(vetha14f2c8) entered forwarding state
[ 1350.271405] docker0: port 17(veth9919f98) entered blocking state
[ 1350.275941] docker0: port 17(veth9919f98) entered disabled state
[ 1350.281950] device veth9919f98 entered promiscuous mode
[ 1350.286719] IPv6: ADDRCONF(NETDEV_UP): veth9919f98: link is not ready
[ 1350.291627] docker0: port 17(veth9919f98) entered blocking state
[ 1350.296172] docker0: port 17(veth9919f98) entered forwarding state
[ 1350.350768] docker0: port 17(veth9919f98) entered disabled state
[ 1350.355096] IPv6: ADDRCONF(NETDEV_CHANGE): veth86e0f65: link becomes ready
[ 1350.359767] docker0: port 11(veth86e0f65) entered blocking state
[ 1350.364219] docker0: port 11(veth86e0f65) entered forwarding state
[ 1350.424097] IPv6: ADDRCONF(NETDEV_CHANGE): veth83f8af4: link becomes ready
[ 1350.429187] docker0: port 12(veth83f8af4) entered blocking state
[ 1350.433395] docker0: port 12(veth83f8af4) entered forwarding state
[ 1350.479460] docker0: port 18(veth2a2fb00) entered blocking state
[ 1350.484323] docker0: port 18(veth2a2fb00) entered disabled state
[ 1350.507380] device veth2a2fb00 entered promiscuous mode
[ 1350.512774] IPv6: ADDRCONF(NETDEV_UP): veth2a2fb00: link is not ready
[ 1350.517489] docker0: port 18(veth2a2fb00) entered blocking state
[ 1350.521914] docker0: port 18(veth2a2fb00) entered forwarding state
[ 1350.629044] docker0: port 18(veth2a2fb00) entered disabled state
[ 1350.634022] IPv6: ADDRCONF(NETDEV_CHANGE): veth293085f: link becomes ready
[ 1350.639164] docker0: port 14(veth293085f) entered blocking state
[ 1350.643803] docker0: port 14(veth293085f) entered forwarding state
[ 1350.733069] IPv6: ADDRCONF(NETDEV_CHANGE): veth2d851a4: link becomes ready
[ 1350.738025] docker0: port 13(veth2d851a4) entered blocking state
[ 1350.742372] docker0: port 13(veth2d851a4) entered forwarding state
[ 1350.797576] docker0: port 4(vetha8dd930) entered disabled state
[ 1350.843882] IPv6: ADDRCONF(NETDEV_CHANGE): vethcb79d70: link becomes ready
[ 1350.849075] docker0: port 15(vethcb79d70) entered blocking state
[ 1350.853051] docker0: port 15(vethcb79d70) entered forwarding state
[ 1350.869290] docker0: port 4(vetha8dd930) entered disabled state
[ 1350.882166] device vetha8dd930 left promiscuous mode
[ 1350.886492] docker0: port 4(vetha8dd930) entered disabled state
[ 1350.937023] IPv6: ADDRCONF(NETDEV_CHANGE): veth9919f98: link becomes ready
[ 1350.942040] docker0: port 17(veth9919f98) entered blocking state
[ 1350.946852] docker0: port 17(veth9919f98) entered forwarding state
[ 1350.974097] IPv6: ADDRCONF(NETDEV_CHANGE): veth18ab05a: link becomes ready
[ 1350.979225] docker0: port 16(veth18ab05a) entered blocking state
[ 1350.983747] docker0: port 16(veth18ab05a) entered forwarding state
[ 1351.002647] docker0: port 5(vethed646af) entered disabled state
[ 1351.052480] docker0: port 5(vethed646af) entered disabled state
[ 1351.061260] device vethed646af left promiscuous mode
[ 1351.064940] docker0: port 5(vethed646af) entered disabled state
[ 1351.104125] docker0: port 8(veth5927be1) entered disabled state
[ 1351.175008] docker0: port 7(vetheda819b) entered disabled state
[ 1351.186288] docker0: port 8(veth5927be1) entered disabled state
[ 1351.195478] device veth5927be1 left promiscuous mode
[ 1351.199419] docker0: port 8(veth5927be1) entered disabled state
[ 1351.248003] docker0: port 6(veth8dd0aeb) entered disabled state
[ 1351.257443] docker0: port 7(vetheda819b) entered disabled state
[ 1351.267423] device vetheda819b left promiscuous mode
[ 1351.271647] docker0: port 7(vetheda819b) entered disabled state
[ 1351.294783] docker0: port 6(veth8dd0aeb) entered disabled state
[ 1351.302723] device veth8dd0aeb left promiscuous mode
[ 1351.305788] docker0: port 6(veth8dd0aeb) entered disabled state
[ 1351.383486] docker0: port 9(vethe0c7ad4) entered disabled state
[ 1351.387642] docker0: port 10(vetha14f2c8) entered disabled state
[ 1351.392036] docker0: port 9(vethe0c7ad4) entered disabled state
[ 1351.399443] device vethe0c7ad4 left promiscuous mode
[ 1351.402979] docker0: port 9(vethe0c7ad4) entered disabled state
[ 1351.443660] docker0: port 11(veth86e0f65) entered disabled state
[ 1351.465185] docker0: port 14(veth293085f) entered disabled state
[ 1351.468619] docker0: port 12(veth83f8af4) entered disabled state
[ 1351.510634] docker0: port 11(veth86e0f65) entered disabled state
[ 1351.519104] device veth86e0f65 left promiscuous mode
[ 1351.522253] docker0: port 11(veth86e0f65) entered disabled state
[ 1351.546245] docker0: port 13(veth2d851a4) entered disabled state
[ 1351.549809] IPv6: ADDRCONF(NETDEV_CHANGE): veth2a2fb00: link becomes ready
[ 1351.554080] docker0: port 18(veth2a2fb00) entered blocking state
[ 1351.557571] docker0: port 18(veth2a2fb00) entered forwarding state
[ 1351.574425] docker0: port 14(veth293085f) entered disabled state
[ 1351.581877] device veth293085f left promiscuous mode
[ 1351.584945] docker0: port 14(veth293085f) entered disabled state
[ 1351.603329] docker0: port 10(vetha14f2c8) entered disabled state
[ 1351.610921] device vetha14f2c8 left promiscuous mode
[ 1351.614095] docker0: port 10(vetha14f2c8) entered disabled state
[ 1351.640774] docker0: port 15(vethcb79d70) entered disabled state
[ 1351.645023] docker0: port 13(veth2d851a4) entered disabled state
[ 1351.652339] device veth2d851a4 left promiscuous mode
[ 1351.655821] docker0: port 13(veth2d851a4) entered disabled state
[ 1351.687469] docker0: port 12(veth83f8af4) entered disabled state
[ 1351.694443] device veth83f8af4 left promiscuous mode
[ 1351.697492] docker0: port 12(veth83f8af4) entered disabled state
[ 1351.721309] docker0: port 15(vethcb79d70) entered disabled state
[ 1351.731926] device vethcb79d70 left promiscuous mode
[ 1351.735434] docker0: port 15(vethcb79d70) entered disabled state
[ 1351.877248] docker0: port 16(veth18ab05a) entered disabled state
[ 1351.880705] docker0: port 17(veth9919f98) entered disabled state
[ 1351.904589] docker0: port 16(veth18ab05a) entered disabled state
[ 1351.911974] device veth18ab05a left promiscuous mode
[ 1351.915420] docker0: port 16(veth18ab05a) entered disabled state
[ 1351.930605] docker0: port 17(veth9919f98) entered disabled state
[ 1351.938795] device veth9919f98 left promiscuous mode
[ 1351.942268] docker0: port 17(veth9919f98) entered disabled state
[ 1352.320754] docker0: port 18(veth2a2fb00) entered disabled state
[ 1352.325693] docker0: port 18(veth2a2fb00) entered disabled state
[ 1352.332524] device veth2a2fb00 left promiscuous mode
[ 1352.335459] docker0: port 18(veth2a2fb00) entered disabled state
[ 1352.701017] docker0: port 4(veth7fe370c) entered blocking state
[ 1352.704967] docker0: port 4(veth7fe370c) entered disabled state
[ 1352.708263] device veth7fe370c entered promiscuous mode
[ 1352.711392] IPv6: ADDRCONF(NETDEV_UP): veth7fe370c: link is not ready
[ 1352.714824] docker0: port 4(veth7fe370c) entered blocking state
[ 1352.718100] docker0: port 4(veth7fe370c) entered forwarding state
[ 1352.817614] IPv6: ADDRCONF(NETDEV_CHANGE): veth7fe370c: link becomes ready
[ 1352.973569] docker0: port 5(vethc1e4c44) entered blocking state
[ 1352.977764] docker0: port 5(vethc1e4c44) entered disabled state
[ 1352.981868] device vethc1e4c44 entered promiscuous mode
[ 1352.985118] IPv6: ADDRCONF(NETDEV_UP): vethc1e4c44: link is not ready
[ 1352.989661] docker0: port 5(vethc1e4c44) entered blocking state
[ 1352.993884] docker0: port 5(vethc1e4c44) entered forwarding state
[ 1352.998673] docker0: port 5(vethc1e4c44) entered disabled state
[ 1353.152658] IPv6: ADDRCONF(NETDEV_CHANGE): vethc1e4c44: link becomes ready
[ 1353.158068] docker0: port 5(vethc1e4c44) entered blocking state
[ 1353.162767] docker0: port 5(vethc1e4c44) entered forwarding state
[ 1354.418361] docker0: port 6(veth1ae420d) entered blocking state
[ 1354.424307] docker0: port 6(veth1ae420d) entered disabled state
[ 1354.428618] device veth1ae420d entered promiscuous mode
[ 1354.433602] IPv6: ADDRCONF(NETDEV_UP): veth1ae420d: link is not ready
[ 1354.502747] docker0: port 7(veth730c1da) entered blocking state
[ 1354.506293] docker0: port 7(veth730c1da) entered disabled state
[ 1354.509700] device veth730c1da entered promiscuous mode
[ 1354.513804] IPv6: ADDRCONF(NETDEV_UP): veth730c1da: link is not ready
[ 1354.517721] docker0: port 7(veth730c1da) entered blocking state
[ 1354.521975] docker0: port 7(veth730c1da) entered forwarding state
[ 1354.546990] docker0: port 8(veth881dfe8) entered blocking state
[ 1354.551278] docker0: port 8(veth881dfe8) entered disabled state
[ 1354.555912] device veth881dfe8 entered promiscuous mode
[ 1354.560214] IPv6: ADDRCONF(NETDEV_UP): veth881dfe8: link is not ready
[ 1354.564018] docker0: port 8(veth881dfe8) entered blocking state
[ 1354.567577] docker0: port 8(veth881dfe8) entered forwarding state
[ 1354.579233] docker0: port 9(vethfd18cd3) entered blocking state
[ 1354.583568] docker0: port 9(vethfd18cd3) entered disabled state
[ 1354.597385] device vethfd18cd3 entered promiscuous mode
[ 1354.603222] IPv6: ADDRCONF(NETDEV_UP): vethfd18cd3: link is not ready
[ 1354.607208] docker0: port 9(vethfd18cd3) entered blocking state
[ 1354.610696] docker0: port 9(vethfd18cd3) entered forwarding state
[ 1354.823692] docker0: port 7(veth730c1da) entered disabled state
[ 1354.829481] docker0: port 8(veth881dfe8) entered disabled state
[ 1354.834918] docker0: port 9(vethfd18cd3) entered disabled state
[ 1354.839487] IPv6: ADDRCONF(NETDEV_CHANGE): veth1ae420d: link becomes ready
[ 1354.844152] docker0: port 6(veth1ae420d) entered blocking state
[ 1354.848933] docker0: port 6(veth1ae420d) entered forwarding state
[ 1354.890721] IPv6: ADDRCONF(NETDEV_CHANGE): veth881dfe8: link becomes ready
[ 1354.895723] docker0: port 8(veth881dfe8) entered blocking state
[ 1354.900130] docker0: port 8(veth881dfe8) entered forwarding state
[ 1354.951094] IPv6: ADDRCONF(NETDEV_CHANGE): veth730c1da: link becomes ready
[ 1354.956380] docker0: port 7(veth730c1da) entered blocking state
[ 1354.961105] docker0: port 7(veth730c1da) entered forwarding state
[ 1355.032397] IPv6: ADDRCONF(NETDEV_CHANGE): vethfd18cd3: link becomes ready
[ 1355.037978] docker0: port 9(vethfd18cd3) entered blocking state
[ 1355.042633] docker0: port 9(vethfd18cd3) entered forwarding state
[ 1360.209388] docker0: port 10(veth84e3d17) entered blocking state
[ 1360.213337] docker0: port 10(veth84e3d17) entered disabled state
[ 1360.219074] device veth84e3d17 entered promiscuous mode
[ 1360.222779] IPv6: ADDRCONF(NETDEV_UP): veth84e3d17: link is not ready
[ 1360.227903] docker0: port 10(veth84e3d17) entered blocking state
[ 1360.231894] docker0: port 10(veth84e3d17) entered forwarding state
[ 1360.235553] docker0: port 10(veth84e3d17) entered disabled state
[ 1360.371612] IPv6: ADDRCONF(NETDEV_CHANGE): veth84e3d17: link becomes ready
[ 1360.375673] docker0: port 10(veth84e3d17) entered blocking state
[ 1360.379957] docker0: port 10(veth84e3d17) entered forwarding state
[ 1371.234533] docker0: port 11(veth6cb9648) entered blocking state
[ 1371.239795] docker0: port 11(veth6cb9648) entered disabled state
[ 1371.244635] device veth6cb9648 entered promiscuous mode
[ 1371.249429] IPv6: ADDRCONF(NETDEV_UP): veth6cb9648: link is not ready
[ 1371.254862] docker0: port 11(veth6cb9648) entered blocking state
[ 1371.259809] docker0: port 11(veth6cb9648) entered forwarding state
[ 1371.265319] docker0: port 11(veth6cb9648) entered disabled state
[ 1371.279853] docker0: port 12(veth0896db5) entered blocking state
[ 1371.284655] docker0: port 12(veth0896db5) entered disabled state
[ 1371.291130] device veth0896db5 entered promiscuous mode
[ 1371.296182] IPv6: ADDRCONF(NETDEV_UP): veth0896db5: link is not ready
[ 1371.301843] docker0: port 12(veth0896db5) entered blocking state
[ 1371.307255] docker0: port 12(veth0896db5) entered forwarding state
[ 1372.023995] docker0: port 13(veth1dcaf57) entered blocking state
[ 1372.027994] docker0: port 13(veth1dcaf57) entered disabled state
[ 1372.031897] device veth1dcaf57 entered promiscuous mode
[ 1372.036709] IPv6: ADDRCONF(NETDEV_UP): veth1dcaf57: link is not ready
[ 1372.041587] docker0: port 13(veth1dcaf57) entered blocking state
[ 1372.046613] docker0: port 13(veth1dcaf57) entered forwarding state
[ 1372.122766] docker0: port 14(vethaf6b85d) entered blocking state
[ 1372.127690] docker0: port 14(vethaf6b85d) entered disabled state
[ 1372.132764] device vethaf6b85d entered promiscuous mode
[ 1372.138023] IPv6: ADDRCONF(NETDEV_UP): vethaf6b85d: link is not ready
[ 1372.143046] docker0: port 14(vethaf6b85d) entered blocking state
[ 1372.147350] docker0: port 14(vethaf6b85d) entered forwarding state
[ 1372.179879] docker0: port 15(vethda55f0b) entered blocking state
[ 1372.184982] docker0: port 15(vethda55f0b) entered disabled state
[ 1372.215465] device vethda55f0b entered promiscuous mode
[ 1372.219696] IPv6: ADDRCONF(NETDEV_UP): vethda55f0b: link is not ready
[ 1372.224338] docker0: port 15(vethda55f0b) entered blocking state
[ 1372.229485] docker0: port 15(vethda55f0b) entered forwarding state
[ 1372.268096] docker0: port 12(veth0896db5) entered disabled state
[ 1372.272574] docker0: port 13(veth1dcaf57) entered disabled state
[ 1372.278000] docker0: port 14(vethaf6b85d) entered disabled state
[ 1372.283370] docker0: port 15(vethda55f0b) entered disabled state
[ 1372.341281] IPv6: ADDRCONF(NETDEV_CHANGE): veth0896db5: link becomes ready
[ 1372.346997] docker0: port 12(veth0896db5) entered blocking state
[ 1372.351511] docker0: port 12(veth0896db5) entered forwarding state
[ 1372.369872] IPv6: ADDRCONF(NETDEV_CHANGE): veth6cb9648: link becomes ready
[ 1372.375339] docker0: port 11(veth6cb9648) entered blocking state
[ 1372.380334] docker0: port 11(veth6cb9648) entered forwarding state
[ 1372.416091] IPv6: ADDRCONF(NETDEV_CHANGE): vethaf6b85d: link becomes ready
[ 1372.422512] docker0: port 14(vethaf6b85d) entered blocking state
[ 1372.427804] docker0: port 14(vethaf6b85d) entered forwarding state
[ 1372.440097] IPv6: ADDRCONF(NETDEV_CHANGE): veth1dcaf57: link becomes ready
[ 1372.445749] docker0: port 13(veth1dcaf57) entered blocking state
[ 1372.450056] docker0: port 13(veth1dcaf57) entered forwarding state
[ 1372.539283] IPv6: ADDRCONF(NETDEV_CHANGE): vethda55f0b: link becomes ready
[ 1372.546056] docker0: port 15(vethda55f0b) entered blocking state
[ 1372.550920] docker0: port 15(vethda55f0b) entered forwarding state
[ 1375.349169] docker0: port 16(veth701fa30) entered blocking state
[ 1375.354792] docker0: port 16(veth701fa30) entered disabled state
[ 1375.358892] device veth701fa30 entered promiscuous mode
[ 1375.362693] IPv6: ADDRCONF(NETDEV_UP): veth701fa30: link is not ready
[ 1375.366670] docker0: port 16(veth701fa30) entered blocking state
[ 1375.370423] docker0: port 16(veth701fa30) entered forwarding state
[ 1375.374732] docker0: port 16(veth701fa30) entered disabled state
[ 1375.442478] docker0: port 17(veth476f79e) entered blocking state
[ 1375.447025] docker0: port 17(veth476f79e) entered disabled state
[ 1375.451018] device veth476f79e entered promiscuous mode
[ 1375.454579] IPv6: ADDRCONF(NETDEV_UP): veth476f79e: link is not ready
[ 1375.459546] docker0: port 17(veth476f79e) entered blocking state
[ 1375.464216] docker0: port 17(veth476f79e) entered forwarding state
[ 1375.555002] docker0: port 17(veth476f79e) entered disabled state
[ 1375.561192] IPv6: ADDRCONF(NETDEV_CHANGE): veth701fa30: link becomes ready
[ 1375.566520] docker0: port 16(veth701fa30) entered blocking state
[ 1375.571126] docker0: port 16(veth701fa30) entered forwarding state
[ 1375.652619] IPv6: ADDRCONF(NETDEV_CHANGE): veth476f79e: link becomes ready
[ 1375.658120] docker0: port 17(veth476f79e) entered blocking state
[ 1375.663371] docker0: port 17(veth476f79e) entered forwarding state
[ 1385.547335] docker0: port 18(vethae2203e) entered blocking state
[ 1385.551456] docker0: port 18(vethae2203e) entered disabled state
[ 1385.555433] device vethae2203e entered promiscuous mode
[ 1385.559288] IPv6: ADDRCONF(NETDEV_UP): vethae2203e: link is not ready
[ 1385.563281] docker0: port 18(vethae2203e) entered blocking state
[ 1385.567112] docker0: port 18(vethae2203e) entered forwarding state
[ 1385.572096] docker0: port 18(vethae2203e) entered disabled state
[ 1385.677794] IPv6: ADDRCONF(NETDEV_CHANGE): vethae2203e: link becomes ready
[ 1385.683338] docker0: port 18(vethae2203e) entered blocking state
[ 1385.687494] docker0: port 18(vethae2203e) entered forwarding state
[ 1386.372572] docker0: port 18(vethae2203e) entered disabled state
[ 1386.379528] docker0: port 18(vethae2203e) entered disabled state
[ 1386.388901] device vethae2203e left promiscuous mode
[ 1386.392706] docker0: port 18(vethae2203e) entered disabled state
[ 1386.487803] docker0: port 18(vethfbba2ab) entered blocking state
[ 1386.492767] docker0: port 18(vethfbba2ab) entered disabled state
[ 1386.497097] device vethfbba2ab entered promiscuous mode
[ 1386.501014] IPv6: ADDRCONF(NETDEV_UP): vethfbba2ab: link is not ready
[ 1386.506190] docker0: port 18(vethfbba2ab) entered blocking state
[ 1386.510971] docker0: port 18(vethfbba2ab) entered forwarding state
[ 1386.574534] docker0: port 18(vethfbba2ab) entered disabled state
[ 1386.631695] IPv6: ADDRCONF(NETDEV_CHANGE): vethfbba2ab: link becomes ready
[ 1386.637095] docker0: port 18(vethfbba2ab) entered blocking state
[ 1386.641891] docker0: port 18(vethfbba2ab) entered forwarding state
[ 1387.518623] docker0: port 18(vethfbba2ab) entered disabled state
[ 1387.524595] docker0: port 18(vethfbba2ab) entered disabled state
[ 1387.533116] device vethfbba2ab left promiscuous mode
[ 1387.537352] docker0: port 18(vethfbba2ab) entered disabled state
[ 1390.034167] ipip: IPv4 over IPv4 tunneling driver
[ 1390.071735] ip_set: protocol 6
[ 1390.129886] IPVS: Registered protocols (TCP, UDP, SCTP, AH, ESP)
[ 1390.134021] IPVS: Connection hash table configured (size=4096, memory=64Kbytes)
[ 1390.138376] IPVS: Creating netns size=2040 id=0
[ 1390.141394] IPVS: Creating netns size=2040 id=1
[ 1390.144382] IPVS: Creating netns size=2040 id=2
[ 1390.147373] IPVS: Creating netns size=2040 id=3
[ 1390.150969] IPVS: Creating netns size=2040 id=4
[ 1390.154325] IPVS: Creating netns size=2040 id=5
[ 1390.157403] IPVS: Creating netns size=2040 id=6
[ 1390.160543] IPVS: Creating netns size=2040 id=7
[ 1390.163709] IPVS: Creating netns size=2040 id=8
[ 1390.166888] IPVS: Creating netns size=2040 id=9
[ 1390.169802] IPVS: Creating netns size=2040 id=10
[ 1390.173430] IPVS: Creating netns size=2040 id=11
[ 1390.176763] IPVS: Creating netns size=2040 id=12
[ 1390.180049] IPVS: Creating netns size=2040 id=13
[ 1390.182946] IPVS: Creating netns size=2040 id=14
[ 1390.185683] IPVS: Creating netns size=2040 id=15
[ 1390.188465] IPVS: Creating netns size=2040 id=16
[ 1390.191499] IPVS: Creating netns size=2040 id=17
[ 1390.194451] IPVS: Creating netns size=2040 id=18
[ 1390.198809] IPVS: Creating netns size=2040 id=19
[ 1390.201945] IPVS: ipvs loaded.
[ 1395.746728] docker0: port 18(veth18e642a) entered blocking state
[ 1395.751392] docker0: port 18(veth18e642a) entered disabled state
[ 1395.755577] device veth18e642a entered promiscuous mode
[ 1395.759939] IPv6: ADDRCONF(NETDEV_UP): veth18e642a: link is not ready
[ 1395.763638] docker0: port 18(veth18e642a) entered blocking state
[ 1395.767479] docker0: port 18(veth18e642a) entered forwarding state
[ 1395.771815] docker0: port 18(veth18e642a) entered disabled state
[ 1395.806592] IPVS: Creating netns size=2040 id=20
[ 1395.879669] IPv6: ADDRCONF(NETDEV_CHANGE): veth18e642a: link becomes ready
[ 1395.883790] docker0: port 18(veth18e642a) entered blocking state
[ 1395.886973] docker0: port 18(veth18e642a) entered forwarding state
[ 1396.677887] docker0: port 18(veth18e642a) entered disabled state
[ 1396.684566] docker0: port 18(veth18e642a) entered disabled state
[ 1396.691827] device veth18e642a left promiscuous mode
[ 1396.694815] docker0: port 18(veth18e642a) entered disabled state
[ 1396.795328] docker0: port 18(vethafd38bb) entered blocking state
[ 1396.799064] docker0: port 18(vethafd38bb) entered disabled state
[ 1396.803269] device vethafd38bb entered promiscuous mode
[ 1396.807039] IPv6: ADDRCONF(NETDEV_UP): vethafd38bb: link is not ready
[ 1396.810808] docker0: port 18(vethafd38bb) entered blocking state
[ 1396.813992] docker0: port 18(vethafd38bb) entered forwarding state
[ 1396.848626] IPVS: Creating netns size=2040 id=21
[ 1396.939724] IPVS: Creating netns size=2040 id=22
[ 1396.953616] IPv6: ADDRCONF(NETDEV_CHANGE): vethafd38bb: link becomes ready
[ 1397.388429] IPv6: ADDRCONF(NETDEV_UP): eth0: link is not ready
[ 1397.404157] IPv6: ADDRCONF(NETDEV_CHANGE): eth0: link becomes ready
[ 1397.870388] docker0: port 18(vethafd38bb) entered disabled state
[ 1397.892653] docker0: port 18(vethafd38bb) entered disabled state
[ 1397.900288] device vethafd38bb left promiscuous mode
[ 1397.903070] docker0: port 18(vethafd38bb) entered disabled state
[ 1398.051457] IPVS: Creating netns size=2040 id=23
[ 1398.054223] docker0: port 4(veth7fe370c) entered disabled state
[ 1398.071302] docker0: port 4(veth7fe370c) entered disabled state
[ 1398.078992] device veth7fe370c left promiscuous mode
[ 1398.081977] docker0: port 4(veth7fe370c) entered disabled state
[ 1398.216556] docker0: port 3(vethd75ff3f) entered disabled state
[ 1398.221474] docker0: port 3(vethd75ff3f) entered disabled state
[ 1398.229402] device vethd75ff3f left promiscuous mode
[ 1398.232653] docker0: port 3(vethd75ff3f) entered disabled state
[ 1398.519668] IPv6: ADDRCONF(NETDEV_UP): eth0: link is not ready
[ 1398.538495] IPv6: ADDRCONF(NETDEV_CHANGE): eth0: link becomes ready
[ 1398.743264] docker0: port 2(veth7715cfb) entered disabled state
[ 1398.763539] docker0: port 2(veth7715cfb) entered disabled state
[ 1398.773821] device veth7715cfb left promiscuous mode
[ 1398.777032] docker0: port 2(veth7715cfb) entered disabled state
[ 1398.916596] docker0: port 1(veth82ee36f) entered disabled state
[ 1398.924586] docker0: port 1(veth82ee36f) entered disabled state
[ 1398.934248] device veth82ee36f left promiscuous mode
[ 1398.938261] docker0: port 1(veth82ee36f) entered disabled state
[ 1403.490969] docker0: port 1(vethf975c41) entered blocking state
[ 1403.495191] docker0: port 1(vethf975c41) entered disabled state
[ 1403.499943] device vethf975c41 entered promiscuous mode
[ 1403.504282] IPv6: ADDRCONF(NETDEV_UP): vethf975c41: link is not ready
[ 1403.508656] docker0: port 1(vethf975c41) entered blocking state
[ 1403.512875] docker0: port 1(vethf975c41) entered forwarding state
[ 1403.517557] docker0: port 1(vethf975c41) entered disabled state
[ 1403.564222] IPVS: Creating netns size=2040 id=24
[ 1403.631655] IPv6: ADDRCONF(NETDEV_CHANGE): vethf975c41: link becomes ready
[ 1403.636339] docker0: port 1(vethf975c41) entered blocking state
[ 1403.641268] docker0: port 1(vethf975c41) entered forwarding state
[ 1417.348869] FS-Cache: Loaded
[ 1417.371565] RPC: Registered named UNIX socket transport module.
[ 1417.375389] RPC: Registered udp transport module.
[ 1417.378622] RPC: Registered tcp transport module.
[ 1417.381594] RPC: Registered tcp NFSv4.1 backchannel transport module.
[ 1417.409789] FS-Cache: Netfs 'nfs' registered for caching
[ 1417.418863] Key type dns_resolver registered
[ 1417.448524] NFS: Registering the id_resolver key type
[ 1417.451561] Key type id_resolver registered
[ 1417.454156] Key type id_legacy registered
[ 1531.300339] docker0: port 1(vethf975c41) entered disabled state
[ 1531.307932] docker0: port 1(vethf975c41) entered disabled state
[ 1531.316273] device vethf975c41 left promiscuous mode
[ 1531.319705] docker0: port 1(vethf975c41) entered disabled state
[ 1531.544962] docker0: port 1(veth03359a4) entered blocking state
[ 1531.549909] docker0: port 1(veth03359a4) entered disabled state
[ 1531.554972] device veth03359a4 entered promiscuous mode
[ 1531.560259] IPv6: ADDRCONF(NETDEV_UP): veth03359a4: link is not ready
[ 1531.565086] docker0: port 1(veth03359a4) entered blocking state
[ 1531.569710] docker0: port 1(veth03359a4) entered forwarding state
[ 1531.606636] IPVS: Creating netns size=2040 id=25
[ 1531.680603] IPv6: ADDRCONF(NETDEV_CHANGE): veth03359a4: link becomes ready
[ 1532.833111] docker0: port 2(vethab3d5b8) entered blocking state
[ 1532.838215] docker0: port 2(vethab3d5b8) entered disabled state
[ 1532.843680] device vethab3d5b8 entered promiscuous mode
[ 1532.848553] IPv6: ADDRCONF(NETDEV_UP): vethab3d5b8: link is not ready
[ 1532.852853] docker0: port 2(vethab3d5b8) entered blocking state
[ 1532.856884] docker0: port 2(vethab3d5b8) entered forwarding state
[ 1532.862358] docker0: port 2(vethab3d5b8) entered disabled state
[ 1532.907883] IPVS: Creating netns size=2040 id=26
[ 1532.983770] IPv6: ADDRCONF(NETDEV_CHANGE): vethab3d5b8: link becomes ready
[ 1532.989257] docker0: port 2(vethab3d5b8) entered blocking state
[ 1532.997892] docker0: port 2(vethab3d5b8) entered forwarding state
[ 1535.553146] docker0: port 3(veth8cdfc66) entered blocking state
[ 1535.558360] docker0: port 3(veth8cdfc66) entered disabled state
[ 1535.563542] device veth8cdfc66 entered promiscuous mode
[ 1535.568835] IPv6: ADDRCONF(NETDEV_UP): veth8cdfc66: link is not ready
[ 1535.628359] IPVS: Creating netns size=2040 id=27
[ 1535.699792] IPv6: ADDRCONF(NETDEV_CHANGE): veth8cdfc66: link becomes ready
[ 1535.705045] docker0: port 3(veth8cdfc66) entered blocking state
[ 1535.709512] docker0: port 3(veth8cdfc66) entered forwarding state
[ 1536.380250] docker0: port 3(veth8cdfc66) entered disabled state
[ 1536.386777] docker0: port 3(veth8cdfc66) entered disabled state
[ 1536.396697] device veth8cdfc66 left promiscuous mode
[ 1536.401632] docker0: port 3(veth8cdfc66) entered disabled state
[ 1536.515738] docker0: port 3(veth7777640) entered blocking state
[ 1536.520843] docker0: port 3(veth7777640) entered disabled state
[ 1536.537237] device veth7777640 entered promiscuous mode
[ 1536.542487] IPv6: ADDRCONF(NETDEV_UP): veth7777640: link is not ready
[ 1536.547453] docker0: port 3(veth7777640) entered blocking state
[ 1536.552187] docker0: port 3(veth7777640) entered forwarding state
[ 1536.558751] docker0: port 3(veth7777640) entered disabled state
[ 1536.592274] IPVS: Creating netns size=2040 id=28
[ 1536.664740] IPv6: ADDRCONF(NETDEV_CHANGE): veth7777640: link becomes ready
[ 1536.670128] docker0: port 3(veth7777640) entered blocking state
[ 1536.673832] docker0: port 3(veth7777640) entered forwarding state
[ 1537.568927] docker0: port 3(veth7777640) entered disabled state
[ 1537.575732] docker0: port 3(veth7777640) entered disabled state
[ 1537.584300] device veth7777640 left promiscuous mode
[ 1537.587829] docker0: port 3(veth7777640) entered disabled state
[ 1537.731687] docker0: port 3(vethd1b27cc) entered blocking state
[ 1537.736767] docker0: port 3(vethd1b27cc) entered disabled state
[ 1537.741014] device vethd1b27cc entered promiscuous mode
[ 1537.745260] IPv6: ADDRCONF(NETDEV_UP): vethd1b27cc: link is not ready
[ 1537.750023] docker0: port 3(vethd1b27cc) entered blocking state
[ 1537.754516] docker0: port 3(vethd1b27cc) entered forwarding state
[ 1537.791186] IPVS: Creating netns size=2040 id=29
[ 1537.860691] IPv6: ADDRCONF(NETDEV_CHANGE): vethd1b27cc: link becomes ready
[ 1538.592964] docker0: port 3(vethd1b27cc) entered disabled state
[ 1538.600962] docker0: port 3(vethd1b27cc) entered disabled state
[ 1538.610218] device vethd1b27cc left promiscuous mode
[ 1538.614219] docker0: port 3(vethd1b27cc) entered disabled state
[ 1538.707753] docker0: port 3(veth829928c) entered blocking state
[ 1538.714930] docker0: port 3(veth829928c) entered disabled state
[ 1538.720029] device veth829928c entered promiscuous mode
[ 1538.726196] IPv6: ADDRCONF(NETDEV_UP): veth829928c: link is not ready
[ 1538.734891] docker0: port 3(veth829928c) entered blocking state
[ 1538.741192] docker0: port 3(veth829928c) entered forwarding state
[ 1538.781094] IPVS: Creating netns size=2040 id=30
[ 1538.858680] IPv6: ADDRCONF(NETDEV_CHANGE): veth829928c: link becomes ready
[ 1539.631852] docker0: port 3(veth829928c) entered disabled state
[ 1539.638928] docker0: port 3(veth829928c) entered disabled state
[ 1539.647913] device veth829928c left promiscuous mode
[ 1539.651508] docker0: port 3(veth829928c) entered disabled state
[ 1539.803195] docker0: port 2(vethab3d5b8) entered disabled state
[ 1539.824489] docker0: port 2(vethab3d5b8) entered disabled state
[ 1539.833906] device vethab3d5b8 left promiscuous mode
[ 1539.840221] docker0: port 2(vethab3d5b8) entered disabled state
[ 1541.881362] docker0: port 1(veth03359a4) entered disabled state
[ 1541.886248] docker0: port 1(veth03359a4) entered disabled state
[ 1541.894886] device veth03359a4 left promiscuous mode
[ 1541.898426] docker0: port 1(veth03359a4) entered disabled state
[ 1547.128945] docker0: port 1(vethcdc7abc) entered blocking state
[ 1547.133749] docker0: port 1(vethcdc7abc) entered disabled state
[ 1547.138909] device vethcdc7abc entered promiscuous mode
[ 1547.142759] IPv6: ADDRCONF(NETDEV_UP): vethcdc7abc: link is not ready
[ 1547.146767] docker0: port 1(vethcdc7abc) entered blocking state
[ 1547.150648] docker0: port 1(vethcdc7abc) entered forwarding state
[ 1547.155969] docker0: port 1(vethcdc7abc) entered disabled state
[ 1547.209440] IPVS: Creating netns size=2040 id=31
[ 1547.292179] IPv6: ADDRCONF(NETDEV_CHANGE): vethcdc7abc: link becomes ready
[ 1547.296945] docker0: port 1(vethcdc7abc) entered blocking state
[ 1547.301241] docker0: port 1(vethcdc7abc) entered forwarding state
[ 1586.392502] docker0: port 1(vethcdc7abc) entered disabled state
[ 1586.406514] device vethcdc7abc left promiscuous mode
[ 1586.415152] docker0: port 1(vethcdc7abc) entered disabled state
[ 1586.572488] docker0: port 1(veth72897c2) entered blocking state
[ 1586.578372] docker0: port 1(veth72897c2) entered disabled state
[ 1586.583484] device veth72897c2 entered promiscuous mode
[ 1586.587297] IPv6: ADDRCONF(NETDEV_UP): veth72897c2: link is not ready
[ 1586.592400] docker0: port 1(veth72897c2) entered blocking state
[ 1586.596111] docker0: port 1(veth72897c2) entered forwarding state
[ 1586.632628] IPVS: Creating netns size=2040 id=32
[ 1586.702638] IPv6: ADDRCONF(NETDEV_CHANGE): veth72897c2: link becomes ready
[ 2079.188993] docker0: port 1(veth72897c2) entered disabled state
[ 2079.212494] docker0: port 1(veth72897c2) entered disabled state
[ 2079.221203] device veth72897c2 left promiscuous mode
[ 2079.224781] docker0: port 1(veth72897c2) entered disabled state
[ 2079.526642] docker0: port 1(vethd7b7b13) entered blocking state
[ 2079.531233] docker0: port 1(vethd7b7b13) entered disabled state
[ 2079.536592] device vethd7b7b13 entered promiscuous mode
[ 2079.543241] IPv6: ADDRCONF(NETDEV_UP): vethd7b7b13: link is not ready
[ 2079.547498] docker0: port 1(vethd7b7b13) entered blocking state
[ 2079.551037] docker0: port 1(vethd7b7b13) entered forwarding state
[ 2079.591494] IPVS: Creating netns size=2040 id=33
[ 2079.712304] IPv6: ADDRCONF(NETDEV_CHANGE): vethd7b7b13: link becomes ready
[ 2154.627732] docker0: port 2(veth35fdc99) entered blocking state
[ 2154.632022] docker0: port 2(veth35fdc99) entered disabled state
[ 2154.636044] device veth35fdc99 entered promiscuous mode
[ 2154.640172] IPv6: ADDRCONF(NETDEV_UP): veth35fdc99: link is not ready
[ 2154.645166] docker0: port 2(veth35fdc99) entered blocking state
[ 2154.650258] docker0: port 2(veth35fdc99) entered forwarding state
[ 2154.655612] docker0: port 2(veth35fdc99) entered disabled state
[ 2154.704972] IPVS: Creating netns size=2040 id=34
[ 2154.783675] IPv6: ADDRCONF(NETDEV_CHANGE): veth35fdc99: link becomes ready
[ 2154.788117] docker0: port 2(veth35fdc99) entered blocking state
[ 2154.794140] docker0: port 2(veth35fdc99) entered forwarding state
[ 2157.333114] docker0: port 16(veth701fa30) entered disabled state
[ 2157.341234] docker0: port 16(veth701fa30) entered disabled state
[ 2157.351292] device veth701fa30 left promiscuous mode
[ 2157.354946] docker0: port 16(veth701fa30) entered disabled state
[ 2157.408691] docker0: port 17(veth476f79e) entered disabled state
[ 2157.429568] docker0: port 17(veth476f79e) entered disabled state
[ 2157.438414] device veth476f79e left promiscuous mode
[ 2157.442062] docker0: port 17(veth476f79e) entered disabled state
[ 2157.511603] docker0: port 3(veth7203e6b) entered blocking state
[ 2157.516470] docker0: port 3(veth7203e6b) entered disabled state
[ 2157.522012] device veth7203e6b entered promiscuous mode
[ 2157.526470] IPv6: ADDRCONF(NETDEV_UP): veth7203e6b: link is not ready
[ 2157.531444] docker0: port 3(veth7203e6b) entered blocking state
[ 2157.536114] docker0: port 3(veth7203e6b) entered forwarding state
[ 2157.629980] docker0: port 4(veth578c48c) entered blocking state
[ 2157.635144] docker0: port 4(veth578c48c) entered disabled state
[ 2157.640379] device veth578c48c entered promiscuous mode
[ 2157.648438] IPv6: ADDRCONF(NETDEV_UP): veth578c48c: link is not ready
[ 2157.653946] docker0: port 4(veth578c48c) entered blocking state
[ 2157.658966] docker0: port 4(veth578c48c) entered forwarding state
[ 2157.673539] IPVS: Creating netns size=2040 id=35
[ 2157.730503] IPVS: Creating netns size=2040 id=36
[ 2157.755726] IPv6: ADDRCONF(NETDEV_CHANGE): veth7203e6b: link becomes ready
[ 2157.761104] docker0: port 4(veth578c48c) entered disabled state
[ 2157.832746] IPv6: ADDRCONF(NETDEV_CHANGE): veth578c48c: link becomes ready
[ 2157.837591] docker0: port 4(veth578c48c) entered blocking state
[ 2157.842012] docker0: port 4(veth578c48c) entered forwarding state
[ 2165.856925] docker0: port 16(veth15ac9b4) entered blocking state
[ 2165.861276] docker0: port 16(veth15ac9b4) entered disabled state
[ 2165.865285] device veth15ac9b4 entered promiscuous mode
[ 2165.869733] IPv6: ADDRCONF(NETDEV_UP): veth15ac9b4: link is not ready
[ 2165.905877] IPVS: Creating netns size=2040 id=37
[ 2165.976622] IPv6: ADDRCONF(NETDEV_CHANGE): veth15ac9b4: link becomes ready
[ 2165.981430] docker0: port 16(veth15ac9b4) entered blocking state
[ 2165.985404] docker0: port 16(veth15ac9b4) entered forwarding state
[ 2166.621842] docker0: port 16(veth15ac9b4) entered disabled state
[ 2166.627793] docker0: port 16(veth15ac9b4) entered disabled state
[ 2166.636045] device veth15ac9b4 left promiscuous mode
[ 2166.639224] docker0: port 16(veth15ac9b4) entered disabled state
[ 2166.735274] docker0: port 16(veth534f9e1) entered blocking state
[ 2166.739207] docker0: port 16(veth534f9e1) entered disabled state
[ 2166.746970] device veth534f9e1 entered promiscuous mode
[ 2166.750275] IPv6: ADDRCONF(NETDEV_UP): veth534f9e1: link is not ready
[ 2166.754368] docker0: port 16(veth534f9e1) entered blocking state
[ 2166.758075] docker0: port 16(veth534f9e1) entered forwarding state
[ 2166.832915] IPVS: Creating netns size=2040 id=38
[ 2166.856096] docker0: port 16(veth534f9e1) entered disabled state
[ 2166.910570] IPv6: ADDRCONF(NETDEV_CHANGE): veth534f9e1: link becomes ready
[ 2166.915009] docker0: port 16(veth534f9e1) entered blocking state
[ 2166.918456] docker0: port 16(veth534f9e1) entered forwarding state
[ 2167.751885] docker0: port 16(veth534f9e1) entered disabled state
[ 2167.759169] docker0: port 16(veth534f9e1) entered disabled state
[ 2167.766696] device veth534f9e1 left promiscuous mode
[ 2167.769978] docker0: port 16(veth534f9e1) entered disabled state
[ 2167.927200] docker0: port 16(vethbf33603) entered blocking state
[ 2167.931876] docker0: port 16(vethbf33603) entered disabled state
[ 2167.936763] device vethbf33603 entered promiscuous mode
[ 2167.940985] IPv6: ADDRCONF(NETDEV_UP): vethbf33603: link is not ready
[ 2167.944727] docker0: port 16(vethbf33603) entered blocking state
[ 2167.948290] docker0: port 16(vethbf33603) entered forwarding state
[ 2167.985215] IPVS: Creating netns size=2040 id=39
[ 2168.060762] IPv6: ADDRCONF(NETDEV_CHANGE): vethbf33603: link becomes ready
[ 2168.855860] docker0: port 16(vethbf33603) entered disabled state
[ 2168.859996] docker0: port 16(vethbf33603) entered disabled state
[ 2168.868437] device vethbf33603 left promiscuous mode
[ 2168.873170] docker0: port 16(vethbf33603) entered disabled state
[ 2168.966781] docker0: port 16(veth33241e6) entered blocking state
[ 2168.971335] docker0: port 16(veth33241e6) entered disabled state
[ 2168.976263] device veth33241e6 entered promiscuous mode
[ 2168.980783] IPv6: ADDRCONF(NETDEV_UP): veth33241e6: link is not ready
